game over, winner: Dheirav Prakash
rail era scored: Dheirav Prakash +123 VP (132), Bot 1 +96 VP (116), Bot 2 +76 VP (115), Bot 3 +96 VP (124)
Bot 2 took a £30 loan (income −3 levels) · card: cotton / manufacturer
Bot 2 built manufacturer 2 at Redditch · card: cotton / manufacturer
Bot 1 sold at Birmingham (beer: merchant at Gloucester) · card: Stoke-on-Trent
Bot 1 built manufacturer 4 at Birmingham · card: cotton / manufacturer
Bot 3 built coal 4 at Cannock · card: Wild Industry
Bot 3 linked Stafford–Cannock · card: Wolverhampton
Dheirav Prakash sold at Leek (beer: merchant at Oxford), Derby (beer: merchant at Oxford), Worcester (beer: merchant at Gloucester) · card: Birmingham
Dheirav Prakash built cotton 4 at Worcester · card: Worcester
Round 15 income, Dheirav Prakash +£8, Bot 1 +£18, Bot 2 +£0, Bot 3 +£16
Bot 3 sold at Wolverhampton (beer: merchant at Nottingham), Stafford (beer: merchant at Warrington) · card: Stoke-on-Trent
Bot 3 built manufacturer 2 at Wolverhampton · card: cotton / manufacturer
Dheirav Prakash developed cotton + cotton · card: Belper
Dheirav Prakash took a £30 loan (income −3 levels) · card: Cannock
Bot 1 sold at Birmingham, Walsall (beer: Bot 1's brewery at Coalbrookdale) · card: cotton / manufacturer
Bot 1 built manufacturer 3 at Birmingham · card: cotton / manufacturer
Bot 2 built cotton 3 at Belper · card: Belper
Bot 2 took a £30 loan (income −3 levels) · card: Leek
Round 14 income, Dheirav Prakash +£11, Bot 1 +£14, Bot 2 +£3, Bot 3 +£14
Dheirav Prakash built cotton 3 at Leek · card: cotton / manufacturer
Dheirav Prakash linked Leek–Belper · card: Wolverhampton
Dheirav Prakash undid their first action.
Dheirav Prakash undid their first action.
Bot 2 linked Dudley–Kidderminster · card: Redditch
Bot 2 built coal 2 at Nuneaton · card: coal
Bot 1 built iron 3 at Walsall · card: iron
Bot 1 linked Tamworth–Nuneaton and Burton-upon-Trent–Tamworth · card: brewery
Bot 3 built pottery 1 at Stafford · card: Wild Location
Bot 3 linked Stoke-on-Trent–Leek and Warrington–Stoke-on-Trent · card: Birmingham
Round 13 income, Dheirav Prakash +£11, Bot 1 +£9, Bot 2 −£1, Bot 3 +£11
Bot 3 scouted for wild cards · cards: iron, pottery, pottery
Bot 3 built coal 3 at Wolverhampton · card: coal
Bot 1 linked Birmingham–Worcester and Tamworth–Birmingham · card: brewery
Bot 1 took a £30 loan (income −3 levels) · card: Coalbrookdale
Bot 2 linked Nuneaton–Coventry and Nuneaton–Birmingham · card: Tamworth
Bot 2 took a £30 loan (income −3 levels) · card: Cannock
Dheirav Prakash built cotton 3 at Derby · card: Derby
Dheirav Prakash linked Stone–Stafford and Stoke-on-Trent–Stone · card: Leek
Round 12 income, Dheirav Prakash +£9, Bot 1 +£12, Bot 2 +£2, Bot 3 +£9
Dheirav Prakash developed cotton + cotton · card: Birmingham
Dheirav Prakash took a £30 loan (income −3 levels) · card: Stafford
Dheirav Prakash undid their first action.
Bot 1 built brewery 4 at Coalbrookdale · card: brewery
Bot 1 linked Birmingham–Redditch · card: Coalbrookdale
Bot 2 sold at Birmingham (beer: Bot 1's brewery at Burton-upon-Trent), Coventry (beer: Bot 3's brewery at Farm Brewery (S)) · card: Kidderminster
Bot 2 built cotton 2 at Birmingham · card: cotton / manufacturer
Bot 3 linked Wolverhampton–Coalbrookdale and Wolverhampton–Dudley · card: Coalbrookdale
Bot 3 took a £30 loan (income −3 levels) · card: Stoke-on-Trent
Round 11 income, Dheirav Prakash +£9, Bot 1 +£6, Bot 2 −£5, Bot 3 +£6
Bot 3 built brewery 2 at Farm Brewery (S) · card: brewery
Bot 3 linked Kidderminster–Worcester · card: Walsall
Bot 2 linked Redditch–Oxford and Redditch–Gloucester · card: brewery
Bot 2 took a £30 loan (income −3 levels) · card: pottery
Bot 1 built brewery 3 at Stafford · card: Stafford
Bot 1 built iron 2 at Walsall · card: iron
Dheirav Prakash built brewery 3 at Nuneaton · card: Nuneaton
Dheirav Prakash linked Belper–Derby and Cannock–Walsall · card: Coventry
Round 10 income, Dheirav Prakash +£5, Bot 1 +£3, Bot 2 −£2, Bot 3 +£6
Dheirav Prakash took a £30 loan (income −3 levels) · card: Coventry
Dheirav Prakash linked Stone–Burton-upon-Trent and Burton-upon-Trent–Cannock · card: Stone
Bot 1 linked Birmingham–Walsall and Birmingham–Dudley · card: Burton-upon-Trent
Bot 1 took a £30 loan (income −3 levels) · card: Dudley
Bot 3 built coal 3 at Coalbrookdale · card: coal
Bot 3 linked Coalbrookdale–Kidderminster and Coalbrookdale–Shrewsbury · card: Dudley
Bot 2 built pottery 1 at Coventry · card: Coventry
Bot 2 linked Coventry–Birmingham · card: Kidderminster
Round 9 income, Dheirav Prakash +£5, Bot 1 +£2, Bot 2 −£2, Bot 3 −£1
Bot 1 built brewery 3 at Burton-upon-Trent · card: Burton-upon-Trent
Bot 1 built brewery 2 at Stone · card: Stone
Bot 3 took a £30 loan (income −3 levels) · card: Uttoxeter
Bot 3 built brewery 2 at Uttoxeter · card: Uttoxeter
Bot 2 linked Birmingham–Oxford · card: iron
Bot 2 took a £30 loan (income −3 levels) · card: Worcester
Dheirav Prakash linked Uttoxeter–Stone and Derby–Nottingham · card: Derby
Dheirav Prakash linked Derby–Burton-upon-Trent and Derby–Uttoxeter · card: Derby
rail era begins: level-1 tiles and canal links removed, new deck dealt
canal era scored: Dheirav Prakash +9 VP (9), Bot 1 +20 VP (20), Bot 2 +39 VP (39), Bot 3 +25 VP (25)
Round 8 income, Dheirav Prakash +£0, Bot 1 +£2, Bot 2 +£1, Bot 3 +£2
Dheirav Prakash took a £30 loan (income −3 levels) · card: pottery
Dheirav Prakash developed cotton + cotton · card: Belper
Bot 3 linked Coalbrookdale–Shrewsbury · card: cotton / manufacturer
Bot 3 built coal 2 at Leek · card: Wild Industry
Bot 2 linked Birmingham–Worcester · card: cotton / manufacturer
Bot 2 linked Coventry–Birmingham · card: cotton / manufacturer
Bot 1 built manufacturer 2 at Walsall · card: cotton / manufacturer
Bot 1 linked Birmingham–Walsall · card: cotton / manufacturer
Round 7 income, Dheirav Prakash +£2, Bot 1 +£2, Bot 2 +£1, Bot 3 +£2
Bot 2 developed cotton + cotton · card: Cannock
Bot 2 developed cotton + cotton · card: Stafford
Bot 3 built iron 4 at Coalbrookdale · card: iron
Bot 3 linked Coalbrookdale–Kidderminster · card: Stone
Dheirav Prakash built coal 3 at Dudley · card: Dudley
Dheirav Prakash built iron 2 at Stoke-on-Trent · card: Stoke-on-Trent
Bot 1 sold at Birmingham (beer: Bot 1's brewery at Coalbrookdale) · card: coal
Bot 1 took a £30 loan (income −3 levels) · card: pottery
Round 6 income, Dheirav Prakash −£3, Bot 1 +£0, Bot 2 +£1, Bot 3 +£2
Bot 1 built brewery 2 at Coalbrookdale · card: Coalbrookdale
Bot 1 developed brewery + brewery · card: Birmingham
Dheirav Prakash built coal 3 at Burton-upon-Trent · card: Burton-upon-Trent
Dheirav Prakash took a £30 loan (income −3 levels) · card: cotton / manufacturer
Bot 2 built iron 4 at Dudley · card: Wild Industry
Bot 2 linked Birmingham–Dudley · card: Uttoxeter
Bot 3 built iron 3 at Coventry · card: Wild Location
Bot 3 scouted for wild cards · cards: Redditch, brewery, Stoke-on-Trent
Round 5 income, Dheirav Prakash +£0, Bot 1 +£0, Bot 2 +£1, Bot 3 +£1
Dheirav Prakash built brewery 2 at Derby · card: brewery
Dheirav Prakash built brewery 2 at Uttoxeter · card: Uttoxeter
Bot 1 built coal 3 at Stone · card: Stone
Bot 1 built manufacturer 2 at Birmingham · card: Birmingham
Bot 3 built coal 2 at Kidderminster · card: Kidderminster
Bot 3 took a £30 loan (income −3 levels) · card: Coalbrookdale
Bot 2 developed brewery + brewery · card: Walsall
Bot 2 built iron 3 at Birmingham · card: iron
Round 4 income, Dheirav Prakash +£0, Bot 1 +£0, Bot 2 −£1, Bot 3 +£4
Bot 2 linked Birmingham–Oxford · card: brewery
Bot 2 took a £30 loan (income −3 levels) · card: Burton-upon-Trent
Dheirav Prakash developed cotton + brewery · card: Derby
Dheirav Prakash built coal 2 at Cannock · card: Cannock
Bot 3 developed brewery + brewery · card: Stafford
