game over, winner: Dheirav Prakash
rail era scored: Dheirav Prakash +114 VP (128), Bot 1 +90 VP (118), Bot 2 +82 VP (109), Bot 3 +78 VP (106)
Bot 1 sold at Birmingham (beer: merchant at Gloucester) · card: brewery
Bot 1 built manufacturer 2 at Birmingham · card: cotton / manufacturer
Bot 3 took a £30 loan (income −3 levels) · card: iron
Bot 3 took a £30 loan (income −3 levels) · card: Birmingham
Dheirav Prakash sold at Stoke-on-Trent (beer: merchant at Oxford) · card: Birmingham
Dheirav Prakash built cotton 3 at Stoke-on-Trent · card: Stoke-on-Trent
Bot 2 linked Redditch–Oxford · card: cotton / manufacturer
Bot 2 linked Nuneaton–Tamworth · card: Birmingham
Bot 1 linked Birmingham–Worcester · card: iron
Bot 1 linked Birmingham–Nuneaton and Birmingham–Tamworth · card: Worcester
Dheirav Prakash sold at Kidderminster (beer: merchant at Gloucester), Worcester (beer: merchant at Gloucester) · card: Coventry
Dheirav Prakash built brewery 3 at Brewery (S) · card: brewery
Bot 2 took a £30 loan (income −3 levels) · card: Leek
Bot 2 built coal 2 at Tamworth · card: Tamworth
Bot 3 linked Gloucester–Worcester · card: Stoke-on-Trent
Bot 3 linked Belper–Leek · card: Burton-on-Trent
Bot 3 sold at Nuneaton (beer: merchant at Warrington), Redditch (beer: merchant at Gloucester) · card: Wolverhampton
Bot 3 linked Gloucester–Redditch · card: Belper
Dheirav Prakash took a £30 loan (income −3 levels) · card: Coalbrookdale
Dheirav Prakash built cotton 3 at Worcester · card: Worcester
Bot 2 sold at Belper (beer: merchant at Warrington) · card: brewery
Bot 2 built pottery 1 at Belper · card: pottery
Bot 1 built coal 3 at Leek · card: Leek
Bot 1 linked Stoke-on-Trent–Warrington and Leek–Stoke-on-Trent · card: Derby
Bot 3 linked Birmingham–Dudley and Tamworth–Walsall · card: Burton-on-Trent
Bot 3 built brewery 3 at Uttoxeter · card: brewery
Bot 2 took a £30 loan (income −3 levels) · card: Coventry
Bot 2 built iron 2 at Dudley · card: Dudley
Bot 1 linked Dudley–Kidderminster · card: Coalbrookdale
Bot 1 developed brewery + brewery · card: Derby
Dheirav Prakash linked Kidderminster–Worcester–Brewery (S) · card: Nuneaton
Dheirav Prakash built cotton 2 at Kidderminster · card: Kidderminster
Bot 2 sold at Belper (beer: merchant at Oxford) · card: Cannock
Bot 2 linked Birmingham–Oxford · card: cotton / manufacturer
Dheirav Prakash developed cotton + cotton · card: Redditch
Dheirav Prakash developed cotton + cotton · card: Uttoxeter
Bot 1 took a £30 loan (income −3 levels) · card: Stone
Bot 1 linked Coventry–Nuneaton · card: Cannock
Bot 3 linked Dudley–Wolverhampton · card: Derby
Bot 3 built coal 3 at Dudley · card: Dudley
Bot 1 built iron 4 at Stoke-on-Trent · card: Stoke-on-Trent
Bot 1 linked Stoke-on-Trent–Stone · card: iron
Dheirav Prakash built coal 3 at Stone · card: Stone
Dheirav Prakash built iron 3 at Derby · card: iron
Bot 3 built coal 2 at Belper · card: Belper
Bot 3 built coal 2 at Kidderminster · card: Kidderminster
Bot 2 linked Belper–Derby and Burton-on-Trent–Tamworth · card: pottery
Bot 2 took a £30 loan (income −3 levels) · card: cotton / manufacturer
Dheirav Prakash linked Burton-on-Trent–Stone and Stafford–Stone · card: coal
Dheirav Prakash built coal 3 at Burton-on-Trent · card: coal
Bot 2 built brewery 2 at Brewery (N) · card: brewery
Bot 2 linked Cannock–Brewery (N) · card: cotton / manufacturer
Bot 1 built coal 2 at Coventry · card: Coventry
Bot 1 linked Coalbrookdale–Kidderminster and Birmingham–Coventry · card: Wolverhampton
Bot 3 linked Cannock–Stafford and Cannock–Wolverhampton · card: Uttoxeter
Bot 3 took a £30 loan (income −3 levels) · card: Walsall
Bot 3 built brewery 2 at Stafford · card: Stafford
Bot 3 sold at Derby (beer: merchant at Shrewsbury) · card: Stafford
Dheirav Prakash linked Stone–Uttoxeter and Burton-on-Trent–Derby · card: coal
Dheirav Prakash linked Derby–Nottingham and Derby–Uttoxeter · card: pottery
Bot 2 linked Birmingham–Walsall and Burton-on-Trent–Cannock · card: cotton / manufacturer
Bot 2 linked Cannock–Walsall and Walsall–Wolverhampton · card: cotton / manufacturer
Bot 1 linked Coalbrookdale–Shrewsbury and Coalbrookdale–Wolverhampton · card: cotton / manufacturer
Bot 1 built coal 2 at Coalbrookdale · card: Coalbrookdale
canal era scored: Dheirav Prakash +14 VP (14), Bot 1 +28 VP (28), Bot 2 +27 VP (27), Bot 3 +24 VP (24)
Bot 3 built manufacturer 3 at Redditch · card: cotton / manufacturer
Bot 3 linked Redditch–Oxford · card: Coalbrookdale
Bot 2 took a £30 loan (income −3 levels) · card: cotton / manufacturer
Bot 2 linked Coalbrookdale–Kidderminster · card: Leek
Bot 1 took a £30 loan (income −3 levels) · card: cotton / manufacturer
Bot 1 linked Stoke-on-Trent–Stone · card: wild_industry
Dheirav Prakash took a £30 loan (income −3 levels) · card: Dudley
Dheirav Prakash built iron 2 at Coalbrookdale · card: wild_industry
Bot 3 linked Walsall–Wolverhampton · card: Birmingham
Bot 3 took a £30 loan (income −3 levels) · card: iron
Bot 2 sold at Wolverhampton (beer: merchant at Shrewsbury) · card: Dudley
Bot 2 linked Coalbrookdale–Shrewsbury · card: coal
Bot 1 sold at Stoke-on-Trent (beer: merchant at Warrington) · card: brewery
Bot 1 linked Stoke-on-Trent–Warrington · card: Derby
Dheirav Prakash took a £30 loan (income −3 levels) · card: iron
Dheirav Prakash linked Coalbrookdale–Wolverhampton · card: Burton-on-Trent
Bot 1 built iron 3 at Coventry · card: wild_location
Bot 1 scouted for wild cards · card: Leek
Bot 3 built brewery 2 at Uttoxeter · card: Uttoxeter
Bot 3 developed brewery + brewery · card: Stafford
Dheirav Prakash built coal 2 at Wolverhampton · card: wild_location
Dheirav Prakash scouted for wild cards · card: Stoke-on-Trent
Bot 2 built manufacturer 2 at Wolverhampton · card: Wolverhampton
Bot 2 took a £30 loan (income −3 levels) · card: pottery
Bot 3 built manufacturer 2 at Derby · card: Derby
Bot 3 took a £30 loan (income −3 levels) · card: coal
Bot 2 built coal 2 at Cannock · card: Cannock
Bot 2 linked Birmingham–Walsall · card: Redditch
Dheirav Prakash built brewery 3 at Walsall · card: brewery
Dheirav Prakash took a £30 loan (income −3 levels) · card: cotton / manufacturer
Bot 1 developed coal + pottery · card: brewery
Bot 1 built pottery 1 at Stoke-on-Trent · card: Stoke-on-Trent
Bot 3 built manufacturer 2 at Nuneaton · card: Nuneaton
Bot 3 built iron 4 at Walsall · card: Walsall
Bot 1 took a £30 loan (income −3 levels) · card: Coalbrookdale
Bot 1 built brewery 2 at Stone · card: Stone
Bot 2 built brewery 2 at Coalbrookdale · card: Coalbrookdale
Bot 2 developed brewery + brewery · card: Stafford
Dheirav Prakash built brewery 2 at Derby · card: Derby
Dheirav Prakash linked Cannock–Walsall · card: Coventry
Bot 3 built iron 3 at Birmingham · card: Birmingham
Bot 3 developed coal + manufacturer · card: Tamworth
Bot 1 built brewery 2 at Uttoxeter · card: Uttoxeter
Bot 1 developed brewery + brewery · card: Wolverhampton
Bot 2 built manufacturer 2 at Belper · card: Belper
Bot 2 took a £30 loan (income −3 levels) · card: brewery
Dheirav Prakash built coal 2 at Cannock · card: Cannock
Dheirav Prakash took a £30 loan (income −3 levels) · card: brewery
Dheirav Prakash built brewery 2 at Burton-on-Trent · card: Burton-on-Trent
Dheirav Prakash developed brewery + brewery · card: cotton / manufacturer
Bot 1 took a £30 loan (income −3 levels) · card: Kidderminster
Bot 1 built iron 2 at Coventry · card: iron
Bot 2 built coal 1 at Coventry · card: Coventry
Bot 2 linked Birmingham–Coventry · card: Kidderminster
Bot 3 built iron 2 at Birmingham · card: iron
Bot 3 built iron 1 at Birmingham · card: Birmingham
Bot 3 linked Birmingham–Oxford · card: coal
Dheirav Prakash developed coal + iron · card: pottery
Bot 1 developed iron + manufacturer · card: cotton / manufacturer
Bot 2 developed iron + manufacturer · card: Coventry
