game over, winner: Dheirav Prakash
rail era scored: Dheirav Prakash +128 VP (147), Bot 1 +53 VP (95), Bot 2 +83 VP (98), Bot 3 +97 VP (122)
Bot 2 sold at Birmingham (beer: merchant at Warrington) · card: brewery
Bot 2 built manufacturer 2 at Birmingham · card: cotton / manufacturer
Bot 1 took a £30 loan (income −3 levels) · card: coal
Bot 1 built coal 3 at Redditch · card: Wild Industry
Dheirav Prakash sold at Stoke-on-Trent (beer: merchant at Warrington), Burton-upon-Trent · card: Coalbrookdale
Dheirav Prakash undid their second action.
Dheirav Prakash linked Warrington–Stoke-on-Trent · card: Wild Industry
Bot 3 sold at Coventry (beer: Bot 3's brewery at Farm Brewery (N)), Birmingham (beer: Bot 3's brewery at Farm Brewery (N)) · card: Kidderminster
Bot 3 built brewery 2 at Farm Brewery (N) · card: brewery
Round 15 income, Dheirav Prakash +£11, Bot 1 +£13, Bot 2 +£16, Bot 3 +£6
Bot 3 linked Cannock–Farm Brewery (N) · card: Walsall
Bot 3 linked Nuneaton–Coventry · card: pottery
Dheirav Prakash built manufacturer 3 at Burton-upon-Trent · card: Wild Location
Dheirav Prakash scouted for wild cards · cards: Tamworth, Coventry, Wolverhampton
Bot 1 linked Wolverhampton–Dudley · card: Kidderminster
Bot 1 built manufacturer 2 at Belper · card: Belper
Bot 2 built pottery 1 at Belper · card: Wild Industry
Bot 2 built coal 4 at Coventry · card: coal
Round 14 income, Dheirav Prakash +£11, Bot 1 +£13, Bot 2 +£16, Bot 3 +£6
Bot 2 built iron 2 at Coventry · card: Wild Location
Bot 2 scouted for wild cards · cards: Birmingham, cotton / manufacturer, cotton / manufacturer
Bot 3 built pottery 1 at Coventry · card: Coventry
Bot 3 took a £30 loan (income −3 levels) · card: Worcester
Dheirav Prakash linked Coventry–Birmingham · card: Coalbrookdale
Dheirav Prakash built manufacturer 2 at Stoke-on-Trent · card: Stoke-on-Trent
Dheirav Prakash undid their first action.
Bot 1 built coal 3 at Stone · card: Wild Location
Bot 1 scouted for wild cards · cards: Cannock, iron, Leek
Round 13 income, Dheirav Prakash +£11, Bot 1 +£11, Bot 2 +£15, Bot 3 +£9
Dheirav Prakash linked Stafford–Cannock · card: pottery
Dheirav Prakash developed manufacturer + manufacturer · card: Derby
Bot 1 sold at Stafford (beer: merchant at Nottingham) · card: Leek
Bot 1 built coal 2 at Dudley · card: Dudley
Bot 3 built manufacturer 2 at Birmingham · card: cotton / manufacturer
Bot 3 built coal 4 at Nuneaton · card: coal
Bot 2 linked Birmingham–Redditch and Birmingham–Dudley · card: iron
Bot 2 linked Tamworth–Birmingham and Birmingham–Worcester · card: Worcester
Round 12 income, Dheirav Prakash +£11, Bot 1 +£8, Bot 2 +£11, Bot 3 +£6
Bot 2 linked Belper–Derby · card: cotton / manufacturer
Bot 2 built brewery 2 at Stafford · card: Stafford
Bot 3 sold at Derby (beer: merchant at Oxford), Birmingham (beer: merchant at Gloucester) · card: Stone
Bot 3 built cotton 2 at Birmingham · card: cotton / manufacturer
Bot 1 built pottery 1 at Stafford · card: Stafford
Bot 1 built iron 4 at Derby · card: Derby
Dheirav Prakash linked Stone–Stafford and Stoke-on-Trent–Stone · card: Birmingham
Dheirav Prakash linked Derby–Burton-upon-Trent and Burton-upon-Trent–Cannock · card: cotton / manufacturer
Round 11 income, Dheirav Prakash +£9, Bot 1 +£8, Bot 2 +£8, Bot 3 +£1
Bot 3 built cotton 2 at Derby · card: Derby
Bot 3 took a £30 loan (income −3 levels) · card: Coventry
Dheirav Prakash took a £30 loan (income −3 levels) · card: cotton / manufacturer
Dheirav Prakash built brewery 4 at Burton-upon-Trent · card: Burton-upon-Trent
Bot 1 linked Redditch–Gloucester · card: Dudley
Bot 1 built coal 2 at Redditch · card: Redditch
Bot 2 linked Walsall–Wolverhampton and Cannock–Wolverhampton · card: brewery
Bot 2 took a £30 loan (income −3 levels) · card: brewery
Round 10 income, Dheirav Prakash +£6, Bot 1 +£5, Bot 2 +£11, Bot 3 +£4
Dheirav Prakash linked Derby–Uttoxeter and Derby–Nottingham · card: Stoke-on-Trent
Dheirav Prakash built brewery 3 at Uttoxeter · card: Uttoxeter
Bot 3 linked Birmingham–Oxford and Redditch–Oxford · card: iron
Bot 3 linked Nuneaton–Birmingham and Tamworth–Nuneaton · card: Stone
Bot 2 built brewery 2 at Nuneaton · card: Nuneaton
Bot 2 developed brewery + brewery · card: Stoke-on-Trent
Bot 1 sold at Wolverhampton (beer: merchant at Shrewsbury) · card: Uttoxeter
Bot 1 built manufacturer 2 at Wolverhampton · card: Wolverhampton
Round 9 income, Dheirav Prakash +£6, Bot 1 +£3, Bot 2 +£5, Bot 3 +£4
Bot 2 linked Wolverhampton–Coalbrookdale · card: Belper
Bot 2 linked Coalbrookdale–Kidderminster · card: Coalbrookdale
Bot 1 took a £30 loan (income −3 levels) · card: Burton-upon-Trent
Bot 1 linked Coalbrookdale–Shrewsbury · card: Birmingham
Dheirav Prakash linked Stone–Burton-upon-Trent and Uttoxeter–Stone · card: brewery
Dheirav Prakash linked Burton-upon-Trent–Tamworth and Tamworth–Walsall · card: Cannock
Bot 3 linked Cannock–Walsall and Birmingham–Walsall · card: iron
Bot 3 took a £30 loan (income −3 levels) · card: pottery
rail era begins: level-1 tiles and canal links removed, new deck dealt
canal era scored: Dheirav Prakash +19 VP (19), Bot 1 +35 VP (35), Bot 2 +15 VP (15), Bot 3 +25 VP (25)
Round 8 income, Dheirav Prakash −£3, Bot 1 +£6, Bot 2 −£2, Bot 3 +£3
Bot 1 sold at Birmingham (beer: Bot 1's brewery at Uttoxeter) · card: cotton / manufacturer
Bot 1 built brewery 1 at Uttoxeter · card: Uttoxeter
Dheirav Prakash took a £30 loan (income −3 levels) · card: Stoke-on-Trent
Dheirav Prakash linked Wolverhampton–Coalbrookdale · card: Belper
Dheirav Prakash undid their first action.
Bot 3 developed coal + coal · card: cotton / manufacturer
Bot 3 developed coal + coal · card: cotton / manufacturer
Bot 2 built coal 4 at Kidderminster · card: Wild Industry
Bot 2 linked Kidderminster–Worcester · card: cotton / manufacturer
Round 7 income, Dheirav Prakash +£0, Bot 1 +£1, Bot 2 −£2, Bot 3 +£2
Dheirav Prakash took a £30 loan (income −3 levels) · card: Stafford
Dheirav Prakash built coal 2 at Wolverhampton · card: Wolverhampton
Bot 3 developed cotton + cotton · card: cotton / manufacturer
Bot 3 linked Birmingham–Walsall · card: Uttoxeter
Bot 1 built iron 3 at Dudley · card: Dudley
Bot 1 linked Birmingham–Dudley · card: Kidderminster
Bot 2 linked Birmingham–Worcester · card: iron
Bot 2 took a £30 loan (income −3 levels) · card: Coventry
Round 6 income, Dheirav Prakash −£1, Bot 1 +£1, Bot 2 +£1, Bot 3 +£1
Bot 3 developed brewery + brewery · card: Stafford
Bot 3 built iron 4 at Redditch · card: Redditch
Dheirav Prakash built brewery 3 at Derby · card: Derby
Dheirav Prakash built brewery 2 at Walsall · card: Walsall
Bot 1 built cotton 1 at Birmingham · card: cotton / manufacturer
Bot 1 developed cotton + cotton · card: Burton-upon-Trent
Bot 2 developed iron + manufacturer · card: Derby
Bot 2 built coal 3 at Tamworth · card: Wild Location
Round 5 income, Dheirav Prakash −£3, Bot 1 −£1, Bot 2 +£1, Bot 3 +£1
Bot 2 scouted for wild cards · cards: Derby, brewery, iron
Bot 2 linked Coalbrookdale–Shrewsbury · card: coal
Dheirav Prakash took a £30 loan (income −3 levels) · card: Leek
Dheirav Prakash built brewery 2 at Stone · card: Stone
Bot 3 built iron 3 at Walsall · card: Wild Industry
Bot 3 linked Cannock–Walsall · card: Dudley
Bot 1 built iron 2 at Coalbrookdale · card: Wild Location
Bot 1 took a £30 loan (income −3 levels) · card: Wolverhampton
Round 4 income, Dheirav Prakash +£0, Bot 1 +£2, Bot 2 +£1, Bot 3 +£1
Dheirav Prakash developed brewery + brewery · card: iron
Dheirav Prakash built iron 3 at Coalbrookdale · card: Coalbrookdale
Bot 3 took a £30 loan (income −3 levels) · card: Nuneaton
Bot 3 built coal 2 at Cannock · card: Cannock
Bot 2 built coal 3 at Coalbrookdale · card: Coalbrookdale
