game over, winner: Bot 3
rail era scored: Dheirav Prakash +106 VP (119), Bot 1 +69 VP (99), Bot 2 +73 VP (90), Bot 3 +85 VP (120)
Bot 3 linked Birmingham–Worcester · card: iron
Bot 3 built pottery 2 at Coventry · card: pottery
Bot 1 linked Wolverhampton–Dudley · card: coal
Bot 1 took a £30 loan (income −3 levels) · card: iron
Dheirav Prakash developed brewery + manufacturer · card: Belper
Dheirav Prakash built manufacturer 2 at Stoke-on-Trent · card: Stoke-on-Trent
Bot 2 sold at Belper (beer: merchant at Oxford) · card: cotton / manufacturer
Bot 2 built cotton 2 at Belper · card: Wild Location
Round 15 income, Dheirav Prakash +£11, Bot 1 +£4, Bot 2 +£8, Bot 3 +£16
Dheirav Prakash developed brewery + manufacturer · card: brewery
Dheirav Prakash linked Cannock–Farm Brewery (N) · card: cotton / manufacturer
Bot 1 built manufacturer 2 at Birmingham · card: cotton / manufacturer
Bot 1 built manufacturer 2 at Birmingham · card: cotton / manufacturer
Bot 2 built coal 3 at Belper · card: Wild Industry
Bot 2 scouted for wild cards · cards: Wolverhampton, Uttoxeter, cotton / manufacturer
Bot 3 linked Nuneaton–Birmingham and Tamworth–Nuneaton · card: Walsall
Bot 3 built pottery 1 at Stafford · card: Stafford
Round 14 income, Dheirav Prakash +£11, Bot 1 +£4, Bot 2 +£5, Bot 3 +£14
Dheirav Prakash took a £30 loan (income −3 levels) · card: Coalbrookdale
Dheirav Prakash linked Birmingham–Dudley and Birmingham–Redditch · card: Leek
Bot 2 developed pottery + pottery · card: Birmingham
Bot 2 built iron 4 at Redditch · card: iron
Bot 3 took a £30 loan (income −3 levels) · card: Stone
Bot 3 built brewery 3 at Nuneaton · card: brewery
Bot 1 sold at Birmingham (beer: merchant at Nottingham) · card: iron
Bot 1 built cotton 2 at Birmingham · card: cotton / manufacturer
Round 13 income, Dheirav Prakash +£14, Bot 1 +£2, Bot 2 +£5, Bot 3 +£15
Dheirav Prakash linked Kidderminster–Worcester · card: brewery
Dheirav Prakash undid their second action.
Dheirav Prakash built pottery 1 at Stoke-on-Trent · card: Stoke-on-Trent
Bot 2 built pottery 3 at Belper · card: pottery
Bot 2 took a £30 loan (income −3 levels) · card: Cannock
Bot 1 took a £30 loan (income −3 levels) · card: Birmingham
Bot 1 linked Burton-upon-Trent–Cannock · card: Birmingham
Bot 3 sold at Cannock (beer: Bot 1's brewery at Burton-upon-Trent), Kidderminster (beer: merchant at Nottingham) · card: Belper
Bot 3 built cotton 2 at Kidderminster · card: Kidderminster
Round 12 income, Dheirav Prakash +£14, Bot 1 +£3, Bot 2 +£1, Bot 3 +£13
Bot 3 built manufacturer 2 at Cannock · card: Cannock
Bot 3 linked Nuneaton–Coventry · card: Dudley
Dheirav Prakash linked Tamworth–Birmingham and Stoke-on-Trent–Stone · card: Leek
Dheirav Prakash linked Stafford–Cannock and Burton-upon-Trent–Tamworth · card: Derby
Bot 1 linked Coventry–Birmingham · card: Kidderminster
Bot 1 linked Cannock–Walsall and Cannock–Wolverhampton · card: Coalbrookdale
Bot 2 linked Derby–Nottingham and Belper–Derby · card: Dudley
Bot 2 built manufacturer 2 at Derby · card: Derby
Round 11 income, Dheirav Prakash +£10, Bot 1 −£2, Bot 2 +£1, Bot 3 +£10
Bot 2 built coal 3 at Wolverhampton · card: Wolverhampton
Bot 2 took a £30 loan (income −3 levels) · card: Nuneaton
Bot 3 built coal 3 at Dudley · card: coal
Bot 3 built iron 4 at Derby · card: Derby
Dheirav Prakash took a £30 loan (income −3 levels) · card: Stone
Dheirav Prakash built coal 4 at Tamworth · card: Tamworth
Bot 1 built brewery 2 at Burton-upon-Trent · card: Burton-upon-Trent
Bot 1 took a £30 loan (income −3 levels) · card: Worcester
Round 10 income, Dheirav Prakash +£13, Bot 1 +£1, Bot 2 +£4, Bot 3 +£9
Dheirav Prakash linked Stone–Stafford and Derby–Burton-upon-Trent · card: pottery
Dheirav Prakash built coal 3 at Burton-upon-Trent · card: coal
Bot 2 linked Walsall–Wolverhampton and Birmingham–Walsall · card: Coventry
Bot 2 built iron 3 at Coalbrookdale · card: Coalbrookdale
Bot 3 built brewery 2 at Stafford · card: Stafford
Bot 3 linked Coalbrookdale–Kidderminster and Dudley–Kidderminster · card: Worcester
Bot 1 linked Redditch–Gloucester · card: Coventry
Bot 1 linked Birmingham–Oxford and Redditch–Oxford · card: Redditch
Round 9 income, Dheirav Prakash +£4, Bot 1 −£4, Bot 2 +£3, Bot 3 +£6
Dheirav Prakash linked Stone–Burton-upon-Trent and Tamworth–Walsall · card: cotton / manufacturer
Dheirav Prakash linked Uttoxeter–Stone and Derby–Uttoxeter · card: cotton / manufacturer
Bot 2 sold at Wolverhampton (beer: merchant at Shrewsbury) · card: Coventry
Bot 2 linked Coalbrookdale–Shrewsbury and Wolverhampton–Coalbrookdale · card: Uttoxeter
Bot 3 took a £30 loan (income −3 levels) · card: Burton-upon-Trent
Bot 3 built brewery 2 at Stone · card: brewery
Bot 1 took a £30 loan (income −3 levels) · card: Stoke-on-Trent
Bot 1 built brewery 2 at Walsall · card: brewery
rail era begins: level-1 tiles and canal links removed, new deck dealt
canal era scored: Dheirav Prakash +13 VP (13), Bot 1 +27 VP (27), Bot 2 +13 VP (13), Bot 3 +32 VP (32)
Round 8 income, Dheirav Prakash −£2, Bot 1 −£1, Bot 2 +£0, Bot 3 +£5
Bot 1 linked Birmingham–Worcester · card: cotton / manufacturer
Bot 1 linked Worcester–Gloucester · card: cotton / manufacturer
Dheirav Prakash took a £30 loan (income −3 levels) · card: iron
Dheirav Prakash built brewery 3 at Farm Brewery (S) · card: brewery
Bot 2 built manufacturer 2 at Wolverhampton · card: cotton / manufacturer
Bot 2 took a £30 loan (income −3 levels) · card: cotton / manufacturer
Bot 3 developed brewery + brewery · card: Burton-upon-Trent
Bot 3 built coal 2 at Stone · card: Stone
Round 7 income, Dheirav Prakash +£1, Bot 1 −£1, Bot 2 +£3, Bot 3 +£4
Bot 2 linked Wolverhampton–Coalbrookdale · card: brewery
Bot 2 developed pottery · card: pottery
Bot 3 developed cotton + cotton · card: Wolverhampton
Bot 3 developed cotton + manufacturer · card: Stoke-on-Trent
Dheirav Prakash built brewery 2 at Derby · card: Derby
Dheirav Prakash took a £30 loan (income −3 levels) · card: Worcester
Bot 1 built pottery 1 at Stafford · card: Stafford
Bot 1 took a £30 loan (income −3 levels) · card: Derby
Round 6 income, Dheirav Prakash +£4, Bot 1 +£1, Bot 2 +£1, Bot 3 +£4
Bot 3 linked Coalbrookdale–Shrewsbury · card: Worcester
Bot 3 built coal 2 at Coalbrookdale · card: Coalbrookdale
Bot 1 developed brewery + brewery · card: brewery
Bot 1 developed cotton + cotton · card: Stoke-on-Trent
Dheirav Prakash linked Kidderminster–Worcester · card: cotton / manufacturer
Dheirav Prakash built brewery 2 at Uttoxeter · card: Uttoxeter
Bot 2 built brewery 2 at Uttoxeter · card: Uttoxeter
Bot 2 built pottery 1 at Coventry · card: Coventry
Round 5 income, Dheirav Prakash +£3, Bot 1 +£1, Bot 2 +£1, Bot 3 +£4
Bot 1 developed cotton + manufacturer · card: Belper
Bot 1 built iron 4 at Birmingham · card: Birmingham
Dheirav Prakash developed manufacturer + brewery · card: brewery
Dheirav Prakash built coal 3 at Coventry · card: Coventry
Bot 3 built iron 3 at Coventry · card: Coventry
Bot 3 linked Coventry–Birmingham · card: Birmingham
Bot 2 took a £30 loan (income −3 levels) · card: Cannock
Bot 2 built iron 2 at Coalbrookdale · card: Coalbrookdale
Round 4 income, Dheirav Prakash −£1, Bot 1 −£1, Bot 2 +£4, Bot 3 +£4
Dheirav Prakash built iron 2 at Coalbrookdale · card: Coalbrookdale
Dheirav Prakash linked Coalbrookdale–Kidderminster · card: brewery
Bot 2 developed cotton + cotton · card: Belper
Bot 2 developed brewery + cotton · card: Dudley
Bot 1 built iron 3 at Walsall · card: iron
Bot 1 linked Birmingham–Walsall · card: coal
Bot 3 built iron 2 at Dudley · card: Dudley
