game over, winner: Bot 2
rail era scored: Dheirav Prakash +96 VP (115), Bot 1 +96 VP (121), Bot 2 +95 VP (135), Bot 3 +79 VP (104)
Bot 3 took a £30 loan (income −3 levels) · card: cotton / manufacturer
Bot 3 took a £30 loan (income −3 levels) · card: brewery
Bot 2 linked Gloucester–Worcester · card: cotton / manufacturer
Bot 2 linked Gloucester–Redditch · card: Birmingham
Dheirav Prakash sold at Belper (beer: merchant at Shrewsbury) · card: wild_location
Dheirav Prakash built brewery 4 at Brewery (N) · card: wild_industry
Bot 1 took a £30 loan (income −3 levels) · card: cotton / manufacturer
Bot 1 linked Dudley–Kidderminster · card: Birmingham
Dheirav Prakash linked Birmingham–Worcester · card: Birmingham
Dheirav Prakash scouted for wild cards · card: Derby
Bot 1 linked Cannock–Wolverhampton · card: brewery
Bot 1 sold at Stafford (beer: merchant at Warrington) · card: Stafford
Bot 3 built coal 4 at Redditch · card: Redditch
Bot 3 linked Redditch–Oxford · card: Stoke-on-Trent
Bot 2 linked Burton-on-Trent–Cannock · card: iron
Bot 2 built coal 2 at Burton-on-Trent · card: Burton-on-Trent
Bot 1 built pottery 1 at Stafford · card: pottery
Bot 1 took a £30 loan (income −3 levels) · card: Stone
Bot 3 sold at Belper (beer: merchant at Warrington) · card: Worcester
Bot 3 built pottery 1 at Belper · card: Belper
Bot 2 linked Stoke-on-Trent–Warrington · card: pottery
Bot 2 linked Belper–Leek · card: brewery
Dheirav Prakash built manufacturer 5 at Stoke-on-Trent · card: Stoke-on-Trent
Dheirav Prakash built manufacturer 5 at Belper · card: Belper
Dheirav Prakash developed manufacturer + manufacturer · card: Leek
Dheirav Prakash developed manufacturer + manufacturer · card: Stone
Bot 1 linked Coalbrookdale–Kidderminster · card: Wolverhampton
Bot 1 built iron 4 at Coalbrookdale · card: iron
Bot 2 took a £30 loan (income −3 levels) · card: Coalbrookdale
Bot 2 linked Dudley–Wolverhampton · card: Coventry
Bot 3 linked Walsall–Wolverhampton · card: Cannock
Bot 3 built coal 4 at Wolverhampton · card: Wolverhampton
Bot 2 linked Birmingham–Redditch · card: Burton-on-Trent
Bot 2 linked Leek–Stoke-on-Trent · card: pottery
Dheirav Prakash linked Cannock–Brewery (N) · card: Uttoxeter
Dheirav Prakash linked Cannock–Walsall · card: Derby
Bot 1 linked Birmingham–Coventry · card: Worcester
Bot 1 linked Coalbrookdale–Wolverhampton · card: Cannock
Bot 3 took a £30 loan (income −3 levels) · card: iron
Bot 3 built coal 3 at Coventry · card: Coventry
Bot 3 linked Tamworth–Walsall · card: Stafford
Bot 3 sold at Walsall (beer: merchant at Oxford) · card: Kidderminster
Dheirav Prakash built iron 3 at Stoke-on-Trent · card: Stoke-on-Trent
Dheirav Prakash linked Stoke-on-Trent–Stone · card: Tamworth
Bot 1 built coal 2 at Coalbrookdale · card: Coalbrookdale
Bot 1 linked Coalbrookdale–Shrewsbury · card: iron
Bot 2 built coal 2 at Belper · card: coal
Bot 2 linked Coventry–Nuneaton and Nuneaton–Tamworth · card: coal
Dheirav Prakash linked Birmingham–Nuneaton and Birmingham–Walsall · card: Derby
Dheirav Prakash built brewery 3 at Walsall · card: Walsall
Bot 2 linked Belper–Derby · card: brewery
Bot 2 took a £30 loan (income −3 levels) · card: brewery
Bot 1 sold at Stone (beer: merchant at Oxford), Uttoxeter (beer: merchant at Oxford) · card: cotton / manufacturer
Bot 1 built brewery 3 at Nuneaton · card: Nuneaton
Bot 3 linked Birmingham–Oxford and Birmingham–Tamworth · card: Leek
Bot 3 linked Birmingham–Dudley and Burton-on-Trent–Tamworth · card: Dudley
Dheirav Prakash linked Stone–Uttoxeter and Burton-on-Trent–Stone · card: coal
Dheirav Prakash took a £30 loan (income −3 levels) · card: cotton / manufacturer
Bot 2 linked Derby–Uttoxeter · card: cotton / manufacturer
Bot 2 built brewery 2 at Uttoxeter · card: Uttoxeter
Bot 1 linked Burton-on-Trent–Derby and Stafford–Stone · card: Coalbrookdale
Bot 1 took a £30 loan (income −3 levels) · card: cotton / manufacturer
Bot 3 took a £30 loan (income −3 levels) · card: Coventry
Bot 3 linked Derby–Nottingham and Cannock–Stafford · card: Dudley
canal era scored: Dheirav Prakash +19 VP (19), Bot 1 +25 VP (25), Bot 2 +40 VP (40), Bot 3 +25 VP (25)
Bot 2 sold at Leek (beer: merchant at Warrington) · card: Cannock
Bot 2 linked Leek–Stoke-on-Trent · card: coal
Bot 1 sold at Wolverhampton (beer: merchant at Oxford) · card: cotton / manufacturer
Bot 1 linked Dudley–Wolverhampton · card: Uttoxeter
Bot 3 sold at Derby (beer: merchant at Oxford) · card: brewery
Bot 3 linked Burton-on-Trent–Derby · card: cotton / manufacturer
Dheirav Prakash built coal 3 at Leek · card: wild_location
Dheirav Prakash built coal 2 at Tamworth · card: wild_industry
Dheirav Prakash linked Burton-on-Trent–Tamworth · card: Burton-on-Trent
Dheirav Prakash took a £30 loan (income −3 levels) · card: Coventry
Bot 3 developed brewery + brewery · card: Wolverhampton
Bot 3 linked Birmingham–Dudley · card: iron
Bot 1 built manufacturer 4 at Stone · card: Stone
Bot 1 developed coal + manufacturer · card: Worcester
Bot 2 built iron 4 at Dudley · card: Dudley
Bot 2 developed brewery + brewery · card: Stoke-on-Trent
Bot 2 sold at Birmingham (beer: merchant at Oxford) · card: Coalbrookdale
Bot 2 built manufacturer 2 at Birmingham · card: cotton / manufacturer
Bot 3 built coal 3 at Dudley · card: Dudley
Bot 3 built coal 2 at Cannock · card: Cannock
Dheirav Prakash built brewery 3 at Stafford · card: Stafford
Dheirav Prakash built iron 2 at Derby · card: Derby
Bot 1 linked Derby–Nottingham · card: brewery
Bot 1 built iron 3 at Birmingham · card: Birmingham
Bot 2 took a £30 loan (income −3 levels) · card: pottery
Bot 2 built manufacturer 2 at Leek · card: Leek
Dheirav Prakash scouted for wild cards · card: cotton / manufacturer
Dheirav Prakash built brewery 2 at Burton-on-Trent · card: Burton-on-Trent
Bot 3 took a £30 loan (income −3 levels) · card: Birmingham
Bot 3 built manufacturer 2 at Derby · card: Derby
Bot 1 built brewery 2 at Coalbrookdale · card: Coalbrookdale
Bot 1 took a £30 loan (income −3 levels) · card: Leek
Bot 1 built brewery 2 at Derby · card: Derby
Bot 1 developed brewery + brewery · card: Coalbrookdale
Bot 3 built coal 2 at Tamworth · card: Tamworth
Bot 3 linked Birmingham–Tamworth · card: iron
Bot 2 built iron 3 at Redditch · card: Redditch
Bot 2 linked Redditch–Oxford · card: Stafford
Dheirav Prakash built brewery 2 at Stone · card: Stone
Dheirav Prakash developed brewery + manufacturer · card: brewery
Bot 1 built manufacturer 2 at Uttoxeter · card: Uttoxeter
Bot 1 built manufacturer 2 at Wolverhampton · card: Wolverhampton
Dheirav Prakash built coal 2 at Nuneaton · card: Nuneaton
Dheirav Prakash developed brewery + coal · card: cotton / manufacturer
Bot 3 built manufacturer 2 at Walsall · card: Walsall
Bot 3 took a £30 loan (income −3 levels) · card: iron
Bot 2 built iron 2 at Coventry · card: Coventry
Bot 2 took a £30 loan (income −3 levels) · card: brewery
Bot 3 built coal 1 at Coventry · card: coal
Bot 3 linked Birmingham–Coventry · card: Birmingham
Bot 1 took a £30 loan (income −3 levels) · card: Kidderminster
Bot 1 built iron 2 at Birmingham · card: iron
Bot 2 built coal 1 at Belper · card: Belper
Bot 2 linked Birmingham–Oxford · card: Kidderminster
Dheirav Prakash built iron 1 at Stoke-on-Trent · card: Stoke-on-Trent
Dheirav Prakash linked Stoke-on-Trent–Warrington · card: pottery
Bot 3 developed iron + manufacturer · card: coal
Dheirav Prakash took a £30 loan (income −3 levels) · card: brewery
Bot 1 developed iron + manufacturer · card: cotton / manufacturer
Bot 2 developed iron + manufacturer · card: Coventry
