game over, winner: Bot 2
rail era scored: Dheirav Prakash +93 VP (117), Bot 1 +98 VP (128), Bot 2 +93 VP (128), Bot 3 +101 VP (118)
Dheirav Prakash sold at Derby (beer: merchant at Shrewsbury) · card: Coalbrookdale
Dheirav Prakash built brewery 3 at Uttoxeter · card: brewery
Bot 2 took a £30 loan (income −3 levels) · card: cotton / manufacturer
Bot 2 linked Gloucester–Worcester · card: Redditch
Bot 3 linked Birmingham–Worcester · card: cotton / manufacturer
Bot 3 linked Birmingham–Redditch · card: Worcester
Bot 1 took a £30 loan (income −3 levels) · card: cotton / manufacturer
Bot 1 took a £30 loan (income −3 levels) · card: Belper
Bot 1 linked Belper–Leek · card: Stoke-on-Trent
Bot 1 sold at Belper (beer: merchant at Gloucester) · card: Stafford
Bot 3 sold at Birmingham (beer: merchant at Nottingham) · card: Kidderminster
Bot 3 built manufacturer 2 at Birmingham · card: Birmingham
Dheirav Prakash built coal 3 at Leek · card: Leek
Dheirav Prakash built iron 4 at Stoke-on-Trent · card: iron
Bot 2 linked Gloucester–Redditch · card: Kidderminster
Bot 2 linked Dudley–Kidderminster · card: brewery
Bot 1 built pottery 1 at Belper · card: pottery
Bot 1 built coal 3 at Coventry · card: Coventry
Bot 2 sold at Redditch (beer: merchant at Nottingham) · card: iron
Bot 2 linked Nuneaton–Tamworth and Redditch–Oxford · card: Stafford
Bot 3 linked Birmingham–Coventry and Birmingham–Dudley · card: Leek
Bot 3 built brewery 4 at Nuneaton · card: Nuneaton
Dheirav Prakash built manufacturer 5 at Derby · card: Derby
Dheirav Prakash built manufacturer 4 at Birmingham · card: Birmingham
Dheirav Prakash developed manufacturer + manufacturer · card: Coventry
Dheirav Prakash developed manufacturer + manufacturer · card: Derby
Bot 2 sold at Stafford (beer: merchant at Warrington) · card: Uttoxeter
Bot 2 built pottery 1 at Stafford · card: pottery
Bot 3 sold at Coventry (beer: merchant at Shrewsbury) · card: Burton-on-Trent
Bot 3 built pottery 1 at Coventry · card: Coventry
Bot 1 built coal 2 at Belper · card: coal
Bot 1 linked Stoke-on-Trent–Warrington and Leek–Stoke-on-Trent · card: Belper
Dheirav Prakash linked Birmingham–Tamworth and Birmingham–Oxford · card: Coalbrookdale
Dheirav Prakash built brewery 3 at Brewery (N) · card: brewery
Bot 3 built coal 3 at Tamworth · card: coal
Bot 3 took a £30 loan (income −3 levels) · card: Stone
Bot 1 took a £30 loan (income −3 levels) · card: iron
Bot 1 linked Belper–Derby · card: Burton-on-Trent
Bot 2 linked Coventry–Nuneaton · card: Dudley
Bot 2 linked Birmingham–Nuneaton · card: cotton / manufacturer
Bot 3 built iron 3 at Coalbrookdale · card: Coalbrookdale
Bot 3 linked Burton-on-Trent–Tamworth · card: Cannock
Bot 1 linked Derby–Nottingham · card: Uttoxeter
Bot 1 built iron 2 at Derby · card: Derby
Bot 2 took a £30 loan (income −3 levels) · card: Stoke-on-Trent
Bot 2 built coal 3 at Coalbrookdale · card: coal
Dheirav Prakash built coal 3 at Tamworth · card: Tamworth
Dheirav Prakash linked Tamworth–Walsall · card: Stoke-on-Trent
Dheirav Prakash took a £30 loan (income −3 levels) · card: cotton / manufacturer
Dheirav Prakash linked Cannock–Brewery (N) · card: Stone
Bot 2 built coal 2 at Dudley · card: Dudley
Bot 2 built coal 2 at Cannock · card: Cannock
Bot 1 linked Stoke-on-Trent–Stone and Walsall–Wolverhampton · card: cotton / manufacturer
Bot 1 built coal 2 at Wolverhampton · card: Wolverhampton
Bot 3 linked Cannock–Walsall and Birmingham–Walsall · card: Worcester
Bot 3 built brewery 3 at Walsall · card: Walsall
Bot 3 linked Coalbrookdale–Kidderminster and Dudley–Wolverhampton · card: cotton / manufacturer
Bot 3 took a £30 loan (income −3 levels) · card: cotton / manufacturer
Dheirav Prakash linked Burton-on-Trent–Derby and Burton-on-Trent–Cannock · card: brewery
Dheirav Prakash linked Burton-on-Trent–Stone and Derby–Uttoxeter · card: Wolverhampton
Bot 1 linked Stafford–Stone and Stone–Uttoxeter · card: pottery
Bot 1 took a £30 loan (income −3 levels) · card: iron
Bot 2 linked Coalbrookdale–Shrewsbury and Cannock–Stafford · card: Birmingham
Bot 2 linked Cannock–Wolverhampton and Coalbrookdale–Wolverhampton · card: brewery
canal era scored: Dheirav Prakash +24 VP (24), Bot 1 +30 VP (30), Bot 2 +32 VP (32), Bot 3 +10 VP (10)
Bot 1 sold at Leek (beer: merchant at Warrington) · card: cotton / manufacturer
Bot 1 linked Leek–Stoke-on-Trent · card: Birmingham
Dheirav Prakash took a £30 loan (income −3 levels) · card: Cannock
Dheirav Prakash built brewery 2 at Brewery (N) · card: brewery
Bot 2 sold at Wolverhampton (beer: merchant at Shrewsbury) · card: cotton / manufacturer
Bot 2 linked Coalbrookdale–Wolverhampton · card: Wolverhampton
Bot 3 built iron 2 at Dudley · card: iron
Bot 3 linked Dudley–Kidderminster · card: Worcester
Bot 2 took a £30 loan (income −3 levels) · card: Leek
Bot 2 linked Birmingham–Coventry · card: pottery
Bot 3 linked Coalbrookdale–Shrewsbury · card: pottery
Bot 3 took a £30 loan (income −3 levels) · card: Derby
Bot 1 sold at Stoke-on-Trent (beer: merchant at Warrington) · card: Dudley
Bot 1 built manufacturer 2 at Stoke-on-Trent · card: Stoke-on-Trent
Dheirav Prakash built iron 3 at Walsall · card: Walsall
Dheirav Prakash linked Cannock–Walsall · card: Coventry
Dheirav Prakash took a £30 loan (income −3 levels) · card: cotton / manufacturer
Dheirav Prakash linked Cannock–Brewery (N) · card: cotton / manufacturer
Bot 2 built brewery 2 at Uttoxeter · card: Uttoxeter
Bot 2 developed brewery + brewery · card: Dudley
Bot 1 took a £30 loan (income −3 levels) · card: Kidderminster
Bot 1 developed brewery + coal · card: Coalbrookdale
Bot 3 built coal 2 at Burton-on-Trent · card: coal
Bot 3 linked Burton-on-Trent–Derby · card: brewery
Bot 2 built manufacturer 2 at Redditch · card: Redditch
Bot 2 took a £30 loan (income −3 levels) · card: coal
Bot 3 built coal 2 at Kidderminster · card: Kidderminster
Bot 3 took a £30 loan (income −3 levels) · card: brewery
Bot 1 built manufacturer 2 at Leek · card: Leek
Bot 1 took a £30 loan (income −3 levels) · card: Stone
Dheirav Prakash built coal 2 at Cannock · card: Cannock
Dheirav Prakash built coal 2 at Stone · card: Stone
Bot 2 built manufacturer 2 at Wolverhampton · card: Wolverhampton
Bot 2 built iron 4 at Coventry · card: Coventry
Bot 1 built brewery 3 at Stone · card: brewery
Bot 1 linked Burton-on-Trent–Stone · card: Stoke-on-Trent
Bot 3 built coal 1 at Coventry · card: Coventry
Bot 3 built brewery 3 at Derby · card: Derby
Dheirav Prakash built brewery 2 at Uttoxeter · card: Uttoxeter
Dheirav Prakash developed brewery + brewery · card: cotton / manufacturer
Bot 2 built iron 3 at Birmingham · card: iron
Bot 2 developed coal + manufacturer · card: Coalbrookdale
Dheirav Prakash took a £30 loan (income −3 levels) · card: cotton / manufacturer
Dheirav Prakash linked Stoke-on-Trent–Stone · card: Belper
Bot 1 built brewery 2 at Stafford · card: Stafford
Bot 1 took a £30 loan (income −3 levels) · card: Worcester
Bot 3 built brewery 2 at Nuneaton · card: Nuneaton
Bot 3 took a £30 loan (income −3 levels) · card: Burton-on-Trent
Bot 1 built brewery 2 at Burton-on-Trent · card: Burton-on-Trent
Bot 1 developed brewery + brewery · card: Stafford
Bot 3 built brewery 2 at Coalbrookdale · card: Coalbrookdale
Bot 3 developed brewery + brewery · card: coal
Dheirav Prakash built iron 2 at Stoke-on-Trent · card: Stoke-on-Trent
Dheirav Prakash linked Stoke-on-Trent–Warrington · card: Birmingham
Bot 2 built iron 2 at Birmingham · card: iron
Bot 2 built iron 1 at Birmingham · card: Birmingham
Bot 1 developed iron + manufacturer · card: brewery
Bot 2 linked Birmingham–Oxford · card: iron
Bot 3 developed iron + manufacturer · card: Derby
Dheirav Prakash developed coal + iron · card: cotton / manufacturer
