game over, winner: Dheirav Prakash
rail era scored: Dheirav Prakash +138 VP (170), Bot 1 +101 VP (131), Bot 2 +96 VP (119), Bot 3 +88 VP (118)
Bot 3 took a £30 loan (income −3 levels) · card: cotton / manufacturer
Bot 3 took a £30 loan (income −3 levels) · card: Stoke-on-Trent
Dheirav Prakash sold at Derby (beer: merchant at Shrewsbury), Kidderminster (beer: merchant at Gloucester), Worcester (beer: merchant at Gloucester) · card: Belper
Dheirav Prakash built coal 3 at Nuneaton · card: wild_industry
Bot 2 took a £30 loan (income −3 levels) · card: brewery
Bot 2 linked Gloucester–Worcester · card: Walsall
Bot 1 linked Gloucester–Redditch · card: cotton / manufacturer
Bot 1 linked Redditch–Oxford · card: Worcester
Dheirav Prakash built cotton 3 at Worcester · card: wild_location
Dheirav Prakash scouted for wild cards · card: iron
Bot 2 built manufacturer 5 at Birmingham · card: cotton / manufacturer
Bot 2 sold at Birmingham (beer: merchant at Oxford) · card: Burton-on-Trent
Bot 3 built manufacturer 2 at Wolverhampton · card: Wolverhampton
Bot 3 linked Dudley–Wolverhampton and Cannock–Wolverhampton · card: Cannock
Bot 1 built brewery 2 at Brewery (S) · card: brewery
Bot 1 linked Kidderminster–Worcester–Brewery (S) · card: iron
Bot 2 linked Birmingham–Worcester · card: Derby
Bot 2 built manufacturer 5 at Birmingham · card: Birmingham
Bot 1 built coal 3 at Cannock · card: coal
Bot 1 sold at Belper (beer: merchant at Warrington) · card: Kidderminster
Bot 3 linked Dudley–Kidderminster · card: Stoke-on-Trent
Bot 3 linked Belper–Leek · card: cotton / manufacturer
Dheirav Prakash built cotton 3 at Kidderminster · card: Kidderminster
Dheirav Prakash built cotton 2 at Derby · card: Derby
Dheirav Prakash developed cotton + cotton · card: Stafford
Dheirav Prakash developed cotton + cotton · card: Coventry
Bot 1 built pottery 1 at Belper · card: Belper
Bot 1 took a £30 loan (income −3 levels) · card: Stone
Bot 3 built coal 3 at Leek · card: Leek
Bot 3 built coal 2 at Dudley · card: Dudley
Bot 2 built iron 4 at Redditch · card: Redditch
Bot 2 linked Birmingham–Redditch · card: cotton / manufacturer
Bot 1 sold at Leek (beer: merchant at Nottingham) · card: Dudley
Bot 1 linked Birmingham–Dudley and Leek–Stoke-on-Trent · card: Birmingham
Bot 3 sold at Coventry (beer: merchant at Warrington) · card: Leek
Bot 3 built pottery 1 at Coventry · card: pottery
Dheirav Prakash linked Burton-on-Trent–Cannock and Cannock–Stafford · card: Tamworth
Dheirav Prakash built brewery 4 at Brewery (N) · card: brewery
Bot 2 developed manufacturer + manufacturer · card: Coalbrookdale
Bot 2 built coal 3 at Tamworth · card: coal
Dheirav Prakash linked Cannock–Brewery (N) · card: Stoke-on-Trent
Dheirav Prakash built coal 2 at Cannock · card: Cannock
Bot 2 linked Birmingham–Tamworth · card: cotton / manufacturer
Bot 2 took a £30 loan (income −3 levels) · card: brewery
Bot 3 linked Coventry–Nuneaton · card: Stafford
Bot 3 linked Nuneaton–Tamworth · card: Stone
Bot 1 linked Cannock–Walsall · card: Coventry
Bot 1 linked Birmingham–Oxford and Stoke-on-Trent–Warrington · card: cotton / manufacturer
Bot 2 built iron 3 at Derby · card: iron
Bot 2 built coal 3 at Stone · card: coal
Dheirav Prakash linked Birmingham–Coventry and Birmingham–Nuneaton · card: Uttoxeter
Dheirav Prakash built brewery 3 at Nuneaton · card: Nuneaton
Bot 1 took a £30 loan (income −3 levels) · card: Wolverhampton
Bot 1 linked Stafford–Stone · card: Coalbrookdale
Bot 3 linked Tamworth–Walsall · card: pottery
Bot 3 built coal 2 at Coalbrookdale · card: Coalbrookdale
Bot 1 linked Coalbrookdale–Wolverhampton · card: Uttoxeter
Bot 1 linked Walsall–Wolverhampton and Birmingham–Walsall · card: Birmingham
Bot 3 took a £30 loan (income −3 levels) · card: Coventry
Bot 3 linked Coalbrookdale–Shrewsbury and Coalbrookdale–Kidderminster · card: Burton-on-Trent
Bot 2 linked Derby–Uttoxeter and Stoke-on-Trent–Stone · card: Derby
Bot 2 linked Stone–Uttoxeter and Belper–Derby · card: brewery
Dheirav Prakash linked Burton-on-Trent–Derby and Derby–Nottingham · card: Worcester
Dheirav Prakash linked Burton-on-Trent–Tamworth and Burton-on-Trent–Stone · card: cotton / manufacturer
canal era scored: Dheirav Prakash +28 VP (28), Bot 1 +27 VP (27), Bot 2 +23 VP (23), Bot 3 +30 VP (30)
Dheirav Prakash took a £30 loan (income −3 levels) · card: Dudley
Dheirav Prakash took a £30 loan (income −3 levels) · card: brewery
Bot 3 sold at Burton-on-Trent (beer: merchant at Oxford) · card: cotton / manufacturer
Bot 3 linked Burton-on-Trent–Walsall · card: brewery
Bot 1 linked Dudley–Wolverhampton · card: cotton / manufacturer
Bot 1 built iron 3 at Stoke-on-Trent · card: Stoke-on-Trent
Bot 2 sold at Stoke-on-Trent (beer: merchant at Warrington) · card: coal
Bot 2 linked Stoke-on-Trent–Warrington · card: cotton / manufacturer
Bot 2 linked Birmingham–Tamworth · card: Stafford
Bot 2 took a £30 loan (income −3 levels) · card: pottery
Bot 3 built manufacturer 2 at Burton-on-Trent · card: Burton-on-Trent
Bot 3 took a £30 loan (income −3 levels) · card: Wolverhampton
Bot 1 built coal 2 at Tamworth · card: Tamworth
Bot 1 took a £30 loan (income −3 levels) · card: Cannock
Dheirav Prakash built iron 4 at Coalbrookdale · card: iron
Dheirav Prakash linked Coalbrookdale–Wolverhampton · card: Stoke-on-Trent
Dheirav Prakash built coal 2 at Wolverhampton · card: Wolverhampton
Dheirav Prakash took a £30 loan (income −3 levels) · card: Belper
Bot 3 linked Coalbrookdale–Shrewsbury · card: Cannock
Bot 3 built brewery 3 at Coalbrookdale · card: Coalbrookdale
Bot 1 built coal 2 at Kidderminster · card: Kidderminster
Bot 1 linked Dudley–Kidderminster · card: Coventry
Bot 2 built brewery 2 at Uttoxeter · card: Uttoxeter
Bot 2 developed brewery + brewery · card: Stone
Bot 1 built iron 2 at Walsall · card: iron
Bot 1 linked Birmingham–Walsall · card: iron
Bot 2 built coal 2 at Belper · card: Belper
Bot 2 took a £30 loan (income −3 levels) · card: Coalbrookdale
Bot 3 built brewery 2 at Derby · card: Derby
Bot 3 took a £30 loan (income −3 levels) · card: Derby
Dheirav Prakash built brewery 3 at Burton-on-Trent · card: Burton-on-Trent
Dheirav Prakash built brewery 2 at Stone · card: Stone
Bot 2 sold at Birmingham (beer: merchant at Oxford) · card: cotton / manufacturer
Bot 2 built manufacturer 2 at Birmingham · card: Birmingham
Bot 1 built brewery 2 at Stafford · card: Stafford
Bot 1 developed brewery + brewery · card: Birmingham
Bot 3 built brewery 2 at Walsall · card: Walsall
Bot 3 developed brewery + brewery · card: brewery
Dheirav Prakash built brewery 2 at Uttoxeter · card: Uttoxeter
Dheirav Prakash took a £30 loan (income −3 levels) · card: pottery
Dheirav Prakash developed brewery + brewery · card: cotton / manufacturer
Dheirav Prakash built iron 3 at Dudley · card: Dudley
Bot 3 developed coal + manufacturer · card: brewery
Bot 3 built iron 3 at Birmingham · card: Birmingham
Bot 2 built manufacturer 2 at Stoke-on-Trent · card: Stoke-on-Trent
Bot 2 took a £30 loan (income −3 levels) · card: Derby
Bot 1 built manufacturer 2 at Leek · card: Leek
Bot 1 took a £30 loan (income −3 levels) · card: Kidderminster
Bot 2 built coal 2 at Coventry · card: Coventry
Bot 2 developed coal + iron · card: cotton / manufacturer
Bot 1 built coal 1 at Dudley · card: coal
Bot 1 linked Birmingham–Dudley · card: Leek
Dheirav Prakash built iron 2 at Coventry · card: Coventry
Dheirav Prakash developed coal + iron · card: pottery
Bot 3 built iron 2 at Birmingham · card: iron
Bot 3 developed iron · card: Redditch
Dheirav Prakash linked Birmingham–Coventry · card: coal
Bot 3 linked Birmingham–Oxford · card: Nuneaton
Bot 2 developed iron + manufacturer · card: Coalbrookdale
Bot 1 developed iron + manufacturer · card: cotton / manufacturer
