game over, winner: Bot 2
rail era scored: Dheirav Prakash +121 VP (133), Bot 1 +72 VP (107), Bot 2 +100 VP (138), Bot 3 +76 VP (117)
Bot 3 linked Tamworth–Birmingham · card: cotton / manufacturer
Bot 3 linked Birmingham–Walsall · card: Birmingham
Dheirav Prakash sold at Leek (beer: Dheirav Prakash's brewery at Farm Brewery (N) + merchant at Warrington), Birmingham (beer: Dheirav Prakash's brewery at Farm Brewery (N) + merchant at Oxford) · card: Derby
Dheirav Prakash built brewery 3 at Farm Brewery (N) · card: Wild Industry
Bot 1 sold at Derby (beer: merchant at Gloucester) · card: iron
Bot 1 built cotton 3 at Derby · card: cotton / manufacturer
Bot 2 built manufacturer 2 at Walsall · card: cotton / manufacturer
Bot 2 built coal 3 at Kidderminster · card: Wild Industry
Round 15 income, Dheirav Prakash +£15, Bot 1 +£17, Bot 2 +£3, Bot 3 +£9
Dheirav Prakash built iron 3 at Birmingham · card: Wild Location
Dheirav Prakash linked Cannock–Farm Brewery (N) · card: Stoke-on-Trent
Bot 3 built pottery 1 at Stafford · card: Wild Industry
Bot 3 linked Tamworth–Walsall · card: cotton / manufacturer
Bot 1 sold at Belper (beer: merchant at Shrewsbury) · card: brewery
Bot 1 built cotton 3 at Belper · card: cotton / manufacturer
Bot 2 sold at Coventry (beer: merchant at Nottingham) · card: coal
Bot 2 built pottery 1 at Coventry · card: Wild Location
Round 14 income, Dheirav Prakash +£15, Bot 1 +£16, Bot 2 +£0, Bot 3 +£9
Bot 2 scouted for wild cards · cards: coal, brewery, brewery
Bot 2 took a £30 loan (income −3 levels) · card: Kidderminster
Bot 1 developed cotton + cotton · card: iron
Bot 1 linked Belper–Derby · card: Coventry
Bot 3 linked Stafford–Cannock and Cannock–Walsall · card: Wolverhampton
Bot 3 took a £30 loan (income −3 levels) · card: Birmingham
Dheirav Prakash scouted for wild cards · cards: Kidderminster, Dudley, Belper
Dheirav Prakash built manufacturer 5 at Leek · card: Leek
Round 13 income, Dheirav Prakash +£13, Bot 1 +£16, Bot 2 +£0, Bot 3 +£12
Dheirav Prakash built coal 4 at Tamworth · card: Tamworth
Dheirav Prakash took a £30 loan (income −3 levels) · card: Coventry
Bot 1 sold at Stafford (beer: Bot 3's brewery at Uttoxeter), Derby (beer: merchant at Nottingham) · card: Stafford
Bot 1 built cotton 2 at Derby · card: cotton / manufacturer
Bot 3 linked Wolverhampton–Dudley · card: Belper
Bot 3 built coal 2 at Cannock · card: Cannock
Bot 2 linked Birmingham–Oxford and Birmingham–Dudley · card: brewery
Bot 2 built brewery 2 at Walsall · card: Walsall
Round 12 income, Dheirav Prakash +£14, Bot 1 +£14, Bot 2 +£0, Bot 3 +£6
Bot 2 linked Coventry–Birmingham and Birmingham–Redditch · card: Stone
Bot 2 took a £30 loan (income −3 levels) · card: Stafford
Dheirav Prakash linked Burton-upon-Trent–Tamworth and Nuneaton–Birmingham · card: cotton / manufacturer
Dheirav Prakash linked Stone–Burton-upon-Trent and Derby–Nottingham · card: Derby
Bot 3 built coal 2 at Leek · card: Leek
Bot 3 built brewery 3 at Uttoxeter · card: Uttoxeter
Bot 1 built iron 4 at Derby · card: Wild Location
Bot 1 linked Stone–Stafford · card: Nuneaton
Round 11 income, Dheirav Prakash +£14, Bot 1 +£13, Bot 2 +£3, Bot 3 +£0
Bot 2 linked Coalbrookdale–Kidderminster and Coalbrookdale–Shrewsbury · card: iron
Bot 2 linked Wolverhampton–Coalbrookdale and Cannock–Wolverhampton · card: brewery
Bot 1 built coal 2 at Burton-upon-Trent · card: Burton-upon-Trent
Bot 1 built coal 2 at Stone · card: Wild Industry
Dheirav Prakash linked Derby–Uttoxeter and Uttoxeter–Stone · card: cotton / manufacturer
Dheirav Prakash linked Burton-upon-Trent–Cannock and Derby–Burton-upon-Trent · card: Redditch
Bot 3 linked Redditch–Gloucester and Redditch–Oxford · card: Coalbrookdale
Bot 3 took a £30 loan (income −3 levels) · card: Stoke-on-Trent
Round 10 income, Dheirav Prakash +£7, Bot 1 +£4, Bot 2 +£3, Bot 3 +£3
Dheirav Prakash built coal 4 at Nuneaton · card: coal
Dheirav Prakash took a £30 loan (income −3 levels) · card: pottery
Dheirav Prakash undid their first action.
Dheirav Prakash undid their first action.
Bot 2 took a £30 loan (income −3 levels) · card: Cannock
Bot 2 linked Stoke-on-Trent–Stone and Stoke-on-Trent–Leek · card: Stoke-on-Trent
Bot 3 built brewery 2 at Burton-upon-Trent · card: Burton-upon-Trent
Bot 3 developed brewery + brewery · card: Coventry
Bot 1 built brewery 2 at Uttoxeter · card: Uttoxeter
Bot 1 linked Warrington–Stoke-on-Trent · card: Worcester
Round 9 income, Dheirav Prakash +£10, Bot 1 +£4, Bot 2 +£6, Bot 3 +£3
Bot 1 scouted for wild cards · cards: Coalbrookdale, pottery, iron
Bot 1 built brewery 2 at Stone · card: Stone
Bot 3 built iron 4 at Coalbrookdale · card: Wild Location
Bot 3 scouted for wild cards · cards: Worcester, pottery, Wolverhampton
Dheirav Prakash built iron 2 at Coalbrookdale · card: Coalbrookdale
Dheirav Prakash built brewery 2 at Derby · card: Derby
Bot 2 linked Tamworth–Nuneaton and Nuneaton–Coventry · card: Dudley
Bot 2 took a £30 loan (income −3 levels) · card: Birmingham
rail era begins: level-1 tiles and canal links removed, new deck dealt
canal era scored: Dheirav Prakash +12 VP (12), Bot 1 +28 VP (28), Bot 2 +35 VP (35), Bot 3 +37 VP (41)
Round 8 income, Dheirav Prakash +£6, Bot 1 +£4, Bot 2 +£1, Bot 3 +£3
Dheirav Prakash sold at Stoke-on-Trent (beer: merchant at Warrington) · card: Derby
Dheirav Prakash built brewery 2 at Nuneaton · card: Nuneaton
Bot 1 built manufacturer 2 at Stafford · card: cotton / manufacturer
Bot 1 linked Stone–Stafford · card: cotton / manufacturer
Bot 3 sold at Worcester (beer: merchant at Shrewsbury) · card: coal
Bot 3 built cotton 1 at Worcester · card: cotton / manufacturer
Bot 2 linked Dudley–Kidderminster · card: Derby
Bot 2 linked Coalbrookdale–Kidderminster · card: Uttoxeter
Round 7 income, Dheirav Prakash +£3, Bot 1 +£4, Bot 2 +£1, Bot 3 +£0
Bot 2 developed manufacturer + manufacturer · card: Belper
Bot 2 developed brewery + brewery · card: Leek
Dheirav Prakash built coal 3 at Cannock · card: Cannock
Dheirav Prakash built manufacturer 5 at Birmingham · card: Birmingham
Bot 1 built iron 3 at Redditch · card: Wild Industry
Bot 1 took a £30 loan (income −3 levels) · card: cotton / manufacturer
Bot 3 linked Worcester–Gloucester · card: brewery
Bot 3 took a £30 loan (income −3 levels) · card: Coventry
Round 6 income, Dheirav Prakash −£1, Bot 1 +£6, Bot 2 +£1, Bot 3 +£3
Bot 2 built coal 2 at Coalbrookdale · card: Coalbrookdale
Bot 2 linked Tamworth–Birmingham · card: Uttoxeter
Bot 3 linked Coalbrookdale–Shrewsbury · card: Derby
Bot 3 sold at Birmingham (beer: Bot 3's brewery at Coalbrookdale) · card: Burton-upon-Trent
Bot 1 linked Stoke-on-Trent–Stone · card: cotton / manufacturer
Bot 1 developed coal + brewery · card: iron
Dheirav Prakash took a £30 loan (income −3 levels) · card: Dudley
Dheirav Prakash built manufacturer 4 at Stoke-on-Trent · card: Stoke-on-Trent
Round 5 income, Dheirav Prakash +£2, Bot 1 +£6, Bot 2 +£1, Bot 3 −£1
Dheirav Prakash developed manufacturer + manufacturer · card: cotton / manufacturer
Dheirav Prakash developed manufacturer + manufacturer · card: brewery
Bot 3 built iron 3 at Dudley · card: Dudley
Bot 3 developed iron + iron · card: Coalbrookdale
Bot 1 sold at Stoke-on-Trent (beer: Bot 1's brewery at Stone) · card: Kidderminster
Bot 1 built brewery 1 at Stone · card: Stone
Bot 2 built iron 4 at Stoke-on-Trent · card: Stoke-on-Trent
Bot 2 built coal 2 at Tamworth · card: Tamworth
Round 4 income, Dheirav Prakash +£2, Bot 1 +£3, Bot 2 +£0, Bot 3 −£1
Bot 2 developed coal + iron · card: Wolverhampton
Bot 2 took a £30 loan (income −3 levels) · card: Kidderminster
Dheirav Prakash built coal 3 at Coventry · card: Coventry
Dheirav Prakash built coal 2 at Wolverhampton · card: Wolverhampton
Bot 1 linked Warrington–Stoke-on-Trent · card: Stone
Bot 1 built manufacturer 2 at Stoke-on-Trent · card: Stoke-on-Trent
