game over, winner: Dheirav Prakash
rail era scored: Dheirav Prakash +104 VP (141), Bot 1 +102 VP (116), Bot 2 +80 VP (102), Bot 3 +91 VP (128)
Bot 3 sold at Wolverhampton (beer: Bot 1's brewery at Farm Brewery (S)), Belper (beer: Bot 1's brewery at Farm Brewery (S)) · card: brewery
Bot 3 built manufacturer 4 at Wolverhampton · card: Wild Industry
Bot 2 built cotton 2 at Leek · card: cotton / manufacturer
Bot 2 linked Stoke-on-Trent–Leek · card: cotton / manufacturer
Dheirav Prakash sold at Belper (beer: merchant at Nottingham) · card: Leek
Dheirav Prakash undid their second action.
Dheirav Prakash built manufacturer 4 at Belper · card: Wild Industry
Bot 1 built brewery 2 at Farm Brewery (S) · card: brewery
Bot 1 linked Kidderminster–Worcester · card: Stafford
Round 15 income, Dheirav Prakash +£15, Bot 1 +£17, Bot 2 +£10, Bot 3 +£7
Dheirav Prakash developed manufacturer + manufacturer · card: Stoke-on-Trent
Dheirav Prakash undid their second action.
Dheirav Prakash built iron 3 at Dudley · card: Wild Location
Bot 1 linked Birmingham–Worcester · card: Stone
Bot 1 linked Birmingham–Dudley · card: Dudley
Bot 3 built pottery 1 at Belper · card: Wild Location
Bot 3 scouted for wild cards · cards: iron, iron, coal
Bot 2 sold at Stoke-on-Trent (beer: merchant at Gloucester) · card: Coventry
Bot 2 built cotton 2 at Stoke-on-Trent · card: cotton / manufacturer
Round 14 income, Dheirav Prakash +£14, Bot 1 +£15, Bot 2 +£4, Bot 3 +£7
Bot 3 sold at Wolverhampton, Birmingham (beer: merchant at Warrington) · card: Derby
Bot 3 built manufacturer 3 at Wolverhampton · card: cotton / manufacturer
Bot 2 took a £30 loan (income −3 levels) · card: Dudley
Bot 2 built coal 2 at Tamworth · card: Tamworth
Bot 1 linked Walsall–Wolverhampton · card: Wolverhampton
Bot 1 linked Tamworth–Nuneaton and Tamworth–Walsall · card: Coalbrookdale
Dheirav Prakash linked Belper–Derby and Stone–Burton-upon-Trent · card: cotton / manufacturer
Dheirav Prakash built brewery 3 at Burton-upon-Trent · card: Burton-upon-Trent
Round 13 income, Dheirav Prakash +£11, Bot 1 +£13, Bot 2 +£7, Bot 3 +£5
Dheirav Prakash scouted for wild cards · cards: Redditch, Coventry, Derby
Dheirav Prakash built coal 3 at Burton-upon-Trent · card: Wild Industry
Bot 1 sold at Derby (beer: Bot 2's brewery at Stafford), Coventry (beer: merchant at Nottingham) · card: Coventry
Bot 1 built cotton 2 at Derby · card: Derby
Bot 3 built coal 2 at Tamworth · card: coal
Bot 3 linked Tamworth–Birmingham and Burton-upon-Trent–Tamworth · card: Coalbrookdale
Bot 2 sold at Stafford (beer: Bot 2's brewery at Uttoxeter), Birmingham (beer: Bot 2's brewery at Uttoxeter) · card: Stoke-on-Trent
Bot 2 built pottery 1 at Stafford · card: pottery
Round 12 income, Dheirav Prakash +£11, Bot 1 +£3, Bot 2 −£3, Bot 3 +£1
Bot 2 linked Warrington–Stoke-on-Trent · card: Leek
Bot 2 took a £30 loan (income −3 levels) · card: Wolverhampton
Bot 1 built pottery 1 at Coventry · card: pottery
Bot 1 took a £30 loan (income −3 levels) · card: Belper
Bot 3 took a £30 loan (income −3 levels) · card: Belper
Bot 3 linked Coventry–Birmingham and Birmingham–Redditch · card: Worcester
Dheirav Prakash built coal 2 at Wolverhampton · card: Wild Location
Dheirav Prakash linked Derby–Burton-upon-Trent and Stoke-on-Trent–Stone · card: Kidderminster
Round 11 income, Dheirav Prakash +£7, Bot 1 +£6, Bot 2 +£0, Bot 3 +£1
Dheirav Prakash scouted for wild cards · cards: coal, cotton / manufacturer, iron
Dheirav Prakash took a £30 loan (income −3 levels) · card: pottery
Bot 1 sold at Birmingham (beer: merchant at Oxford) · card: Cannock
Bot 1 linked Nuneaton–Coventry and Nuneaton–Birmingham · card: Birmingham
Bot 3 linked Coalbrookdale–Kidderminster and Wolverhampton–Coalbrookdale · card: brewery
Bot 3 took a £30 loan (income −3 levels) · card: Worcester
Bot 2 built brewery 3 at Stafford · card: brewery
Bot 2 built brewery 2 at Uttoxeter · card: Uttoxeter
Round 10 income, Dheirav Prakash +£9, Bot 1 +£4, Bot 2 +£0, Bot 3 +£0
Bot 2 linked Redditch–Oxford and Redditch–Gloucester · card: Stone
Bot 2 took a £30 loan (income −3 levels) · card: Kidderminster
Dheirav Prakash built iron 2 at Walsall · card: Walsall
Dheirav Prakash linked Uttoxeter–Stone and Stone–Stafford · card: cotton / manufacturer
Bot 3 built brewery 3 at Uttoxeter · card: Uttoxeter
Bot 3 built manufacturer 2 at Birmingham · card: Birmingham
Bot 1 built iron 4 at Redditch · card: iron
Bot 1 built manufacturer 2 at Birmingham · card: Birmingham
Bot 2 recovered £5 (£4 in hand)
Bot 2 covers the shortfall: sells manufacturer 2 at Walsall
Bot 2 cannot pay income, £1 short, choosing tiles to sell
Round 9 income, Dheirav Prakash +£3, Bot 1 +£1, Bot 2 −£2, Bot 3 +£0
Bot 3 built brewery 2 at Nuneaton · card: Nuneaton
Bot 3 took a £30 loan (income −3 levels) · card: Stoke-on-Trent
Bot 2 linked Birmingham–Oxford and Birmingham–Walsall · card: Coalbrookdale
Bot 2 built brewery 2 at Stafford · card: Stafford
Dheirav Prakash linked Derby–Nottingham and Derby–Uttoxeter · card: cotton / manufacturer
Dheirav Prakash built brewery 3 at Stone · card: brewery
Bot 1 linked Coalbrookdale–Shrewsbury · card: Cannock
Bot 1 took a £30 loan (income −3 levels) · card: Burton-upon-Trent
rail era begins: level-1 tiles and canal links removed, new deck dealt
canal era scored: Dheirav Prakash +34 VP (34), Bot 1 +11 VP (11), Bot 2 +22 VP (22), Bot 3 +37 VP (37)
Round 8 income, Dheirav Prakash +£3, Bot 1 −£2, Bot 2 −£2, Bot 3 +£3
Bot 2 developed brewery + brewery · card: Wild Industry
Bot 2 took a £30 loan (income −3 levels) · card: cotton / manufacturer
Dheirav Prakash sold at Belper (beer: Dheirav Prakash's brewery at Derby), Stoke-on-Trent (beer: merchant at Warrington) · card: Coventry
Dheirav Prakash took a £30 loan (income −3 levels) · card: Birmingham
Bot 1 developed brewery + brewery · card: Worcester
Bot 1 developed cotton + cotton · card: Walsall
Bot 3 sold at Walsall (beer: merchant at Oxford) · card: Wild Industry
Bot 3 built manufacturer 2 at Walsall · card: Wild Location
Round 7 income, Dheirav Prakash −£3, Bot 1 −£4, Bot 2 +£1, Bot 3 +£2
Bot 3 linked Worcester–Gloucester · card: cotton / manufacturer
Bot 3 scouted for wild cards · cards: Stafford, cotton / manufacturer, cotton / manufacturer
Bot 2 built manufacturer 2 at Walsall · card: cotton / manufacturer
Bot 2 linked Birmingham–Walsall · card: Uttoxeter
Bot 1 built iron 3 at Derby · card: Derby
Bot 1 developed iron + cotton · card: Dudley
Dheirav Prakash built manufacturer 2 at Stoke-on-Trent · card: Stoke-on-Trent
Dheirav Prakash developed manufacturer + pottery · card: Leek
Dheirav Prakash undid their first action.
Round 6 income, Dheirav Prakash −£3, Bot 1 −£4, Bot 2 +£1, Bot 3 +£1
Dheirav Prakash linked Derby–Nottingham · card: cotton / manufacturer
Dheirav Prakash took a £30 loan (income −3 levels) · card: brewery
Bot 2 developed coal + coal · card: Belper
Bot 2 built manufacturer 2 at Birmingham · card: Wild Location
Bot 1 built coal 4 at Belper · card: Belper
Bot 1 took a £30 loan (income −3 levels) · card: Uttoxeter
Bot 3 built iron 4 at Birmingham · card: Wild Industry
Bot 3 linked Birmingham–Oxford · card: Tamworth
Round 5 income, Dheirav Prakash +£0, Bot 1 −£1, Bot 2 +£0, Bot 3 +£1
Bot 1 developed iron + manufacturer · card: Coventry
Bot 1 built coal 4 at Redditch · card: Redditch
Dheirav Prakash built pottery 1 at Belper · card: pottery
Dheirav Prakash linked Belper–Derby · card: pottery
Bot 2 built iron 4 at Stoke-on-Trent · card: iron
Bot 2 took a £30 loan (income −3 levels) · card: Birmingham
Bot 3 built iron 3 at Coventry · card: Wild Location
Bot 3 scouted for wild cards · cards: coal, Derby, Cannock
Round 4 income, Dheirav Prakash +£0, Bot 1 −£1, Bot 2 +£3, Bot 3 +£0
Dheirav Prakash built brewery 2 at Derby · card: Derby
Dheirav Prakash developed brewery + brewery · card: brewery
