game over, winner: Dheirav Prakash
rail era scored: Dheirav Prakash +110 VP (155), Bot 1 +84 VP (108), Bot 2 +74 VP (101), Bot 3 +47 VP (81)
Dheirav Prakash sold at Coventry (beer: 2 from Dheirav Prakash's brewery at Nuneaton) · card: Derby
Dheirav Prakash built brewery 4 at Nuneaton · card: Wild Location
Bot 2 linked Kidderminster–Worcester · card: cotton / manufacturer
Bot 2 built manufacturer 2 at Cannock · card: cotton / manufacturer
Bot 3 developed cotton + manufacturer · card: pottery
Bot 3 developed cotton + cotton · card: brewery
Bot 1 sold at Birmingham (beer: merchant at Gloucester) · card: brewery
Bot 1 linked Worcester–Gloucester · card: Walsall
Round 15 income, Dheirav Prakash +£1, Bot 1 +£8, Bot 2 +£12, Bot 3 +£18
Bot 2 built iron 4 at Coventry · card: iron
Bot 2 built coal 3 at Cannock · card: Cannock
Bot 1 built manufacturer 2 at Birmingham · card: cotton / manufacturer
Bot 1 sold at Wolverhampton (beer: merchant at Shrewsbury), Stafford (beer: merchant at Nottingham) · card: Wolverhampton
Bot 3 built iron 4 at Derby · card: iron
Bot 3 linked Birmingham–Worcester · card: pottery
Dheirav Prakash developed brewery + brewery · card: Wild Industry
Dheirav Prakash built pottery 3 at Coventry · card: Coventry
Round 14 income, Dheirav Prakash +£1, Bot 1 +£7, Bot 2 +£11, Bot 3 +£16
Dheirav Prakash scouted for wild cards · cards: Kidderminster, Coalbrookdale, Stoke-on-Trent
Dheirav Prakash took a £30 loan (income −3 levels) · card: Redditch
Bot 3 sold at Birmingham (beer: merchant at Oxford) · card: brewery
Bot 3 built manufacturer 2 at Belper · card: Belper
Bot 1 built manufacturer 2 at Wolverhampton · card: cotton / manufacturer
Bot 1 built coal 3 at Redditch · card: coal
Bot 2 linked Coalbrookdale–Kidderminster and Dudley–Kidderminster · card: Dudley
Bot 2 built iron 3 at Coalbrookdale · card: Coalbrookdale
Round 13 income, Dheirav Prakash +£4, Bot 1 +£7, Bot 2 +£9, Bot 3 +£13
Bot 3 built iron 3 at Derby · card: iron
Bot 3 built coal 4 at Nuneaton · card: Nuneaton
Dheirav Prakash linked Tamworth–Walsall and Nuneaton–Coventry · card: Coalbrookdale
Dheirav Prakash linked Tamworth–Birmingham and Nuneaton–Birmingham · card: Wolverhampton
Bot 1 took a £30 loan (income −3 levels) · card: Birmingham
Bot 1 linked Redditch–Gloucester · card: Belper
Bot 2 took a £30 loan (income −3 levels) · card: Stoke-on-Trent
Bot 2 linked Redditch–Oxford · card: Leek
Round 12 income, Dheirav Prakash +£4, Bot 1 +£10, Bot 2 +£9, Bot 3 +£12
Bot 2 sold at Belper (beer: Bot 2's brewery at Stafford) · card: Derby
Bot 2 built brewery 2 at Coalbrookdale · card: brewery
Bot 1 built pottery 2 at Stafford · card: Stafford
Bot 1 linked Wolverhampton–Coalbrookdale and Wolverhampton–Dudley · card: Birmingham
Bot 3 built coal 4 at Tamworth · card: Tamworth
Bot 3 built coal 3 at Burton-upon-Trent · card: Burton-upon-Trent
Dheirav Prakash developed pottery · card: Worcester
Dheirav Prakash linked Cannock–Walsall and Stone–Burton-upon-Trent · card: Coventry
Round 11 income, Dheirav Prakash +£4, Bot 1 +£4, Bot 2 +£3, Bot 3 +£10
Dheirav Prakash took a £30 loan (income −3 levels) · card: Birmingham
Dheirav Prakash linked Uttoxeter–Stone and Stone–Stafford · card: Coventry
Bot 1 built iron 2 at Redditch · card: iron
Bot 1 linked Coventry–Birmingham and Birmingham–Redditch · card: Stone
Bot 2 built brewery 2 at Stafford · card: Stafford
Bot 2 built pottery 1 at Belper · card: pottery
Bot 3 built coal 3 at Dudley · card: coal
Bot 3 built cotton 2 at Birmingham · card: cotton / manufacturer
Round 10 income, Dheirav Prakash +£5, Bot 1 +£0, Bot 2 +£3, Bot 3 +£3
Bot 1 took a £30 loan (income −3 levels) · card: Stoke-on-Trent
Bot 1 built brewery 3 at Stone · card: brewery
Bot 2 took a £30 loan (income −3 levels) · card: Stone
Bot 2 linked Coalbrookdale–Shrewsbury · card: Derby
Bot 3 took a £30 loan (income −3 levels) · card: Kidderminster
Bot 3 linked Birmingham–Dudley · card: Cannock
Dheirav Prakash linked Derby–Uttoxeter and Derby–Burton-upon-Trent · card: cotton / manufacturer
Dheirav Prakash built brewery 2 at Uttoxeter · card: Uttoxeter
Round 9 income, Dheirav Prakash +£4, Bot 1 +£3, Bot 2 +£6, Bot 3 +£6
Dheirav Prakash built iron 4 at Dudley · card: Dudley
Dheirav Prakash took a £30 loan (income −3 levels) · card: cotton / manufacturer
Bot 3 sold at Derby (beer: merchant at Nottingham) · card: Leek
Bot 3 built manufacturer 2 at Derby · card: cotton / manufacturer
Bot 2 linked Birmingham–Oxford · card: Burton-upon-Trent
Bot 2 linked Belper–Derby and Derby–Nottingham · card: coal
Bot 1 linked Walsall–Wolverhampton and Birmingham–Walsall · card: Worcester
Bot 1 built brewery 2 at Uttoxeter · card: Uttoxeter
rail era begins: level-1 tiles and canal links removed, new deck dealt
canal era scored: Dheirav Prakash +42 VP (45), Bot 1 +17 VP (17), Bot 2 +27 VP (27), Bot 3 +31 VP (31)
Round 8 income, Dheirav Prakash +£5, Bot 1 −£2, Bot 2 +£2, Bot 3 +£5
Bot 2 linked Tamworth–Birmingham · card: cotton / manufacturer
Bot 2 sold at Worcester (beer: Bot 1's brewery at Walsall) · card: cotton / manufacturer
Dheirav Prakash sold at Belper (beer: merchant at Nottingham) · card: Stoke-on-Trent
Dheirav Prakash built brewery 2 at Derby · card: Derby
Bot 3 developed cotton + cotton · card: Uttoxeter
Bot 3 built iron 2 at Derby · card: Derby
Bot 1 took a £30 loan (income −3 levels) · card: cotton / manufacturer
Bot 1 linked Stone–Burton-upon-Trent · card: cotton / manufacturer
Round 7 income, Dheirav Prakash +£2, Bot 1 −£4, Bot 2 −£1, Bot 3 +£4
Dheirav Prakash linked Derby–Nottingham · card: Derby
Dheirav Prakash linked Belper–Derby · card: brewery
Bot 3 linked Kidderminster–Worcester · card: iron
Bot 3 linked Birmingham–Dudley · card: brewery
Bot 1 linked Warrington–Stoke-on-Trent · card: cotton / manufacturer
Bot 1 linked Stoke-on-Trent–Stone · card: coal
Bot 2 built cotton 1 at Worcester · card: Worcester
Bot 2 took a £30 loan (income −3 levels) · card: Kidderminster
Round 6 income, Dheirav Prakash +£2, Bot 1 −£4, Bot 2 +£2, Bot 3 +£4
Bot 2 linked Birmingham–Worcester · card: Nuneaton
Bot 2 sold at Birmingham (beer: Bot 2's brewery at Stone) · card: Stoke-on-Trent
Dheirav Prakash built pottery 1 at Belper · card: Belper
Dheirav Prakash took a £30 loan (income −3 levels) · card: Coventry
Bot 3 built coal 2 at Kidderminster · card: Kidderminster
Bot 3 built coal 2 at Dudley · card: Dudley
Bot 1 built brewery 2 at Walsall · card: brewery
Bot 1 took a £30 loan (income −3 levels) · card: Cannock
Round 5 income, Dheirav Prakash +£5, Bot 1 −£1, Bot 2 −£1, Bot 3 +£4
Bot 1 linked Walsall–Wolverhampton · card: Birmingham
Bot 1 developed brewery + brewery · card: Birmingham
Bot 2 built brewery 1 at Stone · card: Stone
Bot 2 built manufacturer 2 at Birmingham · card: Birmingham
Dheirav Prakash built iron 3 at Walsall · card: Walsall
Dheirav Prakash linked Birmingham–Walsall · card: coal
Bot 3 sold at Worcester (beer: merchant at Oxford) · card: Dudley
Bot 3 built cotton 1 at Worcester · card: cotton / manufacturer
Round 4 income, Dheirav Prakash +£0, Bot 1 −£1, Bot 2 −£1, Bot 3 +£0
Dheirav Prakash developed brewery + brewery · card: brewery
Dheirav Prakash linked Birmingham–Oxford · card: Redditch
Bot 1 built pottery 1 at Stafford · card: Stafford
Bot 1 built coal 3 at Stone · card: Stone
Bot 2 linked Coalbrookdale–Shrewsbury · card: Leek
Bot 2 built coal 2 at Coalbrookdale · card: Coalbrookdale
Bot 3 took a £30 loan (income −3 levels) · card: Uttoxeter
Bot 3 linked Worcester–Gloucester · card: Coalbrookdale
