game over, winner: Bot 3
rail era scored: Praveen +46 VP (79), Bot 1 +88 VP (118), Bot 2 +99 VP (139), Bot 3 +115 VP (147)
Bot 1 linked Cannock–Brewery (N) · card: cotton / manufacturer
Bot 1 sold at Leek (beer: merchant at Gloucester) · card: iron
Bot 2 linked Birmingham–Worcester · card: cotton / manufacturer
Bot 2 linked Dudley–Kidderminster · card: Birmingham
Bot 3 linked Gloucester–Redditch · card: cotton / manufacturer
Bot 3 linked Redditch–Oxford · card: Stafford
Praveen linked Belper–Leek · card: Walsall
Praveen built coal 3 at Cannock · card: wild_location
Bot 2 linked Cannock–Stafford · card: Uttoxeter
Bot 2 built coal 3 at Nuneaton · card: Nuneaton
Bot 3 linked Nuneaton–Tamworth · card: brewery
Bot 3 linked Birmingham–Tamworth · card: Birmingham
Praveen built coal 3 at Leek · card: wild_industry
Praveen scouted for wild cards · card: Wolverhampton
Bot 1 sold at Coventry (beer: merchant at Warrington) · card: Leek
Bot 1 built pottery 1 at Coventry · card: pottery
Praveen linked Leek–Stoke-on-Trent · card: Belper
Praveen sold at Stoke-on-Trent (beer: merchant at Oxford) · card: Kidderminster
Bot 1 took a £30 loan (income −3 levels) · card: Worcester
Bot 1 developed manufacturer + manufacturer · card: Stoke-on-Trent
Bot 3 sold at Belper (beer: merchant at Warrington) · card: Burton-on-Trent
Bot 3 built pottery 1 at Belper · card: pottery
Bot 2 built coal 3 at Coventry · card: Coventry
Bot 2 linked Stoke-on-Trent–Warrington · card: Redditch
Bot 2 built coal 2 at Tamworth · card: coal
Bot 2 linked Burton-on-Trent–Tamworth · card: Stoke-on-Trent
Bot 1 built iron 3 at Redditch · card: iron
Bot 1 linked Birmingham–Redditch · card: iron
Bot 3 linked Cannock–Wolverhampton · card: Wolverhampton
Bot 3 linked Birmingham–Oxford · card: Stone
Praveen built manufacturer 6 at Stoke-on-Trent · card: cotton / manufacturer
Praveen built coal 2 at Tamworth · card: Tamworth
Bot 1 linked Birmingham–Coventry · card: brewery
Bot 1 took a £30 loan (income −3 levels) · card: Uttoxeter
Praveen took a £30 loan (income −3 levels) · card: Coventry
Praveen linked Tamworth–Walsall · card: Stoke-on-Trent
Bot 2 built coal 2 at Kidderminster · card: Kidderminster
Bot 2 linked Coalbrookdale–Kidderminster · card: Leek
Bot 3 linked Coventry–Nuneaton · card: Derby
Bot 3 sold at Cannock (beer: merchant at Shrewsbury) · card: Coalbrookdale
Bot 2 linked Birmingham–Dudley and Birmingham–Nuneaton · card: Cannock
Bot 2 took a £30 loan (income −3 levels) · card: Stone
Bot 1 linked Birmingham–Walsall · card: cotton / manufacturer
Bot 1 linked Burton-on-Trent–Cannock and Cannock–Walsall · card: cotton / manufacturer
Bot 3 built coal 3 at Belper · card: coal
Bot 3 linked Belper–Derby · card: Derby
Praveen linked Walsall–Wolverhampton · card: Cannock
Praveen built manufacturer 5 at Wolverhampton · card: wild_location
Bot 3 built coal 2 at Dudley · card: Dudley
Bot 3 built brewery 3 at Walsall · card: brewery
Bot 1 took a £30 loan (income −3 levels) · card: Derby
Bot 1 linked Stafford–Stone and Stoke-on-Trent–Stone · card: Worcester
Bot 2 linked Stone–Uttoxeter · card: Dudley
Bot 2 linked Burton-on-Trent–Derby and Burton-on-Trent–Stone · card: Birmingham
Praveen built iron 2 at Dudley · card: wild_industry
Praveen scouted for wild cards · card: brewery
Praveen developed brewery + brewery · card: coal
Praveen linked Dudley–Wolverhampton · card: pottery
Bot 2 took a £30 loan (income −3 levels) · card: Coventry
Bot 2 built brewery 3 at Burton-on-Trent · card: Burton-on-Trent
Bot 3 built iron 4 at Derby · card: iron
Bot 3 linked Derby–Nottingham and Derby–Uttoxeter · card: Coalbrookdale
Bot 1 linked Coalbrookdale–Shrewsbury and Coalbrookdale–Wolverhampton · card: cotton / manufacturer
Bot 1 took a £30 loan (income −3 levels) · card: cotton / manufacturer
canal era scored: Praveen +33 VP (33), Bot 1 +30 VP (30), Bot 2 +40 VP (40), Bot 3 +28 VP (28)
Bot 3 sold at Walsall (beer: merchant at Warrington) · card: Birmingham
Bot 3 linked Burton-on-Trent–Walsall · card: cotton / manufacturer
Bot 1 sold at Redditch (beer: merchant at Gloucester) · card: Leek
Bot 1 linked Gloucester–Redditch · card: Stoke-on-Trent
Praveen built manufacturer 5 at Stone · card: wild_location
Praveen built coal 2 at Wolverhampton · card: Wolverhampton
Bot 2 sold at Birmingham (beer: merchant at Oxford) · card: brewery
Bot 2 built manufacturer 2 at Birmingham · card: cotton / manufacturer
Bot 2 sold at Derby (beer: merchant at Warrington) · card: Dudley
Bot 2 linked Stoke-on-Trent–Stone · card: Coventry
Bot 1 built coal 2 at Burton-on-Trent · card: coal
Bot 1 linked Burton-on-Trent–Stone · card: Worcester
Bot 3 built manufacturer 2 at Cannock · card: Cannock
Bot 3 took a £30 loan (income −3 levels) · card: iron
Praveen built iron 1 at Derby · card: wild_industry
Praveen linked Derby–Nottingham · card: Derby
Bot 2 built manufacturer 2 at Derby · card: Derby
Bot 2 took a £30 loan (income −3 levels) · card: pottery
Bot 1 built manufacturer 2 at Redditch · card: Redditch
Bot 1 took a £30 loan (income −3 levels) · card: brewery
Bot 3 built coal 2 at Coalbrookdale · card: Coalbrookdale
Bot 3 developed coal · card: coal
Praveen linked Burton-on-Trent–Derby · card: Stone
Praveen scouted for wild cards · card: brewery
Bot 3 built brewery 2 at Uttoxeter · card: Uttoxeter
Bot 3 took a £30 loan (income −3 levels) · card: Tamworth
Bot 2 built brewery 2 at Stafford · card: Stafford
Bot 2 built iron 3 at Stoke-on-Trent · card: Stoke-on-Trent
Praveen sold at Stoke-on-Trent (beer: merchant at Warrington) · card: cotton / manufacturer
Praveen linked Stoke-on-Trent–Warrington · card: cotton / manufacturer
Bot 1 built coal 1 at Cannock · card: Cannock
Bot 1 built manufacturer 2 at Leek · card: Leek
Bot 3 built brewery 2 at Derby · card: Derby
Bot 3 developed brewery + brewery · card: Birmingham
Bot 2 built brewery 2 at Nuneaton · card: Nuneaton
Bot 2 developed brewery + brewery · card: brewery
Bot 1 took a £30 loan (income −3 levels) · card: Coalbrookdale
Bot 1 built brewery 2 at Stone · card: Stone
Praveen built manufacturer 4 at Stoke-on-Trent · card: Stoke-on-Trent
Praveen took a £30 loan (income −3 levels) · card: pottery
Bot 3 built manufacturer 2 at Walsall · card: Walsall
Bot 3 took a £30 loan (income −3 levels) · card: iron
Bot 1 built brewery 2 at Uttoxeter · card: Uttoxeter
Bot 1 developed brewery + brewery · card: Wolverhampton
Praveen developed manufacturer + manufacturer · card: cotton / manufacturer
Praveen developed manufacturer + manufacturer · card: cotton / manufacturer
Bot 2 built iron 2 at Coalbrookdale · card: Coalbrookdale
Bot 2 took a £30 loan (income −3 levels) · card: Stafford
Bot 3 built iron 3 at Birmingham · card: Birmingham
Bot 3 built iron 2 at Coventry · card: iron
Praveen linked Birmingham–Coventry · card: Burton-on-Trent
Praveen built coal 1 at Coventry · card: Coventry
Bot 1 built iron 2 at Coalbrookdale · card: iron
Bot 1 linked Coalbrookdale–Shrewsbury · card: Kidderminster
Bot 2 built coal 1 at Belper · card: Belper
Bot 2 linked Birmingham–Oxford · card: Kidderminster
Bot 3 developed iron + manufacturer · card: coal
Praveen built brewery 1 at Burton-on-Trent · card: Burton-on-Trent
Bot 1 developed iron + manufacturer · card: cotton / manufacturer
Bot 2 developed iron + manufacturer · card: Coventry
