game over, winner: Dheirav Prakash
rail era scored: Dheirav Prakash +110 VP (140), Bot 1 +89 VP (112), Bot 2 +99 VP (136), Bot 3 +87 VP (125)
Dheirav Prakash passed · card: pottery
Dheirav Prakash sold at Belper (beer: merchant at Gloucester), Wolverhampton (beer: merchant at Gloucester) · card: iron
Bot 1 took a £30 loan (income −3 levels) · card: manufacturer / cotton
Bot 1 took a £30 loan (income −3 levels) · card: Kidderminster
Bot 3 took a £30 loan (income −3 levels) · card: manufacturer / cotton
Bot 3 sold at Stoke-on-Trent (beer: merchant at Shrewsbury) · card: Stoke-on-Trent
Bot 2 linked Gloucester–Worcester and Birmingham–Worcester · card: manufacturer / cotton
Bot 2 took a £30 loan (income −3 levels) · card: iron
Bot 3 built brewery 3 at Brewery (S) · card: brewery
Bot 3 linked Kidderminster–Worcester–Brewery (S) · card: Cannock
Dheirav Prakash built coal 4 at Nuneaton · card: wild_location
Dheirav Prakash built manufacturer 2 at Wolverhampton · card: Wolverhampton
Bot 1 built iron 3 at Redditch · card: iron
Bot 1 linked Birmingham–Redditch · card: Stoke-on-Trent
Bot 2 linked Redditch–Oxford · card: Birmingham
Bot 2 linked Gloucester–Redditch · card: Belper
Dheirav Prakash developed manufacturer + manufacturer · card: Redditch
Dheirav Prakash built coal 4 at Cannock · card: Cannock
Bot 3 linked Dudley–Kidderminster and Dudley–Wolverhampton · card: Belper
Bot 3 took a £30 loan (income −3 levels) · card: Worcester
Bot 2 sold at Stafford (beer: merchant at Shrewsbury) · card: Coventry
Bot 2 built brewery 3 at Derby · card: brewery
Bot 1 sold at Coventry (beer: merchant at Nottingham) · card: Uttoxeter
Bot 1 built pottery 1 at Coventry · card: Coventry
Bot 3 linked Birmingham–Coventry and Birmingham–Oxford · card: Stafford
Bot 3 built coal 2 at Wolverhampton · card: Wolverhampton
Dheirav Prakash linked Belper–Leek and Cannock–Wolverhampton · card: Worcester
Dheirav Prakash built brewery 3 at Brewery (N) · card: wild_industry
Bot 1 took a £30 loan (income −3 levels) · card: Walsall
Bot 1 linked Birmingham–Tamworth · card: Stafford
Bot 2 built pottery 1 at Stafford · card: pottery
Bot 2 linked Cannock–Stafford · card: iron
Bot 1 built coal 2 at Tamworth · card: coal
Bot 1 sold at Leek (beer: merchant at Warrington) · card: Derby
Dheirav Prakash linked Cannock–Brewery (N) · card: coal
Dheirav Prakash scouted for wild cards · card: coal
Bot 2 built coal 2 at Kidderminster · card: Kidderminster
Bot 2 sold at Coventry (beer: merchant at Shrewsbury) · card: Coalbrookdale
Bot 3 built iron 4 at Coventry · card: Coventry
Bot 3 linked Coalbrookdale–Wolverhampton and Coventry–Nuneaton · card: Uttoxeter
Bot 2 linked Birmingham–Nuneaton and Nuneaton–Tamworth · card: Stone
Bot 2 took a £30 loan (income −3 levels) · card: Dudley
Dheirav Prakash built pottery 1 at Belper · card: pottery
Dheirav Prakash took a £30 loan (income −3 levels) · card: Leek
Bot 3 took a £30 loan (income −3 levels) · card: Burton-on-Trent
Bot 3 built brewery 2 at Nuneaton · card: Nuneaton
Bot 1 linked Leek–Stoke-on-Trent and Stoke-on-Trent–Warrington · card: Stone
Bot 1 linked Tamworth–Walsall and Walsall–Wolverhampton · card: Burton-on-Trent
Dheirav Prakash built brewery 2 at Uttoxeter · card: brewery
Dheirav Prakash built coal 3 at Tamworth · card: Tamworth
Bot 1 linked Burton-on-Trent–Tamworth · card: Coalbrookdale
Bot 1 took a £30 loan (income −3 levels) · card: manufacturer / cotton
Bot 3 linked Coalbrookdale–Kidderminster · card: Dudley
Bot 3 linked Birmingham–Dudley · card: manufacturer / cotton
Bot 2 linked Stoke-on-Trent–Stone and Birmingham–Walsall · card: Coalbrookdale
Bot 2 linked Burton-on-Trent–Cannock and Cannock–Walsall · card: Birmingham
Bot 3 built brewery 2 at Walsall · card: brewery
Bot 3 took a £30 loan (income −3 levels) · card: manufacturer / cotton
Bot 2 took a £30 loan (income −3 levels) · card: brewery
Bot 2 linked Coalbrookdale–Shrewsbury · card: Birmingham
Bot 1 linked Stafford–Stone · card: Leek
Bot 1 linked Burton-on-Trent–Derby and Burton-on-Trent–Stone · card: Stoke-on-Trent
Dheirav Prakash linked Derby–Nottingham and Stone–Uttoxeter · card: Derby
Dheirav Prakash linked Belper–Derby and Derby–Uttoxeter · card: Derby
canal era scored: Dheirav Prakash +30 VP (30), Bot 1 +20 VP (20), Bot 2 +33 VP (33), Bot 3 +34 VP (38)
Dheirav Prakash took a £30 loan (income −3 levels) · card: Wolverhampton
Dheirav Prakash developed cotton + cotton · card: Coventry
Bot 3 sold at Derby (beer: merchant at Shrewsbury) · card: manufacturer / cotton
Bot 3 linked Burton-on-Trent–Derby · card: Kidderminster
Bot 2 sold at Redditch (beer: merchant at Gloucester) · card: iron
Bot 2 linked Gloucester–Redditch · card: Birmingham
Bot 1 sold at Burton-on-Trent (beer: merchant at Shrewsbury) · card: brewery
Bot 1 linked Burton-on-Trent–Walsall · card: manufacturer / cotton
Bot 1 linked Birmingham–Dudley · card: pottery
Bot 1 took a £30 loan (income −3 levels) · card: Dudley
Dheirav Prakash built iron 4 at Derby · card: iron
Dheirav Prakash linked Belper–Derby · card: pottery
Bot 2 built coal 2 at Stone · card: Stone
Bot 2 linked Derby–Nottingham · card: coal
Bot 3 developed brewery + brewery · card: Coalbrookdale
Bot 3 built coal 2 at Coalbrookdale · card: coal
Bot 2 took a £30 loan (income −3 levels) · card: brewery
Bot 2 built manufacturer 2 at Coventry · card: Coventry
Bot 3 built manufacturer 2 at Stoke-on-Trent · card: Stoke-on-Trent
Bot 3 took a £30 loan (income −3 levels) · card: Cannock
Dheirav Prakash built coal 3 at Belper · card: Belper
Dheirav Prakash built coal 2 at Cannock · card: Cannock
Bot 1 built manufacturer 2 at Leek · card: Leek
Bot 1 built manufacturer 2 at Burton-on-Trent · card: Burton-on-Trent
Bot 3 built iron 3 at Walsall · card: Walsall
Bot 3 linked Walsall–Wolverhampton · card: Belper
Bot 2 built manufacturer 2 at Redditch · card: Redditch
Bot 2 built brewery 2 at Burton-on-Trent · card: Burton-on-Trent
Dheirav Prakash took a £30 loan (income −3 levels) · card: manufacturer / cotton
Dheirav Prakash built brewery 2 at Uttoxeter · card: Uttoxeter
Bot 1 took a £30 loan (income −3 levels) · card: brewery
Bot 1 built brewery 2 at Stafford · card: Stafford
Bot 1 built coal 2 at Dudley · card: Dudley
Bot 1 developed coal + iron · card: manufacturer / cotton
Bot 3 built iron 2 at Dudley · card: iron
Bot 3 linked Dudley–Wolverhampton · card: Worcester
Bot 2 built brewery 2 at Derby · card: Derby
Bot 2 developed brewery + brewery · card: Uttoxeter
Dheirav Prakash developed brewery + brewery · card: Stoke-on-Trent
Dheirav Prakash built iron 3 at Stoke-on-Trent · card: Stoke-on-Trent
Bot 2 built iron 4 at Birmingham · card: Birmingham
Bot 2 took a £30 loan (income −3 levels) · card: Birmingham
Dheirav Prakash linked Leek–Stoke-on-Trent · card: manufacturer / cotton
Dheirav Prakash built coal 2 at Leek · card: Leek
Bot 3 built manufacturer 2 at Derby · card: Derby
Bot 3 took a £30 loan (income −3 levels) · card: brewery
Bot 1 built brewery 2 at Stone · card: Stone
Bot 1 developed brewery + brewery · card: Tamworth
Bot 1 took a £30 loan (income −3 levels) · card: Coalbrookdale
Bot 1 linked Birmingham–Oxford · card: Stafford
Bot 2 developed coal + iron · card: Derby
Bot 2 built iron 2 at Coalbrookdale · card: iron
Bot 3 built coal 1 at Wolverhampton · card: Wolverhampton
Bot 3 linked Coalbrookdale–Wolverhampton · card: Worcester
Dheirav Prakash built iron 2 at Coalbrookdale · card: Coalbrookdale
Dheirav Prakash linked Coalbrookdale–Shrewsbury · card: manufacturer / cotton
Bot 1 developed iron + manufacturer · card: brewery
Bot 2 developed iron + manufacturer · card: Nuneaton
Bot 3 developed iron + manufacturer · card: coal
Dheirav Prakash developed coal + iron · card: manufacturer / cotton
