Log & chat
game over, winner: haze eshwald
rail era scored: haze eshwald +92 VP (110), Bot 1 +55 VP (86), Bot 2 +58 VP (84), Bot 3 +76 VP (99)
haze eshwald linked Redditch–Gloucester · card: Coventry
haze eshwald built iron 4 at Redditch · card: Wild Location
Bot 1 built manufacturer 5 at Walsall · card: cotton / manufacturer
Bot 1 built manufacturer 4 at Derby · card: cotton / manufacturer
Bot 3 took a £30 loan (income −3 levels) · card: pottery
Bot 3 linked Stoke-on-Trent–Stone · card: cotton / manufacturer
Bot 2 developed coal + pottery · card: pottery
Bot 2 built iron 4 at Derby · card: iron
Round 15 income, haze eshwald +£17, Bot 1 +£10, Bot 2 +£12, Bot 3 +£4
Bot 3 built brewery 3 at Derby · card: brewery
Bot 3 sold at Coventry (beer: Bot 2's brewery at Uttoxeter) · card: coal
Bot 1 took a £30 loan (income −3 levels) · card: brewery
Bot 1 built manufacturer 3 at Cannock · card: cotton / manufacturer
Bot 2 sold at Birmingham (beer: Bot 2's brewery at Nuneaton) · card: Coalbrookdale
Bot 2 linked Birmingham–Worcester · card: Stone
haze eshwald linked Tamworth–Walsall and Birmingham–Redditch · card: Derby
haze eshwald built brewery 4 at Farm Brewery (N) · card: Wild Industry
Round 14 income, haze eshwald +£17, Bot 1 +£13, Bot 2 +£10, Bot 3 +£1
Bot 1 linked Stafford–Cannock · card: Coventry
Bot 1 built coal 3 at Belper · card: Belper
haze eshwald scouted for wild cards · cards: cotton / manufacturer, Worcester, Leek
haze eshwald linked Cannock–Farm Brewery (N) · card: Stoke-on-Trent
Bot 2 took a £30 loan (income −3 levels) · card: Stoke-on-Trent
Bot 2 built brewery 3 at Uttoxeter · card: brewery
Bot 3 built pottery 1 at Coventry · card: pottery
Bot 3 took a £30 loan (income −3 levels) · card: Derby
Round 13 income, haze eshwald +£17, Bot 1 +£11, Bot 2 +£13, Bot 3 +£4
Bot 1 linked Cannock–Wolverhampton and Cannock–Walsall · card: Birmingham
Bot 1 linked Kidderminster–Worcester and Worcester–Gloucester · card: Kidderminster
Bot 2 built manufacturer 2 at Birmingham · card: cotton / manufacturer
Bot 2 built iron 3 at Derby · card: iron
Bot 3 sold at Birmingham, Belper (beer: haze eshwald's brewery at Walsall) · card: Tamworth
Bot 3 built manufacturer 4 at Belper · card: Belper
haze eshwald built coal 4 at Cannock · card: Cannock
haze eshwald linked Birmingham–Walsall and Walsall–Wolverhampton · card: Coalbrookdale
Round 12 income, haze eshwald +£12, Bot 1 +£11, Bot 2 +£12, Bot 3 −£2
Bot 2 built brewery 3 at Nuneaton · card: brewery
Bot 2 built coal 3 at Coventry · card: Coventry
haze eshwald took a £30 loan (income −3 levels) · card: cotton / manufacturer
haze eshwald built brewery 3 at Walsall · card: Walsall
Bot 3 built manufacturer 3 at Birmingham · card: cotton / manufacturer
Bot 3 took a £30 loan (income −3 levels) · card: Cannock
Bot 1 built iron 4 at Coalbrookdale · card: iron
Bot 1 linked Coalbrookdale–Kidderminster and Dudley–Kidderminster · card: Worcester
Round 11 income, haze eshwald +£12, Bot 1 +£11, Bot 2 +£10, Bot 3 +£1
haze eshwald linked Stone–Stafford · card: coal
haze eshwald built brewery 3 at Stafford · card: Stafford
Bot 3 sold at Coventry (beer: Bot 1's brewery at Coalbrookdale) · card: Birmingham
Bot 3 linked Coventry–Birmingham and Nuneaton–Coventry · card: Dudley
Bot 2 linked Wolverhampton–Coalbrookdale · card: Wolverhampton
Bot 2 linked Birmingham–Dudley and Wolverhampton–Dudley · card: Uttoxeter
Bot 1 took a £30 loan (income −3 levels) · card: Derby
Bot 1 linked Belper–Derby · card: Stoke-on-Trent
Round 10 income, haze eshwald +£10, Bot 1 +£8, Bot 2 +£8, Bot 3 +£0
haze eshwald built coal 3 at Stone · card: Stone
haze eshwald built coal 3 at Dudley · card: coal
Bot 3 linked Tamworth–Birmingham and Tamworth–Nuneaton · card: Dudley
Bot 3 took a £30 loan (income −3 levels) · card: Coalbrookdale
Bot 1 built coal 3 at Leek · card: Leek
Bot 1 built coal 2 at Nuneaton · card: Nuneaton
Bot 2 built brewery 2 at Uttoxeter · card: Uttoxeter
Bot 2 built iron 2 at Derby · card: iron
Round 9 income, haze eshwald +£7, Bot 1 +£5, Bot 2 +£6, Bot 3 +£3
haze eshwald linked Birmingham–Oxford and Nuneaton–Birmingham · card: Burton-upon-Trent
haze eshwald linked Uttoxeter–Stone and Derby–Uttoxeter · card: Redditch
Bot 1 linked Coalbrookdale–Shrewsbury · card: Birmingham
Bot 1 built brewery 2 at Coalbrookdale · card: brewery
Bot 3 linked Burton-upon-Trent–Tamworth · card: Stafford
Bot 3 linked Burton-upon-Trent–Cannock and Stone–Burton-upon-Trent · card: Wolverhampton
Bot 2 linked Derby–Burton-upon-Trent and Derby–Nottingham · card: Kidderminster
Bot 2 took a £30 loan (income −3 levels) · card: Burton-upon-Trent
rail era begins: level-1 tiles and canal links removed, new deck dealt
canal era scored: haze eshwald +18 VP (18), Bot 1 +27 VP (31), Bot 2 +26 VP (26), Bot 3 +23 VP (23)
Round 8 income, haze eshwald +£2, Bot 1 +£5, Bot 2 +£1, Bot 3 −£4
Bot 3 linked Derby–Nottingham · card: brewery
Bot 3 took a £30 loan (income −3 levels) · card: Dudley
Bot 2 linked Birmingham–Oxford · card: cotton / manufacturer
Bot 2 sold at Birmingham (beer: Bot 2's brewery at Nuneaton) · card: cotton / manufacturer
haze eshwald took a £30 loan (income −3 levels) · card: Wild Industry
haze eshwald built brewery 2 at Uttoxeter · card: Wild Location
Bot 1 linked Walsall–Wolverhampton · card: cotton / manufacturer
Bot 1 developed brewery + brewery · card: Kidderminster
Bot 2 recovered £8 (£5 in hand)
Bot 2 covers the shortfall: sells pottery 1 at Coventry
Bot 2 cannot pay income, £3 short, choosing tiles to sell
Round 7 income, haze eshwald +£5, Bot 1 +£5, Bot 2 −£4, Bot 3 −£1
Bot 1 sold at Stoke-on-Trent (beer: merchant at Warrington) · card: brewery
Bot 1 linked Warrington–Stoke-on-Trent · card: coal
haze eshwald scouted for wild cards · cards: pottery, Derby, Stone
haze eshwald built iron 3 at Birmingham · card: Wild Location
Bot 2 built manufacturer 2 at Birmingham · card: cotton / manufacturer
Bot 2 linked Tamworth–Birmingham · card: cotton / manufacturer
Bot 3 built brewery 3 at Stone · card: Stone
Bot 3 built manufacturer 2 at Coventry · card: Coventry
Round 6 income, haze eshwald +£4, Bot 1 +£2, Bot 2 −£4, Bot 3 −£1
haze eshwald linked Birmingham–Dudley · card: cotton / manufacturer
haze eshwald built brewery 2 at Farm Brewery (S) · card: brewery
Bot 2 built coal 2 at Burton-upon-Trent · card: coal
Bot 2 linked Burton-upon-Trent–Tamworth · card: pottery
Bot 1 built pottery 1 at Stoke-on-Trent · card: Stoke-on-Trent
Bot 1 built iron 3 at Coalbrookdale · card: Wild Industry
Bot 3 built brewery 2 at Derby · card: Derby
Bot 3 took a £30 loan (income −3 levels) · card: Wolverhampton
Round 5 income, haze eshwald +£4, Bot 1 +£1, Bot 2 −£4, Bot 3 +£2
Bot 3 linked Wolverhampton–Dudley · card: Birmingham
Bot 3 sold at Wolverhampton (beer: Bot 3's brewery at Burton-upon-Trent) · card: Stoke-on-Trent
Bot 2 took a £30 loan (income −3 levels) · card: Leek
Bot 2 built brewery 2 at Nuneaton · card: Nuneaton
Bot 1 took a £30 loan (income −3 levels) · card: Cannock
Bot 1 built coal 2 at Belper · card: Belper
haze eshwald developed brewery + brewery · card: Leek
haze eshwald built iron 2 at Dudley · card: Wild Industry
Round 4 income, haze eshwald +£2, Bot 1 +£4, Bot 2 −£1, Bot 3 −£3
Bot 1 built coal 1 at Dudley · card: Wild Location
Bot 1 scouted for wild cards · cards: Walsall, Derby, brewery
haze eshwald scouted for wild cards · cards: pottery, Stoke-on-Trent, Redditch
haze eshwald linked Dudley–Kidderminster · card: cotton / manufacturer
Bot 2 built pottery 1 at Coventry · card: Coventry
