game over, winner: Bot 2
rail era scored: Dheirav Prakash +79 VP (101), Bot 1 +74 VP (95), Bot 2 +94 VP (112), Bot 3 +78 VP (101)
Dheirav Prakash passed · card: Uttoxeter
Dheirav Prakash linked Wolverhampton–Dudley · card: brewery
Bot 2 built manufacturer 3 at Walsall · card: cotton / manufacturer
Bot 2 sold at Birmingham (beer: merchant at Warrington) · card: Derby
Bot 3 built cotton 2 at Derby · card: cotton / manufacturer
Bot 3 built iron 4 at Derby · card: Derby
Bot 1 built cotton 2 at Leek · card: cotton / manufacturer
Bot 1 built manufacturer 2 at Belper · card: cotton / manufacturer
Round 15 income, Dheirav Prakash +£9, Bot 1 +£3, Bot 2 +£18, Bot 3 +£7
Dheirav Prakash linked Burton-upon-Trent–Tamworth and Tamworth–Birmingham · card: brewery
Dheirav Prakash built coal 4 at Dudley · card: Dudley
Bot 1 took a £30 loan (income −3 levels) · card: pottery
Bot 1 linked Tamworth–Walsall · card: pottery
Bot 2 built manufacturer 2 at Birmingham · card: cotton / manufacturer
Bot 2 built coal 4 at Leek · card: Leek
Bot 3 sold at Burton-upon-Trent (beer: Bot 1's brewery at Uttoxeter), Tamworth (beer: Bot 1's brewery at Uttoxeter) · card: pottery
Bot 3 built cotton 2 at Tamworth · card: cotton / manufacturer
Round 14 income, Dheirav Prakash +£9, Bot 1 +£0, Bot 2 +£17, Bot 3 +£4
Bot 2 sold at Coventry (beer: Bot 1's brewery at Uttoxeter) · card: Birmingham
Bot 2 built pottery 1 at Coventry · card: Coventry
Bot 3 took a £30 loan (income −3 levels) · card: Birmingham
Bot 3 linked Dudley–Kidderminster · card: Wolverhampton
Bot 1 built brewery 4 at Uttoxeter · card: brewery
Bot 1 built brewery 3 at Uttoxeter · card: Uttoxeter
Dheirav Prakash developed pottery + brewery · card: Birmingham
Dheirav Prakash built pottery 3 at Stafford · card: Stafford
Round 13 income, Dheirav Prakash +£9, Bot 1 +£0, Bot 2 +£15, Bot 3 +£7
Bot 3 linked Tamworth–Nuneaton · card: Belper
Bot 3 built coal 2 at Nuneaton · card: coal
Bot 1 took a £30 loan (income −3 levels) · card: Coventry
Bot 1 linked Stoke-on-Trent–Leek · card: Stone
Dheirav Prakash developed pottery + brewery · card: Stoke-on-Trent
Dheirav Prakash took a £30 loan (income −3 levels) · card: Stoke-on-Trent
Bot 2 linked Birmingham–Dudley and Birmingham–Walsall · card: Tamworth
Bot 2 linked Birmingham–Redditch and Redditch–Gloucester · card: iron
Round 12 income, Dheirav Prakash +£10, Bot 1 +£3, Bot 2 +£13, Bot 3 +£3
Dheirav Prakash built coal 4 at Redditch · card: Redditch
Dheirav Prakash built iron 3 at Derby · card: iron
Bot 2 built coal 3 at Coalbrookdale · card: Coalbrookdale
Bot 2 built brewery 3 at Stone · card: Stone
Bot 1 linked Walsall–Wolverhampton and Cannock–Walsall · card: coal
Bot 1 linked Belper–Derby and Derby–Nottingham · card: Burton-upon-Trent
Bot 3 built manufacturer 2 at Burton-upon-Trent · card: cotton / manufacturer
Bot 3 linked Nuneaton–Coventry and Nuneaton–Birmingham · card: Wolverhampton
Round 11 income, Dheirav Prakash +£6, Bot 1 +£0, Bot 2 +£9, Bot 3 +£3
Bot 1 built iron 2 at Stoke-on-Trent · card: iron
Bot 1 took a £30 loan (income −3 levels) · card: Belper
Bot 2 took a £30 loan (income −3 levels) · card: Leek
Bot 2 linked Birmingham–Oxford and Redditch–Oxford · card: Worcester
Bot 3 took a £30 loan (income −3 levels) · card: Dudley
Bot 3 linked Cannock–Farm Brewery (N) · card: Coalbrookdale
Dheirav Prakash linked Stone–Burton-upon-Trent and Derby–Burton-upon-Trent · card: Stoke-on-Trent
Dheirav Prakash linked Uttoxeter–Stone and Derby–Uttoxeter · card: Worcester
Round 10 income, Dheirav Prakash +£3, Bot 1 −£5, Bot 2 +£9, Bot 3 +£4
Dheirav Prakash took a £30 loan (income −3 levels) · card: Kidderminster
Dheirav Prakash built coal 3 at Stone · card: coal
Bot 3 linked Cannock–Wolverhampton · card: Kidderminster
Bot 3 built coal 2 at Cannock · card: Cannock
Bot 1 linked Warrington–Stoke-on-Trent and Stoke-on-Trent–Stone · card: brewery
Bot 1 took a £30 loan (income −3 levels) · card: Cannock
Bot 2 linked Coventry–Birmingham · card: Coventry
Bot 2 built brewery 2 at Nuneaton · card: Nuneaton
Bot 1 recovered £3 (£2 in hand)
Bot 1 covers the shortfall: sells coal 2 at Tamworth
Bot 1 cannot pay income, £1 short, choosing tiles to sell
Round 9 income, Dheirav Prakash +£3, Bot 1 −£2, Bot 2 +£6, Bot 3 +£0
Bot 1 built brewery 3 at Walsall · card: Walsall
Bot 1 built brewery 2 at Derby · card: Derby
Dheirav Prakash linked Wolverhampton–Coalbrookdale and Burton-upon-Trent–Cannock · card: Coalbrookdale
Dheirav Prakash linked Stafford–Cannock and Stone–Stafford · card: cotton / manufacturer
Bot 3 linked Coalbrookdale–Shrewsbury and Coalbrookdale–Kidderminster · card: brewery
Bot 3 built brewery 2 at Burton-upon-Trent · card: Burton-upon-Trent
Bot 2 built brewery 2 at Stafford · card: Stafford
Bot 2 built iron 4 at Coalbrookdale · card: iron
rail era begins: level-1 tiles and canal links removed, new deck dealt
canal era scored: Dheirav Prakash +22 VP (22), Bot 1 +21 VP (21), Bot 2 +18 VP (18), Bot 3 +23 VP (23)
Round 8 income, Dheirav Prakash −£2, Bot 1 −£2, Bot 2 −£2, Bot 3 +£0
Dheirav Prakash linked Wolverhampton–Coalbrookdale · card: Derby
Dheirav Prakash took a £30 loan (income −3 levels) · card: Worcester
Bot 3 took a £30 loan (income −3 levels) · card: cotton / manufacturer
Bot 3 linked Stone–Stafford · card: Cannock
Bot 2 linked Coalbrookdale–Kidderminster · card: cotton / manufacturer
Bot 2 took a £30 loan (income −3 levels) · card: cotton / manufacturer
Bot 1 developed cotton + cotton · card: brewery
Bot 1 linked Tamworth–Birmingham · card: Wolverhampton
Round 7 income, Dheirav Prakash +£1, Bot 1 −£2, Bot 2 +£1, Bot 3 +£3
Bot 1 took a £30 loan (income −3 levels) · card: Belper
Bot 1 developed brewery + brewery · card: Stafford
Bot 2 linked Coventry–Birmingham · card: cotton / manufacturer
Bot 2 developed cotton + cotton · card: cotton / manufacturer
Dheirav Prakash built coal 3 at Belper · card: Belper
Dheirav Prakash built coal 2 at Cannock · card: Cannock
Bot 3 linked Stoke-on-Trent–Stone · card: brewery
Bot 3 linked Stoke-on-Trent–Leek · card: brewery
Round 6 income, Dheirav Prakash −£2, Bot 1 +£1, Bot 2 +£0, Bot 3 +£3
Bot 3 developed cotton + cotton · card: brewery
Bot 3 developed cotton + pottery · card: coal
Bot 1 built coal 2 at Tamworth · card: Tamworth
Bot 1 sold at Stoke-on-Trent (beer: Bot 1's brewery at Uttoxeter) · card: Coventry
Bot 2 developed brewery + brewery · card: iron
Bot 2 linked Coalbrookdale–Shrewsbury · card: brewery
Dheirav Prakash linked Cannock–Wolverhampton · card: Kidderminster
Dheirav Prakash took a £30 loan (income −3 levels) · card: pottery
Round 5 income, Dheirav Prakash +£1, Bot 1 −£3, Bot 2 +£0, Bot 3 +£2
Bot 2 developed manufacturer + manufacturer · card: Stoke-on-Trent
Bot 2 built iron 3 at Birmingham · card: Birmingham
Bot 3 built pottery 1 at Stafford · card: Stafford
Bot 3 built iron 3 at Coalbrookdale · card: Coalbrookdale
Dheirav Prakash developed brewery + brewery · card: coal
Dheirav Prakash built iron 2 at Dudley · card: Dudley
Bot 1 built brewery 1 at Uttoxeter · card: Uttoxeter
Bot 1 built manufacturer 2 at Stoke-on-Trent · card: Stoke-on-Trent
Round 4 income, Dheirav Prakash +£1, Bot 1 −£3, Bot 2 +£0, Bot 3 +£1
Bot 2 built coal 3 at Kidderminster · card: Kidderminster
Bot 2 built coal 2 at Coalbrookdale · card: Coalbrookdale
Dheirav Prakash linked Wolverhampton–Dudley · card: cotton / manufacturer
Dheirav Prakash built coal 2 at Wolverhampton · card: Wolverhampton
Bot 3 built iron 2 at Coventry · card: iron
