game over, winner: Dheirav Prakash
rail era scored: Dheirav Prakash +127 VP (148), Bot 1 +108 VP (141), Bot 2 +89 VP (118), Bot 3 +74 VP (110)
Dheirav Prakash sold at Stoke-on-Trent (beer: merchant at Oxford) · card: Belper
Dheirav Prakash linked Stoke-on-Trent–Stone · card: Wild Industry
Bot 2 developed manufacturer + pottery · card: iron
Bot 2 linked Worcester–Gloucester · card: Uttoxeter
Bot 1 built cotton 2 at Worcester · card: cotton / manufacturer
Bot 1 linked Kidderminster–Worcester · card: cotton / manufacturer
Bot 3 built manufacturer 3 at Belper · card: cotton / manufacturer
Bot 3 built iron 4 at Walsall · card: iron
Round 15 income, Dheirav Prakash +£19, Bot 1 +£13, Bot 2 +£15, Bot 3 +£10
Bot 3 developed pottery · card: cotton / manufacturer
Bot 3 built iron 3 at Birmingham · card: iron
Bot 1 took a £30 loan (income −3 levels) · card: Stoke-on-Trent
Bot 1 linked Wolverhampton–Dudley and Cannock–Wolverhampton · card: Walsall
Bot 2 sold at Wolverhampton (beer: Dheirav Prakash's brewery at Farm Brewery (N)), Kidderminster (beer: merchant at Gloucester) · card: Stoke-on-Trent
Bot 2 built manufacturer 2 at Wolverhampton · card: cotton / manufacturer
Dheirav Prakash built pottery 1 at Stoke-on-Trent · card: Wild Location
Dheirav Prakash scouted for wild cards · cards: Coventry, Coalbrookdale, Dudley
Round 14 income, Dheirav Prakash +£18, Bot 1 +£16, Bot 2 +£14, Bot 3 +£6
Bot 1 sold at Stafford (beer: Bot 3's brewery at Stafford) · card: Wolverhampton
Bot 1 built pottery 1 at Stafford · card: Stafford
Dheirav Prakash built brewery 3 at Farm Brewery (N) · card: brewery
Dheirav Prakash linked Cannock–Farm Brewery (N) · card: Worcester
Bot 2 built cotton 2 at Kidderminster · card: cotton / manufacturer
Bot 2 linked Dudley–Kidderminster · card: Birmingham
Bot 3 linked Walsall–Wolverhampton and Tamworth–Walsall · card: Burton-upon-Trent
Bot 3 built brewery 3 at Stafford · card: brewery
Round 13 income, Dheirav Prakash +£16, Bot 1 +£14, Bot 2 +£14, Bot 3 +£3
Dheirav Prakash linked Burton-upon-Trent–Tamworth · card: Wolverhampton
Dheirav Prakash built coal 4 at Tamworth · card: Tamworth
Bot 3 took a £30 loan (income −3 levels) · card: Stone
Bot 3 built coal 2 at Belper · card: coal
Bot 1 built coal 3 at Kidderminster · card: Kidderminster
Bot 1 linked Stafford–Cannock and Stone–Stafford · card: Stone
Bot 2 built coal 2 at Wolverhampton · card: coal
Bot 2 linked Wolverhampton–Coalbrookdale · card: Dudley
Round 12 income, Dheirav Prakash +£16, Bot 1 +£12, Bot 2 +£11, Bot 3 +£3
Dheirav Prakash built coal 4 at Nuneaton · card: Nuneaton
Dheirav Prakash linked Cannock–Walsall and Nuneaton–Coventry · card: iron
Bot 3 built pottery 3 at Belper · card: Belper
Bot 3 took a £30 loan (income −3 levels) · card: Coalbrookdale
Bot 2 sold at Coventry (beer: Bot 3's brewery at Walsall), Birmingham (beer: merchant at Oxford) · card: pottery
Bot 2 built manufacturer 2 at Birmingham · card: Birmingham
Bot 1 linked Coalbrookdale–Shrewsbury and Coalbrookdale–Kidderminster · card: Derby
Bot 1 took a £30 loan (income −3 levels) · card: Burton-upon-Trent
Round 11 income, Dheirav Prakash +£14, Bot 1 +£13, Bot 2 +£8, Bot 3 +£3
Bot 2 built coal 2 at Coventry · card: Coventry
Bot 2 built pottery 1 at Coventry · card: Coventry
Dheirav Prakash built coal 3 at Stone · card: coal
Dheirav Prakash linked Birmingham–Worcester and Tamworth–Nuneaton · card: brewery
Bot 1 built brewery 2 at Burton-upon-Trent · card: brewery
Bot 1 linked Belper–Derby · card: Cannock
Bot 3 built brewery 3 at Walsall · card: brewery
Bot 3 linked Coventry–Birmingham and Nuneaton–Birmingham · card: pottery
Round 10 income, Dheirav Prakash +£12, Bot 1 +£11, Bot 2 +£4, Bot 3 +£3
Dheirav Prakash took a £30 loan (income −3 levels) · card: Leek
Dheirav Prakash linked Birmingham–Walsall and Uttoxeter–Stone · card: Redditch
Bot 2 linked Birmingham–Redditch and Birmingham–Dudley · card: Derby
Bot 2 took a £30 loan (income −3 levels) · card: Worcester
Bot 1 sold at Birmingham (beer: Bot 1's brewery at Uttoxeter) · card: Stoke-on-Trent
Bot 1 built cotton 2 at Birmingham · card: cotton / manufacturer
Bot 3 built brewery 2 at Stafford · card: Stafford
Bot 3 took a £30 loan (income −3 levels) · card: Kidderminster
Round 9 income, Dheirav Prakash +£13, Bot 1 +£6, Bot 2 +£4, Bot 3 +£6
Bot 2 linked Redditch–Gloucester and Redditch–Oxford · card: Derby
Bot 2 built brewery 2 at Coalbrookdale · card: Coalbrookdale
Bot 1 linked Tamworth–Birmingham and Birmingham–Oxford · card: Cannock
Bot 1 built brewery 2 at Uttoxeter · card: Uttoxeter
Bot 3 sold at Derby (beer: merchant at Nottingham) · card: Birmingham
Bot 3 linked Derby–Nottingham · card: Leek
Dheirav Prakash linked Derby–Uttoxeter and Stone–Burton-upon-Trent · card: cotton / manufacturer
Dheirav Prakash linked Burton-upon-Trent–Cannock and Derby–Burton-upon-Trent · card: pottery
rail era begins: level-1 tiles and canal links removed, new deck dealt
canal era scored: Dheirav Prakash +21 VP (21), Bot 1 +33 VP (33), Bot 2 +26 VP (29), Bot 3 +33 VP (33)
Round 8 income, Dheirav Prakash +£6, Bot 1 +£3, Bot 2 +£4, Bot 3 +£5
Dheirav Prakash took a £30 loan (income −3 levels) · card: Stoke-on-Trent
Dheirav Prakash built brewery 3 at Nuneaton · card: Nuneaton
Bot 2 took a £30 loan (income −3 levels) · card: coal
Bot 2 built iron 4 at Coventry · card: Wild Industry
Bot 3 built manufacturer 2 at Derby · card: Wild Location
Bot 3 developed cotton + pottery · card: pottery
Bot 1 built coal 3 at Burton-upon-Trent · card: Wild Industry
Bot 1 linked Derby–Burton-upon-Trent · card: cotton / manufacturer
Round 7 income, Dheirav Prakash +£7, Bot 1 −£1, Bot 2 +£7, Bot 3 +£5
Bot 2 sold at Derby (beer: merchant at Nottingham) · card: Kidderminster
Bot 2 developed brewery + manufacturer · card: Wolverhampton
Dheirav Prakash built iron 2 at Birmingham · card: iron
Dheirav Prakash built brewery 2 at Uttoxeter · card: Uttoxeter
Bot 3 developed brewery + brewery · card: cotton / manufacturer
Bot 3 developed coal + brewery · card: Coalbrookdale
Bot 1 developed cotton + manufacturer · card: cotton / manufacturer
Bot 1 took a £30 loan (income −3 levels) · card: pottery
Round 6 income, Dheirav Prakash +£7, Bot 1 +£1, Bot 2 +£4, Bot 3 +£4
Bot 1 developed cotton + cotton · card: Leek
Bot 1 developed brewery + brewery · card: Belper
Bot 2 built cotton 2 at Derby · card: Derby
Bot 2 developed cotton + cotton · card: brewery
Dheirav Prakash built brewery 2 at Stone · card: Stone
Dheirav Prakash built coal 3 at Cannock · card: Cannock
Bot 3 linked Redditch–Gloucester · card: Burton-upon-Trent
Bot 3 built iron 2 at Walsall · card: Wild Industry
Round 5 income, Dheirav Prakash +£7, Bot 1 +£1, Bot 2 +£2, Bot 3 +£4
Bot 3 linked Birmingham–Walsall · card: Wolverhampton
Bot 3 scouted for wild cards · cards: Burton-upon-Trent, Kidderminster, Belper
Dheirav Prakash developed manufacturer + brewery · card: coal
Dheirav Prakash built coal 2 at Redditch · card: Redditch
Dheirav Prakash undid their first action.
Bot 2 built iron 3 at Redditch · card: Wild Location
Bot 2 scouted for wild cards · cards: Coventry, iron, brewery
Bot 1 built iron 4 at Coalbrookdale · card: Wild Location
Bot 1 built coal 2 at Cannock · card: Cannock
Round 4 income, Dheirav Prakash +£4, Bot 1 +£1, Bot 2 +£2, Bot 3 +£4
Bot 1 built coal 2 at Tamworth · card: Tamworth
Bot 1 scouted for wild cards · cards: brewery, brewery, Uttoxeter
Dheirav Prakash linked Redditch–Oxford · card: cotton / manufacturer
Dheirav Prakash built coal 2 at Dudley · card: Dudley
Bot 2 built iron 2 at Coventry · card: Coventry
Bot 2 took a £30 loan (income −3 levels) · card: Stone
Bot 3 sold at Birmingham (beer: merchant at Oxford), Coventry (beer: merchant at Oxford) · card: Worcester
