game over, winner: Dheirav Prakash
rail era scored: Dheirav Prakash +121 VP (137), Bot 1 +99 VP (132), Bot 2 +82 VP (100), Bot 3 +87 VP (116)
Bot 3 linked Worcester–Gloucester · card: brewery
Bot 3 sold at Birmingham (beer: merchant at Gloucester) · card: cotton / manufacturer
Bot 1 sold at Belper, Stoke-on-Trent (beer: merchant at Oxford) · card: Stafford
Bot 1 built manufacturer 4 at Stoke-on-Trent · card: cotton / manufacturer
Dheirav Prakash sold at Derby, Wolverhampton (beer: merchant at Warrington), Stafford (beer: merchant at Oxford) · card: brewery
Dheirav Prakash built manufacturer 3 at Derby · card: Derby
Bot 2 built manufacturer 3 at Stoke-on-Trent · card: cotton / manufacturer
Bot 2 linked Stoke-on-Trent–Leek and Warrington–Stoke-on-Trent · card: cotton / manufacturer
Round 15 income, Dheirav Prakash +£12, Bot 1 +£14, Bot 2 +£0, Bot 3 +£12
Bot 2 took a £30 loan (income −3 levels) · card: cotton / manufacturer
Bot 2 linked Tamworth–Walsall · card: Cannock
Bot 1 took a £30 loan (income −3 levels) · card: Coventry
Bot 1 built manufacturer 3 at Belper · card: cotton / manufacturer
Bot 3 built manufacturer 2 at Birmingham · card: cotton / manufacturer
Bot 3 linked Coalbrookdale–Shrewsbury · card: Leek
Dheirav Prakash built manufacturer 2 at Wolverhampton · card: Wolverhampton
Dheirav Prakash developed manufacturer + manufacturer · card: Stafford
Round 14 income, Dheirav Prakash +£12, Bot 1 +£17, Bot 2 +£3, Bot 3 +£12
Dheirav Prakash developed brewery + pottery · card: Leek
Dheirav Prakash built coal 3 at Tamworth · card: Tamworth
Bot 1 built iron 4 at Stoke-on-Trent · card: iron
Bot 1 linked Stoke-on-Trent–Stone · card: Worcester
Bot 3 linked Cannock–Wolverhampton and Wolverhampton–Coalbrookdale · card: iron
Bot 3 took a £30 loan (income −3 levels) · card: pottery
Bot 2 built brewery 2 at Farm Brewery (S) · card: brewery
Bot 2 linked Birmingham–Worcester and Kidderminster–Worcester · card: Stone
Round 13 income, Dheirav Prakash +£10, Bot 1 +£17, Bot 2 −£1, Bot 3 +£13
Bot 2 linked Walsall–Wolverhampton · card: Kidderminster
Bot 2 took a £30 loan (income −3 levels) · card: pottery
Bot 1 sold at Belper (beer: Bot 3's brewery at Farm Brewery (N)) · card: Dudley
Bot 1 built pottery 1 at Belper · card: Wild Location
Bot 3 built brewery 2 at Farm Brewery (N) · card: brewery
Bot 3 linked Cannock–Farm Brewery (N) · card: Uttoxeter
Dheirav Prakash built iron 4 at Coalbrookdale · card: Coalbrookdale
Dheirav Prakash built pottery 1 at Stafford · card: pottery
Round 12 income, Dheirav Prakash +£6, Bot 1 +£15, Bot 2 +£2, Bot 3 +£12
Dheirav Prakash linked Coalbrookdale–Kidderminster and Wolverhampton–Dudley · card: Cannock
Dheirav Prakash took a £30 loan (income −3 levels) · card: Coventry
Bot 2 linked Belper–Derby · card: Stoke-on-Trent
Bot 2 linked Burton-upon-Trent–Tamworth and Burton-upon-Trent–Cannock · card: Dudley
Bot 3 linked Tamworth–Nuneaton · card: Worcester
Bot 3 built coal 4 at Burton-upon-Trent · card: Burton-upon-Trent
Bot 1 built coal 2 at Dudley · card: coal
Bot 1 built brewery 3 at Uttoxeter · card: Wild Industry
Round 11 income, Dheirav Prakash +£9, Bot 1 +£11, Bot 2 +£2, Bot 3 +£12
Bot 1 scouted for wild cards · cards: Birmingham, Uttoxeter, Walsall
Bot 1 built iron 3 at Redditch · card: iron
Bot 2 built pottery 1 at Coventry · card: Coventry
Bot 2 took a £30 loan (income −3 levels) · card: Belper
Bot 3 linked Redditch–Oxford · card: Derby
Bot 3 built coal 4 at Nuneaton · card: Nuneaton
Dheirav Prakash linked Derby–Nottingham and Nuneaton–Coventry · card: Kidderminster
Dheirav Prakash linked Derby–Burton-upon-Trent and Stone–Burton-upon-Trent · card: cotton / manufacturer
Round 10 income, Dheirav Prakash +£6, Bot 1 +£10, Bot 2 +£5, Bot 3 +£10
Dheirav Prakash built brewery 3 at Burton-upon-Trent · card: Burton-upon-Trent
Dheirav Prakash took a £30 loan (income −3 levels) · card: Stoke-on-Trent
Bot 3 linked Redditch–Gloucester · card: Coalbrookdale
Bot 3 built coal 3 at Cannock · card: coal
Bot 1 linked Uttoxeter–Stone and Derby–Uttoxeter · card: Stoke-on-Trent
Bot 1 linked Dudley–Kidderminster and Birmingham–Dudley · card: Wolverhampton
Bot 2 linked Tamworth–Birmingham and Birmingham–Redditch · card: iron
Bot 2 linked Birmingham–Oxford · card: Birmingham
Round 9 income, Dheirav Prakash +£9, Bot 1 +£4, Bot 2 −£2, Bot 3 +£7
Bot 3 developed coal + coal · card: Belper
Bot 3 linked Cannock–Walsall and Birmingham–Walsall · card: Coalbrookdale
Bot 1 took a £30 loan (income −3 levels) · card: Redditch
Bot 1 built brewery 3 at Derby · card: Derby
Dheirav Prakash linked Stafford–Cannock and Stone–Stafford · card: brewery
Dheirav Prakash linked Coventry–Birmingham and Nuneaton–Birmingham · card: coal
Bot 2 built brewery 2 at Stone · card: Stone
Bot 2 took a £30 loan (income −3 levels) · card: Birmingham
rail era begins: level-1 tiles and canal links removed, new deck dealt
canal era scored: Dheirav Prakash +16 VP (16), Bot 1 +33 VP (33), Bot 2 +18 VP (18), Bot 3 +29 VP (29)
Round 8 income, Dheirav Prakash −£5, Bot 1 +£7, Bot 2 +£1, Bot 3 +£6
Dheirav Prakash linked Coventry–Birmingham · card: Wild Industry
Dheirav Prakash took a £30 loan (income −3 levels) · card: Stoke-on-Trent
Bot 2 sold at Walsall (beer: merchant at Oxford) · card: cotton / manufacturer
Bot 2 developed brewery + cotton · card: Worcester
Bot 3 developed cotton + cotton · card: cotton / manufacturer
Bot 3 built iron 4 at Birmingham · card: Wild Industry
Bot 1 linked Birmingham–Dudley · card: cotton / manufacturer
Bot 1 linked Redditch–Gloucester · card: cotton / manufacturer
Round 7 income, Dheirav Prakash −£2, Bot 1 +£7, Bot 2 −£2, Bot 3 +£5
Bot 1 sold at Birmingham (beer: Bot 1's brewery at Nuneaton), Stone (beer: Bot 1's brewery at Uttoxeter) · card: brewery
Bot 1 linked Stone–Burton-upon-Trent · card: Stafford
Bot 3 built iron 3 at Coventry · card: Wild Location
Bot 3 scouted for wild cards · cards: Cannock, brewery, Belper
Bot 2 built manufacturer 2 at Walsall · card: cotton / manufacturer
Bot 2 linked Burton-upon-Trent–Walsall · card: iron
Dheirav Prakash built brewery 2 at Stafford · card: Wild Location
Dheirav Prakash built coal 3 at Coventry · card: Coventry
Round 6 income, Dheirav Prakash −£2, Bot 1 +£1, Bot 2 −£2, Bot 3 +£5
Dheirav Prakash scouted for wild cards · cards: Coalbrookdale, Dudley, iron
Dheirav Prakash took a £30 loan (income −3 levels) · card: Derby
Bot 1 built brewery 2 at Uttoxeter · card: Uttoxeter
Bot 1 built manufacturer 2 at Stone · card: Stone
Bot 2 built coal 3 at Belper · card: Belper
Bot 2 took a £30 loan (income −3 levels) · card: Derby
Bot 3 built iron 2 at Walsall · card: Walsall
Bot 3 linked Birmingham–Walsall · card: Leek
Round 5 income, Dheirav Prakash +£1, Bot 1 +£1, Bot 2 +£1, Bot 3 +£4
Bot 2 sold at Birmingham (beer: Bot 2's brewery at Uttoxeter) · card: Stoke-on-Trent
Bot 2 built brewery 1 at Uttoxeter · card: Uttoxeter
Dheirav Prakash built brewery 2 at Coalbrookdale · card: Coalbrookdale
Dheirav Prakash developed brewery + brewery · card: Worcester
Bot 1 built brewery 2 at Nuneaton · card: Nuneaton
Bot 1 developed brewery + brewery · card: Birmingham
Bot 3 developed brewery + brewery · card: brewery
Bot 3 developed brewery + cotton · card: iron
Round 4 income, Dheirav Prakash +£0, Bot 1 +£1, Bot 2 −£3, Bot 3 +£2
Dheirav Prakash built iron 3 at Dudley · card: Dudley
Dheirav Prakash linked Wolverhampton–Dudley · card: coal
Bot 1 built manufacturer 2 at Birmingham · card: Wild Location
Bot 1 took a £30 loan (income −3 levels) · card: Coventry
Bot 2 built manufacturer 2 at Birmingham · card: cotton / manufacturer
Bot 2 linked Tamworth–Birmingham · card: coal
Bot 3 built iron 1 at Birmingham · card: Birmingham
Bot 3 linked Birmingham–Oxford · card: Birmingham
