game over, winner: Dheirav Prakash
rail era scored: Dheirav Prakash +94 VP (116), Bot 1 +57 VP (93), Bot 2 +73 VP (93), Bot 3 +58 VP (97)
Bot 3 sold at Belper (beer: merchant at Gloucester) · card: brewery
Bot 3 linked Worcester–Gloucester · card: Cannock
Bot 1 sold at Leek (beer: merchant at Shrewsbury) · card: pottery
Bot 1 built cotton 3 at Leek · card: cotton / manufacturer
Bot 2 built cotton 2 at Worcester · card: cotton / manufacturer
Bot 2 built manufacturer 5 at Birmingham · card: cotton / manufacturer
Dheirav Prakash sold at Cannock, Wolverhampton (beer: Dheirav Prakash's brewery at Burton-upon-Trent) · card: Belper
Dheirav Prakash built manufacturer 4 at Wolverhampton · card: Wild Location
Round 15 income, Dheirav Prakash +£7, Bot 1 +£21, Bot 2 +£7, Bot 3 +£11
Dheirav Prakash took a £30 loan (income −3 levels) · card: Wild Industry
Dheirav Prakash scouted for wild cards · cards: iron, Derby, Coventry
Bot 1 linked Leek–Belper · card: Stoke-on-Trent
Bot 1 built cotton 2 at Tamworth · card: cotton / manufacturer
Bot 3 built manufacturer 2 at Belper · card: cotton / manufacturer
Bot 3 built coal 3 at Belper · card: Belper
Bot 2 took a £30 loan (income −3 levels) · card: cotton / manufacturer
Bot 2 linked Belper–Derby · card: Worcester
Round 14 income, Dheirav Prakash +£10, Bot 1 +£21, Bot 2 +£10, Bot 3 +£8
Dheirav Prakash linked Birmingham–Walsall and Stoke-on-Trent–Stone · card: Birmingham
Dheirav Prakash built brewery 3 at Burton-upon-Trent · card: Burton-upon-Trent
Bot 1 developed pottery + pottery · card: pottery
Bot 1 built pottery 3 at Coventry · card: Coventry
Bot 2 linked Burton-upon-Trent–Cannock · card: Worcester
Bot 2 sold at Birmingham (beer: merchant at Oxford), Birmingham · card: Nuneaton
Bot 3 developed pottery + pottery · card: Derby
Bot 3 built pottery 3 at Stafford · card: Stafford
Round 13 income, Dheirav Prakash +£7, Bot 1 +£21, Bot 2 +£4, Bot 3 +£8
Bot 1 built coal 4 at Coalbrookdale · card: Coalbrookdale
Bot 1 built iron 4 at Derby · card: iron
Bot 2 built manufacturer 4 at Birmingham · card: cotton / manufacturer
Bot 2 built manufacturer 3 at Birmingham · card: Birmingham
Dheirav Prakash built manufacturer 3 at Cannock · card: Cannock
Dheirav Prakash linked Birmingham–Dudley and Wolverhampton–Coalbrookdale · card: Kidderminster
Bot 3 took a £30 loan (income −3 levels) · card: Wolverhampton
Bot 3 linked Birmingham–Worcester and Tamworth–Birmingham · card: Uttoxeter
Round 12 income, Dheirav Prakash +£3, Bot 1 +£20, Bot 2 +£1, Bot 3 +£11
Bot 1 sold at Birmingham (beer: merchant at Nottingham) · card: Stoke-on-Trent
Bot 1 built cotton 2 at Birmingham · card: Birmingham
Dheirav Prakash developed manufacturer + manufacturer · card: Stafford
Dheirav Prakash took a £30 loan (income −3 levels) · card: coal
Bot 2 built brewery 2 at Farm Brewery (S) · card: brewery
Bot 2 took a £30 loan (income −3 levels) · card: Dudley
Bot 3 sold at Stafford (beer: Bot 1's brewery at Stone), Stafford (beer: Bot 1's brewery at Stone) · card: Leek
Bot 3 built pottery 2 at Stafford · card: pottery
Round 11 income, Dheirav Prakash +£6, Bot 1 +£17, Bot 2 +£4, Bot 3 +£10
Bot 1 built coal 4 at Leek · card: Leek
Bot 1 built brewery 3 at Stone · card: Stone
Dheirav Prakash linked Birmingham–Redditch · card: iron
Dheirav Prakash built iron 4 at Redditch · card: Redditch
Bot 2 sold at Burton-upon-Trent (beer: merchant at Nottingham) · card: Wolverhampton
Bot 2 linked Derby–Burton-upon-Trent and Burton-upon-Trent–Tamworth · card: Coventry
Bot 3 linked Redditch–Gloucester · card: Stoke-on-Trent
Bot 3 built coal 2 at Redditch · card: coal
Round 10 income, Dheirav Prakash +£6, Bot 1 +£15, Bot 2 +£1, Bot 3 +£7
Dheirav Prakash linked Stone–Burton-upon-Trent and Tamworth–Nuneaton · card: iron
Dheirav Prakash took a £30 loan (income −3 levels) · card: coal
Bot 3 linked Stone–Stafford · card: Walsall
Bot 3 built coal 2 at Stone · card: Stone
Bot 2 linked Coalbrookdale–Kidderminster and Kidderminster–Worcester · card: Uttoxeter
Bot 2 took a £30 loan (income −3 levels) · card: Dudley
Bot 1 built coal 3 at Tamworth · card: Tamworth
Bot 1 built coal 3 at Coalbrookdale · card: Coalbrookdale
Round 9 income, Dheirav Prakash +£6, Bot 1 +£13, Bot 2 −£2, Bot 3 +£3
Dheirav Prakash linked Nuneaton–Birmingham and Uttoxeter–Stone · card: cotton / manufacturer
Dheirav Prakash built brewery 2 at Uttoxeter · card: brewery
Bot 3 linked Birmingham–Oxford and Redditch–Oxford · card: Kidderminster
Bot 3 linked Coventry–Birmingham and Nuneaton–Coventry · card: Burton-upon-Trent
Bot 1 linked Coalbrookdale–Shrewsbury · card: brewery
Bot 1 built brewery 2 at Nuneaton · card: brewery
Bot 2 built brewery 2 at Derby · card: Derby
Bot 2 linked Derby–Nottingham and Derby–Uttoxeter · card: Coalbrookdale
rail era begins: level-1 tiles and canal links removed, new deck dealt
canal era scored: Dheirav Prakash +22 VP (22), Bot 1 +29 VP (29), Bot 2 +17 VP (17), Bot 3 +36 VP (39)
Round 8 income, Dheirav Prakash +£1, Bot 1 +£8, Bot 2 −£2, Bot 3 +£3
Bot 3 took a £30 loan (income −3 levels) · card: pottery
Bot 3 linked Stone–Stafford · card: brewery
Bot 2 took a £30 loan (income −3 levels) · card: cotton / manufacturer
Bot 2 developed cotton + pottery · card: cotton / manufacturer
Bot 1 developed pottery · card: cotton / manufacturer
Bot 1 linked Stone–Burton-upon-Trent · card: cotton / manufacturer
Dheirav Prakash built brewery 2 at Uttoxeter · card: Wild Location
Dheirav Prakash developed brewery + manufacturer · card: Wild Industry
Round 7 income, Dheirav Prakash −£1, Bot 1 +£8, Bot 2 −£2, Bot 3 +£6
Dheirav Prakash scouted for wild cards · cards: Worcester, Tamworth, Dudley
Dheirav Prakash took a £30 loan (income −3 levels) · card: coal
Bot 2 built iron 2 at Coalbrookdale · card: iron
Bot 2 linked Coalbrookdale–Kidderminster · card: Derby
Bot 3 built manufacturer 2 at Stafford · card: Stafford
Bot 3 linked Stoke-on-Trent–Stone · card: brewery
Bot 1 built coal 2 at Nuneaton · card: Nuneaton
Bot 1 developed brewery + brewery · card: Cannock
Round 6 income, Dheirav Prakash +£2, Bot 1 +£8, Bot 2 −£2, Bot 3 +£6
Bot 1 sold at Belper (beer: Bot 1's brewery at Stone) · card: Stoke-on-Trent
Bot 1 built brewery 1 at Stone · card: Stone
Dheirav Prakash built iron 3 at Birmingham · card: Birmingham
Dheirav Prakash linked Coventry–Birmingham · card: Stoke-on-Trent
Bot 3 developed coal + manufacturer · card: brewery
Bot 3 built iron 2 at Coventry · card: iron
Bot 2 developed cotton + cotton · card: Derby
Bot 2 built manufacturer 2 at Burton-upon-Trent · card: Burton-upon-Trent
Round 5 income, Dheirav Prakash +£2, Bot 1 +£3, Bot 2 −£2, Bot 3 +£3
Bot 3 built iron 1 at Coventry · card: Coventry
Bot 3 sold at Stoke-on-Trent (beer: merchant at Warrington) · card: pottery
Dheirav Prakash built coal 3 at Coventry · card: Coventry
Dheirav Prakash built coal 2 at Cannock · card: Cannock
Bot 1 linked Belper–Derby · card: brewery
Bot 1 built pottery 1 at Belper · card: Belper
Bot 2 took a £30 loan (income −3 levels) · card: Redditch
Bot 2 developed iron + brewery · card: Worcester
Round 4 income, Dheirav Prakash +£2, Bot 1 +£2, Bot 2 +£1, Bot 3 +£0
Bot 2 sold at Derby (beer: Bot 2's brewery at Uttoxeter) · card: Leek
Bot 2 built brewery 1 at Uttoxeter · card: Uttoxeter
Bot 1 built iron 3 at Derby · card: iron
Bot 1 took a £30 loan (income −3 levels) · card: Coventry
Dheirav Prakash linked Wolverhampton–Coalbrookdale · card: cotton / manufacturer
Dheirav Prakash built iron 2 at Coalbrookdale · card: iron
Bot 3 linked Warrington–Stoke-on-Trent · card: Birmingham
Bot 3 built pottery 1 at Stoke-on-Trent · card: Stoke-on-Trent
