game over, winner: Dheirav Prakash
rail era scored: Dheirav Prakash +110 VP (138), Bot 1 +85 VP (102), Bot 2 +80 VP (113), Bot 3 +76 VP (99)
Bot 1 sold at Tamworth (beer: Dheirav Prakash's brewery at Nuneaton), Wolverhampton (beer: merchant at Warrington) · card: Birmingham
Bot 1 built iron 3 at Redditch · card: Redditch
Dheirav Prakash built coal 4 at Coventry · card: Coventry
Dheirav Prakash linked Stoke-on-Trent–Stone and Warrington–Stoke-on-Trent · card: Stone
Bot 2 took a £30 loan (income −3 levels) · card: brewery
Bot 2 linked Tamworth–Nuneaton · card: pottery
Bot 3 linked Nuneaton–Coventry · card: iron
Bot 3 linked Birmingham–Worcester and Birmingham–Redditch · card: iron
Round 15 income, Dheirav Prakash +£10, Bot 1 +£22, Bot 2 +£10, Bot 3 +£8
Dheirav Prakash built brewery 2 at Nuneaton · card: brewery
Dheirav Prakash built coal 4 at Nuneaton · card: Nuneaton
Bot 1 built manufacturer 2 at Wolverhampton · card: cotton / manufacturer
Bot 1 linked Cannock–Wolverhampton and Cannock–Farm Brewery (N) · card: Birmingham
Bot 2 linked Worcester–Gloucester · card: Cannock
Bot 2 built brewery 2 at Farm Brewery (S) · card: brewery
Bot 3 sold at Birmingham (beer: Bot 3's brewery at Stafford), Birmingham, Cannock (beer: Bot 3's brewery at Stafford) · card: pottery
Bot 3 built brewery 3 at Stafford · card: brewery
Round 14 income, Dheirav Prakash +£7, Bot 1 +£22, Bot 2 +£10, Bot 3 +£0
Bot 3 built iron 3 at Coalbrookdale · card: iron
Bot 3 took a £30 loan (income −3 levels) · card: Worcester
Bot 1 built coal 4 at Coalbrookdale · card: coal
Bot 1 built coal 3 at Burton-upon-Trent · card: Burton-upon-Trent
Bot 2 linked Kidderminster–Worcester · card: Coalbrookdale
Bot 2 linked Tamworth–Birmingham · card: Derby
Dheirav Prakash linked Burton-upon-Trent–Tamworth · card: Belper
Dheirav Prakash built pottery 1 at Stafford · card: pottery
Round 13 income, Dheirav Prakash +£7, Bot 1 +£18, Bot 2 +£10, Bot 3 +£1
Dheirav Prakash built coal 3 at Stone · card: Stone
Dheirav Prakash took a £30 loan (income −3 levels) · card: iron
Bot 1 built cotton 3 at Tamworth · card: cotton / manufacturer
Bot 1 sold at Tamworth (beer: merchant at Nottingham), Kidderminster (beer: merchant at Oxford) · card: Walsall
Bot 2 linked Dudley–Kidderminster · card: Stafford
Bot 2 built pottery 2 at Coventry · card: Coventry
Bot 3 built manufacturer 4 at Birmingham · card: cotton / manufacturer
Bot 3 built manufacturer 3 at Birmingham · card: cotton / manufacturer
Round 12 income, Dheirav Prakash +£7, Bot 1 +£14, Bot 2 +£10, Bot 3 +£1
Bot 3 took a £30 loan (income −3 levels) · card: Dudley
Bot 3 sold at Birmingham (beer: merchant at Shrewsbury) · card: Stoke-on-Trent
Bot 1 built cotton 3 at Kidderminster · card: Kidderminster
Bot 1 built cotton 2 at Tamworth · card: Tamworth
Bot 2 linked Wolverhampton–Dudley and Birmingham–Dudley · card: Uttoxeter
Bot 2 built coal 2 at Belper · card: coal
Dheirav Prakash linked Burton-upon-Trent–Cannock and Tamworth–Walsall · card: Leek
Dheirav Prakash linked Nuneaton–Birmingham and Stone–Burton-upon-Trent · card: cotton / manufacturer
Round 11 income, Dheirav Prakash +£4, Bot 1 +£13, Bot 2 +£4, Bot 3 +£3
Dheirav Prakash developed manufacturer + manufacturer · card: Belper
Dheirav Prakash took a £30 loan (income −3 levels) · card: Worcester
Bot 2 took a £30 loan (income −3 levels) · card: Stoke-on-Trent
Bot 2 linked Belper–Derby · card: Wolverhampton
Bot 1 built iron 2 at Dudley · card: Dudley
Bot 1 built coal 3 at Wolverhampton · card: Wolverhampton
Bot 3 built manufacturer 2 at Birmingham · card: cotton / manufacturer
Bot 3 linked Birmingham–Oxford and Coventry–Birmingham · card: Kidderminster
Round 10 income, Dheirav Prakash +£7, Bot 1 +£8, Bot 2 +£7, Bot 3 +£3
Bot 3 took a £30 loan (income −3 levels) · card: Stoke-on-Trent
Bot 3 linked Birmingham–Walsall · card: Burton-upon-Trent
Bot 2 linked Wolverhampton–Coalbrookdale and Walsall–Wolverhampton · card: Coventry
Bot 2 built brewery 2 at Uttoxeter · card: Uttoxeter
Bot 1 took a £30 loan (income −3 levels) · card: Leek
Bot 1 built brewery 3 at Burton-upon-Trent · card: brewery
Dheirav Prakash linked Derby–Burton-upon-Trent and Cannock–Walsall · card: Cannock
Dheirav Prakash linked Uttoxeter–Stone and Derby–Uttoxeter · card: Coalbrookdale
Round 9 income, Dheirav Prakash +£3, Bot 1 +£11, Bot 2 +£7, Bot 3 +£3
Dheirav Prakash took a £30 loan (income −3 levels) · card: cotton / manufacturer
Dheirav Prakash linked Stafford–Cannock and Stone–Stafford · card: cotton / manufacturer
Bot 3 built coal 2 at Kidderminster · card: coal
Bot 3 linked Coalbrookdale–Shrewsbury and Coalbrookdale–Kidderminster · card: Stafford
Bot 2 built iron 4 at Derby · card: Derby
Bot 2 built iron 3 at Coalbrookdale · card: Coalbrookdale
Bot 1 linked Derby–Nottingham · card: Birmingham
Bot 1 built brewery 2 at Derby · card: Derby
rail era begins: level-1 tiles and canal links removed, new deck dealt
canal era scored: Dheirav Prakash +28 VP (28), Bot 1 +14 VP (14), Bot 2 +30 VP (33), Bot 3 +19 VP (19)
Round 8 income, Dheirav Prakash +£3, Bot 1 +£8, Bot 2 +£6, Bot 3 −£6
Bot 1 linked Burton-upon-Trent–Walsall · card: cotton / manufacturer
Bot 1 sold at Derby (beer: Bot 1's brewery at Uttoxeter) · card: cotton / manufacturer
Bot 3 took a £30 loan (income −3 levels) · card: cotton / manufacturer
Bot 3 built brewery 2 at Walsall · card: brewery
Dheirav Prakash built brewery 2 at Stone · card: Stone
Dheirav Prakash developed brewery + manufacturer · card: Kidderminster
Bot 2 linked Coalbrookdale–Kidderminster · card: pottery
Bot 2 linked Wolverhampton–Coalbrookdale · card: coal
Round 7 income, Dheirav Prakash +£3, Bot 1 +£4, Bot 2 +£6, Bot 3 −£3
Bot 2 sold at Belper (beer: Bot 2's brewery at Coalbrookdale) · card: Belper
Bot 2 built iron 2 at Coventry · card: iron
Dheirav Prakash took a £30 loan (income −3 levels) · card: Birmingham
Dheirav Prakash built coal 3 at Dudley · card: Dudley
Bot 3 linked Cannock–Walsall · card: coal
Bot 3 built brewery 2 at Stafford · card: brewery
Bot 1 built brewery 2 at Uttoxeter · card: brewery
Bot 1 built cotton 2 at Derby · card: cotton / manufacturer
Round 6 income, Dheirav Prakash +£6, Bot 1 +£0, Bot 2 −£1, Bot 3 −£3
Dheirav Prakash linked Birmingham–Dudley · card: Walsall
Dheirav Prakash built coal 2 at Cannock · card: Cannock
Bot 3 took a £30 loan (income −3 levels) · card: Belper
Bot 3 developed coal + brewery · card: pottery
Bot 1 developed cotton + cotton · card: iron
Bot 1 took a £30 loan (income −3 levels) · card: coal
Bot 2 built cotton 1 at Belper · card: cotton / manufacturer
Bot 2 took a £30 loan (income −3 levels) · card: Tamworth
Round 5 income, Dheirav Prakash +£5, Bot 1 +£3, Bot 2 +£2, Bot 3 +£0
Bot 3 linked Warrington–Stoke-on-Trent · card: Leek
Bot 3 built brewery 1 at Stafford · card: Stafford
Dheirav Prakash built iron 3 at Walsall · card: iron
Dheirav Prakash linked Birmingham–Walsall · card: Coventry
Bot 1 developed manufacturer + manufacturer · card: Kidderminster
Bot 1 developed iron + brewery · card: Birmingham
Bot 2 linked Belper–Derby · card: Nuneaton
Bot 2 developed cotton + manufacturer · card: Redditch
Round 4 income, Dheirav Prakash +£0, Bot 1 +£3, Bot 2 +£0, Bot 3 +£0
Bot 2 developed coal + brewery · card: Stone
Bot 2 built iron 1 at Coventry · card: Coventry
Bot 1 sold at Derby (beer: Bot 1's brewery at Uttoxeter) · card: Derby
Bot 1 built coal 2 at Burton-upon-Trent · card: Burton-upon-Trent
Dheirav Prakash linked Derby–Burton-upon-Trent · card: brewery
Dheirav Prakash built iron 2 at Birmingham · card: Birmingham
Bot 3 linked Coalbrookdale–Shrewsbury · card: Derby
Bot 3 built pottery 1 at Stoke-on-Trent · card: Stoke-on-Trent
