game over, winner: Dheirav Prakash
rail era scored: Dheirav Prakash +128 VP (141), Bot 1 +87 VP (109), Bot 2 +78 VP (106), Bot 3 +98 VP (121)
Bot 1 took a £30 loan (income −3 levels) · card: cotton / manufacturer
Bot 1 took a £30 loan (income −3 levels) · card: brewery
Bot 3 linked Birmingham–Worcester · card: Stafford
Bot 3 built manufacturer 2 at Birmingham · card: cotton / manufacturer
Bot 2 took a £30 loan (income −3 levels) · card: cotton / manufacturer
Bot 2 sold at Wolverhampton (beer: merchant at Gloucester) · card: Birmingham
Dheirav Prakash passed · card: Worcester
Dheirav Prakash passed · card: Uttoxeter
Dheirav Prakash sold at Derby (beer: merchant at Gloucester), Leek (beer: merchant at Gloucester), Stoke-on-Trent (beer: merchant at Gloucester), Kidderminster (beer: merchant at Gloucester) · card: Stoke-on-Trent
Dheirav Prakash built brewery 4 at Brewery (N) · card: brewery
Bot 1 took a £30 loan (income −3 levels) · card: Worcester
Bot 1 linked Gloucester–Redditch and Gloucester–Worcester · card: iron
Bot 3 built brewery 3 at Brewery (S) · card: brewery
Bot 3 linked Kidderminster–Worcester–Brewery (S) · card: iron
Bot 2 linked Birmingham–Tamworth · card: brewery
Bot 2 linked Belper–Leek · card: Dudley
Dheirav Prakash built cotton 3 at Kidderminster · card: Kidderminster
Dheirav Prakash built cotton 3 at Leek · card: Leek
Bot 3 built coal 4 at Redditch · card: coal
Bot 3 linked Redditch–Oxford · card: Kidderminster
Bot 1 built iron 4 at Redditch · card: Redditch
Bot 1 linked Birmingham–Redditch · card: Wolverhampton
Bot 2 took a £30 loan (income −3 levels) · card: Stoke-on-Trent
Bot 2 built manufacturer 2 at Wolverhampton · card: Wolverhampton
Dheirav Prakash took a £30 loan (income −3 levels) · card: Stafford
Dheirav Prakash built cotton 3 at Stoke-on-Trent · card: cotton / manufacturer
Bot 2 took a £30 loan (income −3 levels) · card: cotton / manufacturer
Bot 2 linked Dudley–Wolverhampton · card: Birmingham
Bot 3 sold at Belper (beer: merchant at Warrington) · card: Birmingham
Bot 3 built pottery 1 at Belper · card: Belper
Bot 1 linked Dudley–Kidderminster · card: Burton-on-Trent
Bot 1 linked Cannock–Stafford · card: cotton / manufacturer
Bot 3 linked Birmingham–Oxford · card: Derby
Bot 3 built coal 3 at Coventry · card: Coventry
Bot 1 took a £30 loan (income −3 levels) · card: Derby
Bot 1 linked Birmingham–Coventry · card: brewery
Bot 2 sold at Coventry (beer: merchant at Nottingham) · card: cotton / manufacturer
Bot 2 built pottery 1 at Coventry · card: pottery
Dheirav Prakash built cotton 2 at Derby · card: Derby
Dheirav Prakash linked Cannock–Brewery (N) · card: Stone
Dheirav Prakash developed cotton + cotton · card: Coventry
Dheirav Prakash developed cotton + cotton · card: Burton-on-Trent
Bot 2 linked Coventry–Nuneaton · card: pottery
Bot 2 built coal 3 at Nuneaton · card: coal
Bot 3 linked Cannock–Wolverhampton and Leek–Stoke-on-Trent · card: Belper
Bot 3 took a £30 loan (income −3 levels) · card: Stone
Bot 1 sold at Stafford (beer: merchant at Warrington) · card: Coventry
Bot 1 linked Stafford–Stone and Belper–Derby · card: iron
Bot 3 linked Tamworth–Walsall · card: Coalbrookdale
Bot 3 built brewery 2 at Uttoxeter · card: Uttoxeter
Dheirav Prakash linked Burton-on-Trent–Tamworth and Nuneaton–Tamworth · card: Dudley
Dheirav Prakash built iron 4 at Stoke-on-Trent · card: Stoke-on-Trent
Bot 2 linked Walsall–Wolverhampton and Birmingham–Nuneaton · card: iron
Bot 2 built brewery 2 at Nuneaton · card: Nuneaton
Bot 1 linked Derby–Nottingham · card: Tamworth
Bot 1 linked Birmingham–Dudley · card: coal
Bot 1 linked Coalbrookdale–Kidderminster · card: Cannock
Bot 1 linked Coalbrookdale–Wolverhampton · card: Coalbrookdale
Bot 3 linked Birmingham–Walsall and Stoke-on-Trent–Warrington · card: Walsall
Bot 3 linked Cannock–Walsall and Stoke-on-Trent–Stone · card: Coalbrookdale
Bot 2 took a £30 loan (income −3 levels) · card: Leek
Bot 2 linked Burton-on-Trent–Derby and Coalbrookdale–Shrewsbury · card: Cannock
Dheirav Prakash linked Burton-on-Trent–Cannock and Derby–Uttoxeter · card: pottery
Dheirav Prakash linked Burton-on-Trent–Stone and Stone–Uttoxeter · card: cotton / manufacturer
canal era scored: Dheirav Prakash +13 VP (13), Bot 1 +22 VP (22), Bot 2 +25 VP (25), Bot 3 +23 VP (23)
Dheirav Prakash took a £30 loan (income −3 levels) · card: wild_industry
Dheirav Prakash took a £30 loan (income −3 levels) · card: Stafford
Bot 3 sold at Stone (beer: merchant at Warrington) · card: cotton / manufacturer
Bot 3 linked Stoke-on-Trent–Stone · card: Stoke-on-Trent
Bot 2 sold at Stoke-on-Trent (beer: merchant at Warrington) · card: cotton / manufacturer
Bot 2 linked Stoke-on-Trent–Warrington · card: brewery
Bot 1 linked Coalbrookdale–Wolverhampton · card: cotton / manufacturer
Bot 1 linked Derby–Nottingham · card: Coventry
Bot 3 took a £30 loan (income −3 levels) · card: pottery
Bot 3 built iron 3 at Dudley · card: Dudley
Bot 1 built coal 2 at Dudley · card: Dudley
Bot 1 took a £30 loan (income −3 levels) · card: brewery
Bot 2 linked Burton-on-Trent–Walsall · card: Leek
Bot 2 developed brewery + brewery · card: Stoke-on-Trent
Dheirav Prakash built coal 2 at Cannock · card: Cannock
Dheirav Prakash built brewery 3 at Uttoxeter · card: wild_location
Bot 1 linked Coalbrookdale–Shrewsbury · card: pottery
Bot 1 built iron 3 at Coalbrookdale · card: Coalbrookdale
Bot 2 built coal 3 at Coalbrookdale · card: Coalbrookdale
Bot 2 took a £30 loan (income −3 levels) · card: brewery
Bot 3 built brewery 2 at Walsall · card: Walsall
Bot 3 developed brewery + brewery · card: Derby
Dheirav Prakash built iron 3 at Derby · card: iron
Dheirav Prakash linked Burton-on-Trent–Derby · card: coal
Bot 3 built coal 3 at Cannock · card: Cannock
Bot 3 took a £30 loan (income −3 levels) · card: cotton / manufacturer
Bot 1 built brewery 2 at Derby · card: Derby
Bot 1 developed brewery + brewery · card: cotton / manufacturer
Bot 2 built coal 2 at Burton-on-Trent · card: Burton-on-Trent
Bot 2 built coal 2 at Leek · card: Leek
Dheirav Prakash took a £30 loan (income −3 levels) · card: pottery
Dheirav Prakash built brewery 3 at Burton-on-Trent · card: Burton-on-Trent
Bot 1 built manufacturer 2 at Stafford · card: Stafford
Bot 1 took a £30 loan (income −3 levels) · card: Coventry
Bot 2 built iron 2 at Walsall · card: iron
Bot 2 linked Birmingham–Walsall · card: cotton / manufacturer
Bot 3 built coal 2 at Kidderminster · card: Kidderminster
Bot 3 built coal 2 at Tamworth · card: Tamworth
Dheirav Prakash built brewery 2 at Stone · card: Stone
Dheirav Prakash scouted for wild cards · card: Worcester
Bot 1 built coal 2 at Wolverhampton · card: Wolverhampton
Bot 1 developed coal + manufacturer · card: Derby
Dheirav Prakash built brewery 2 at Coalbrookdale · card: Coalbrookdale
Dheirav Prakash took a £30 loan (income −3 levels) · card: Birmingham
Bot 2 built manufacturer 2 at Stoke-on-Trent · card: Stoke-on-Trent
Bot 2 took a £30 loan (income −3 levels) · card: Uttoxeter
Bot 3 built manufacturer 2 at Stone · card: Stone
Bot 3 took a £30 loan (income −3 levels) · card: Redditch
Dheirav Prakash developed brewery + brewery · card: cotton / manufacturer
Dheirav Prakash built iron 2 at Coventry · card: iron
Bot 3 developed coal + iron · card: Wolverhampton
Bot 3 linked Birmingham–Tamworth · card: Nuneaton
Bot 2 built coal 1 at Coventry · card: Coventry
Bot 2 linked Birmingham–Coventry · card: Belper
Bot 1 built iron 2 at Birmingham · card: iron
Bot 1 built iron 1 at Birmingham · card: Birmingham
Dheirav Prakash developed coal + iron · card: coal
Bot 1 linked Birmingham–Oxford · card: cotton / manufacturer
Bot 3 developed iron + manufacturer · card: Belper
Bot 2 developed iron + manufacturer · card: Uttoxeter
