game over, winner: Dheirav Prakash
rail era scored: Dheirav Prakash +122 VP (146), Bot 1 +104 VP (124), Bot 2 +81 VP (112), Bot 3 +95 VP (135)
Bot 3 took a £30 loan (income −3 levels) · card: manufacturer / cotton
Bot 3 took a £30 loan (income −3 levels) · card: Leek
Dheirav Prakash sold at Belper (beer: merchant at Gloucester) · card: manufacturer / cotton
Dheirav Prakash built coal 3 at Nuneaton · card: wild_location
Bot 1 sold at Coventry (beer: merchant at Oxford) · card: Worcester
Bot 1 built manufacturer 2 at Coventry · card: manufacturer / cotton
Bot 2 took a £30 loan (income −3 levels) · card: manufacturer / cotton
Bot 2 built iron 3 at Coalbrookdale · card: iron
Bot 3 linked Leek–Stoke-on-Trent · card: Stoke-on-Trent
Bot 3 linked Belper–Leek and Cannock–Brewery (N) · card: pottery
Dheirav Prakash built cotton 2 at Belper · card: Belper
Dheirav Prakash developed cotton + cotton · card: Coventry
Bot 1 built pottery 1 at Stafford · card: pottery
Bot 1 took a £30 loan (income −3 levels) · card: iron
Bot 2 sold at Stoke-on-Trent (beer: merchant at Shrewsbury) · card: Redditch
Bot 2 built manufacturer 4 at Stoke-on-Trent · card: Stoke-on-Trent
Bot 3 linked Redditch–Oxford and Dudley–Kidderminster · card: Uttoxeter
Bot 3 built coal 4 at Redditch · card: coal
Bot 1 linked Coventry–Nuneaton and Gloucester–Redditch · card: Dudley
Bot 1 sold at Birmingham (beer: merchant at Warrington) · card: Stone
Bot 2 sold at Coventry (beer: merchant at Warrington) · card: brewery
Bot 2 built pottery 1 at Coventry · card: Coventry
Dheirav Prakash linked Stoke-on-Trent–Warrington and Gloucester–Worcester · card: Stafford
Dheirav Prakash built brewery 4 at Brewery (S) · card: wild_industry
Bot 1 linked Cannock–Stafford · card: Coalbrookdale
Bot 1 built brewery 4 at Uttoxeter · card: brewery
Bot 2 linked Dudley–Wolverhampton · card: Worcester
Bot 2 linked Cannock–Wolverhampton · card: manufacturer / cotton
Bot 3 sold at Belper (beer: merchant at Nottingham) · card: Burton-on-Trent
Bot 3 built pottery 1 at Belper · card: Belper
Dheirav Prakash built coal 3 at Stone · card: Stone
Dheirav Prakash scouted for wild cards · card: Wolverhampton
Bot 3 linked Birmingham–Worcester · card: Coventry
Bot 3 linked Birmingham–Redditch · card: brewery
Dheirav Prakash linked Kidderminster–Worcester–Brewery (S) · card: Leek
Dheirav Prakash built coal 2 at Kidderminster · card: Kidderminster
Bot 1 built cotton 2 at Birmingham · card: Birmingham
Bot 1 linked Birmingham–Tamworth · card: manufacturer / cotton
Bot 2 built coal 3 at Coalbrookdale · card: coal
Bot 2 linked Coalbrookdale–Kidderminster · card: Derby
Dheirav Prakash built iron 4 at Stoke-on-Trent · card: iron
Dheirav Prakash linked Stoke-on-Trent–Stone · card: Stafford
Bot 1 linked Cannock–Walsall · card: Birmingham
Bot 1 built coal 2 at Cannock · card: Cannock
Bot 3 built coal 3 at Cannock · card: Cannock
Bot 3 linked Nuneaton–Tamworth and Burton-on-Trent–Cannock · card: Uttoxeter
Bot 2 linked Coalbrookdale–Shrewsbury · card: Walsall
Bot 2 developed brewery + brewery · card: Derby
Bot 2 built iron 2 at Coalbrookdale · card: Coalbrookdale
Bot 2 sold at Stafford (beer: merchant at Nottingham) · card: iron
Dheirav Prakash linked Birmingham–Nuneaton and Coalbrookdale–Wolverhampton · card: Kidderminster
Dheirav Prakash built brewery 3 at Nuneaton · card: Nuneaton
Bot 3 built coal 3 at Tamworth · card: Tamworth
Bot 3 built coal 2 at Belper · card: coal
Bot 1 linked Birmingham–Oxford · card: Dudley
Bot 1 linked Birmingham–Coventry · card: manufacturer / cotton
Bot 3 took a £30 loan (income −3 levels) · card: Stoke-on-Trent
Bot 3 linked Belper–Derby and Birmingham–Dudley · card: manufacturer / cotton
Bot 2 linked Birmingham–Walsall and Burton-on-Trent–Tamworth · card: brewery
Bot 2 linked Tamworth–Walsall and Stafford–Stone · card: brewery
Dheirav Prakash linked Burton-on-Trent–Stone and Walsall–Wolverhampton · card: Derby
Dheirav Prakash linked Burton-on-Trent–Derby and Stone–Uttoxeter · card: Wolverhampton
Bot 1 took a £30 loan (income −3 levels) · card: pottery
Bot 1 linked Derby–Nottingham and Derby–Uttoxeter · card: Birmingham
canal era scored: Dheirav Prakash +24 VP (24), Bot 1 +20 VP (20), Bot 2 +24 VP (24), Bot 3 +34 VP (37)
Dheirav Prakash took a £30 loan (income −3 levels) · card: Cannock
Dheirav Prakash took a £30 loan (income −3 levels) · card: wild_industry
Bot 1 developed cotton + cotton · card: pottery
Bot 1 developed cotton · card: Birmingham
Bot 2 linked Walsall–Wolverhampton · card: Belper
Bot 2 took a £30 loan (income −3 levels) · card: brewery
Bot 3 sold at Birmingham (beer: merchant at Oxford) · card: Belper
Bot 3 built manufacturer 2 at Birmingham · card: manufacturer / cotton
Bot 1 built iron 3 at Redditch · card: Redditch
Bot 1 linked Redditch–Oxford · card: Nuneaton
Bot 2 sold at Birmingham (beer: merchant at Oxford) · card: Kidderminster
Bot 2 built manufacturer 3 at Birmingham · card: manufacturer / cotton
Dheirav Prakash built iron 3 at Derby · card: iron
Dheirav Prakash built brewery 3 at Uttoxeter · card: wild_location
Bot 3 built coal 2 at Burton-on-Trent · card: Burton-on-Trent
Bot 3 took a £30 loan (income −3 levels) · card: Coalbrookdale
Bot 1 took a £30 loan (income −3 levels) · card: Stoke-on-Trent
Bot 1 built brewery 3 at Stone · card: Stone
Bot 3 linked Burton-on-Trent–Derby · card: Kidderminster
Bot 3 developed brewery + brewery · card: Stafford
Dheirav Prakash scouted for wild cards · card: Coventry
Dheirav Prakash built brewery 2 at Coalbrookdale · card: Coalbrookdale
Bot 2 sold at Wolverhampton (beer: merchant at Oxford) · card: pottery
Bot 2 built manufacturer 2 at Wolverhampton · card: Wolverhampton
Bot 3 built iron 3 at Walsall · card: iron
Bot 3 linked Birmingham–Walsall · card: manufacturer / cotton
Bot 2 took a £30 loan (income −3 levels) · card: manufacturer / cotton
Bot 2 built coal 2 at Tamworth · card: Tamworth
Dheirav Prakash took a £30 loan (income −3 levels) · card: manufacturer / cotton
Dheirav Prakash built brewery 2 at Walsall · card: Walsall
Bot 1 built brewery 3 at Burton-on-Trent · card: Burton-on-Trent
Bot 1 built brewery 2 at Uttoxeter · card: Uttoxeter
Bot 2 linked Birmingham–Dudley · card: brewery
Bot 2 built coal 2 at Dudley · card: Dudley
Bot 1 took a £30 loan (income −3 levels) · card: brewery
Bot 1 built brewery 2 at Derby · card: Derby
Dheirav Prakash built iron 2 at Dudley · card: Dudley
Dheirav Prakash linked Dudley–Wolverhampton · card: coal
Bot 3 sold at Derby (beer: merchant at Nottingham) · card: iron
Bot 3 built manufacturer 2 at Derby · card: Derby
Bot 1 developed brewery + brewery · card: Leek
Bot 1 built coal 1 at Coventry · card: Coventry
Dheirav Prakash built coal 2 at Wolverhampton · card: Wolverhampton
Dheirav Prakash developed brewery + cotton · card: manufacturer / cotton
Bot 2 built manufacturer 2 at Stafford · card: Stafford
Bot 2 took a £30 loan (income −3 levels) · card: Worcester
Bot 3 built iron 2 at Coventry · card: Coventry
Bot 3 took a £30 loan (income −3 levels) · card: Coalbrookdale
Bot 2 built coal 1 at Belper · card: coal
Bot 2 linked Belper–Derby · card: brewery
Bot 3 developed coal · card: Stone
Bot 3 linked Birmingham–Coventry · card: Uttoxeter
Bot 1 built iron 2 at Birmingham · card: Birmingham
Bot 1 linked Birmingham–Oxford · card: Stoke-on-Trent
Dheirav Prakash developed brewery + coal · card: pottery
Dheirav Prakash built iron 1 at Derby · card: Derby
Dheirav Prakash linked Derby–Nottingham · card: manufacturer / cotton
Bot 2 developed iron + manufacturer · card: brewery
Bot 3 developed iron + manufacturer · card: iron
Bot 1 developed iron + manufacturer · card: Birmingham
