game over, winner: Dheirav Prakash
rail era scored: Dheirav Prakash +122 VP (143), Bot 1 +69 VP (90), Bot 2 +91 VP (129), Bot 3 +79 VP (106)
Dheirav Prakash sold at Stoke-on-Trent (beer: merchant at Shrewsbury) · card: Stone
Dheirav Prakash built iron 3 at Stoke-on-Trent · card: iron
Bot 2 sold at Birmingham (beer: Bot 2's brewery at Nuneaton), Leek (beer: Bot 2's brewery at Nuneaton) · card: cotton / manufacturer
Bot 2 built brewery 3 at Nuneaton · card: brewery
Bot 3 built manufacturer 5 at Birmingham · card: cotton / manufacturer
Bot 3 linked Kidderminster–Worcester · card: Derby
Bot 1 linked Birmingham–Worcester · card: coal
Bot 1 linked Birmingham–Redditch · card: iron
Round 15 income, Dheirav Prakash +£12, Bot 1 +£10, Bot 2 +£7, Bot 3 +£19
Bot 1 took a £30 loan (income −3 levels) · card: pottery
Bot 1 built manufacturer 2 at Redditch · card: Redditch
Bot 3 sold at Birmingham (beer: merchant at Warrington), Birmingham (beer: Bot 2's brewery at Stone + merchant at Warrington) · card: Coalbrookdale
Bot 3 built manufacturer 5 at Birmingham · card: cotton / manufacturer
Dheirav Prakash built cotton 2 at Stoke-on-Trent · card: Stoke-on-Trent
Dheirav Prakash linked Stoke-on-Trent–Stone and Warrington–Stoke-on-Trent · card: Birmingham
Dheirav Prakash undid their first action.
Bot 2 built brewery 3 at Stone · card: Wild Location
Bot 2 built iron 4 at Derby · card: Wild Industry
Round 14 income, Dheirav Prakash +£10, Bot 1 +£13, Bot 2 +£4, Bot 3 +£16
Bot 2 scouted for wild cards · cards: Worcester, cotton / manufacturer, Stafford
Bot 2 took a £30 loan (income −3 levels) · card: Stoke-on-Trent
Bot 1 built pottery 1 at Stafford · card: pottery
Bot 1 built manufacturer 2 at Cannock · card: cotton / manufacturer
Bot 3 linked Dudley–Kidderminster · card: Coalbrookdale
Bot 3 built manufacturer 4 at Birmingham · card: Birmingham
Dheirav Prakash developed cotton + cotton · card: Stoke-on-Trent
Dheirav Prakash developed cotton + cotton · card: Cannock
Round 13 income, Dheirav Prakash +£10, Bot 1 +£13, Bot 2 +£7, Bot 3 +£14
Dheirav Prakash took a £30 loan (income −3 levels) · card: Coventry
Dheirav Prakash built coal 3 at Stone · card: coal
Bot 3 sold at Wolverhampton, Coventry (beer: merchant at Oxford) · card: Derby
Bot 3 built manufacturer 3 at Wolverhampton · card: cotton / manufacturer
Bot 2 built manufacturer 2 at Birmingham · card: cotton / manufacturer
Bot 2 built iron 3 at Dudley · card: iron
Bot 1 linked Cannock–Wolverhampton and Stafford–Cannock · card: Belper
Bot 1 took a £30 loan (income −3 levels) · card: Leek
Round 12 income, Dheirav Prakash +£11, Bot 1 +£14, Bot 2 +£6, Bot 3 +£11
Bot 3 built coal 3 at Kidderminster · card: Kidderminster
Bot 3 built pottery 1 at Coventry · card: Coventry
Dheirav Prakash built pottery 1 at Belper · card: Belper
Dheirav Prakash linked Cannock–Walsall and Uttoxeter–Stone · card: cotton / manufacturer
Dheirav Prakash undid their first action.
Bot 1 linked Wolverhampton–Dudley · card: Uttoxeter
Bot 1 built coal 4 at Cannock · card: Cannock
Bot 2 linked Tamworth–Birmingham and Nuneaton–Birmingham · card: iron
Bot 2 linked Nuneaton–Coventry and Tamworth–Nuneaton · card: Uttoxeter
Round 11 income, Dheirav Prakash +£8, Bot 1 +£14, Bot 2 +£3, Bot 3 +£11
Bot 2 took a £30 loan (income −3 levels) · card: Kidderminster
Bot 2 built brewery 2 at Nuneaton · card: Nuneaton
Dheirav Prakash took a £30 loan (income −3 levels) · card: Burton-upon-Trent
Dheirav Prakash built brewery 4 at Uttoxeter · card: brewery
Bot 1 linked Coalbrookdale–Kidderminster · card: Dudley
Bot 1 linked Tamworth–Walsall · card: Coventry
Bot 3 linked Walsall–Wolverhampton and Birmingham–Walsall · card: brewery
Bot 3 took a £30 loan (income −3 levels) · card: Birmingham
Round 10 income, Dheirav Prakash +£9, Bot 1 +£12, Bot 2 +£6, Bot 3 +£10
Dheirav Prakash linked Stone–Burton-upon-Trent and Stone–Stafford · card: Coalbrookdale
Dheirav Prakash built brewery 3 at Walsall · card: Walsall
Bot 3 sold at Derby (beer: Bot 3's brewery at Coalbrookdale), Belper (beer: merchant at Nottingham) · card: Wolverhampton
Bot 3 built manufacturer 2 at Derby · card: Derby
Bot 1 linked Burton-upon-Trent–Cannock · card: Wolverhampton
Bot 1 built coal 4 at Tamworth · card: Tamworth
Bot 2 linked Leek–Belper and Belper–Derby · card: pottery
Bot 2 linked Birmingham–Dudley and Birmingham–Oxford · card: Worcester
Round 9 income, Dheirav Prakash +£9, Bot 1 +£9, Bot 2 +£3, Bot 3 +£7
Bot 2 built brewery 2 at Stafford · card: Stafford
Bot 2 took a £30 loan (income −3 levels) · card: Stone
Bot 3 linked Coalbrookdale–Shrewsbury and Wolverhampton–Coalbrookdale · card: Burton-upon-Trent
Bot 3 built brewery 2 at Coalbrookdale · card: brewery
Bot 1 built coal 3 at Tamworth · card: coal
Bot 1 linked Burton-upon-Trent–Tamworth · card: Dudley
Dheirav Prakash linked Derby–Uttoxeter and Coventry–Birmingham · card: brewery
Dheirav Prakash linked Derby–Nottingham and Derby–Burton-upon-Trent · card: Leek
rail era begins: level-1 tiles and canal links removed, new deck dealt
canal era scored: Dheirav Prakash +17 VP (17), Bot 1 +21 VP (21), Bot 2 +35 VP (38), Bot 3 +24 VP (24)
Round 8 income, Dheirav Prakash +£0, Bot 1 +£6, Bot 2 +£6, Bot 3 +£3
Bot 1 developed cotton + manufacturer · card: Birmingham
Bot 1 built coal 3 at Leek · card: Leek
Bot 3 built coal 2 at Wolverhampton · card: Wild Industry
Bot 3 linked Wolverhampton–Coalbrookdale · card: cotton / manufacturer
Dheirav Prakash linked Birmingham–Oxford · card: Wild Industry
Dheirav Prakash took a £30 loan (income −3 levels) · card: Cannock
Bot 2 built manufacturer 2 at Leek · card: Wild Industry
Bot 2 linked Stoke-on-Trent–Leek · card: cotton / manufacturer
Round 7 income, Dheirav Prakash +£3, Bot 1 +£5, Bot 2 +£6, Bot 3 +£3
Dheirav Prakash built coal 3 at Nuneaton · card: Nuneaton
Dheirav Prakash took a £30 loan (income −3 levels) · card: Walsall
Bot 3 built manufacturer 2 at Belper · card: cotton / manufacturer
Bot 3 took a £30 loan (income −3 levels) · card: cotton / manufacturer
Bot 2 developed cotton + cotton · card: cotton / manufacturer
Bot 2 developed brewery + cotton · card: Stone
Bot 1 built iron 4 at Walsall · card: Wild Industry
Bot 1 built iron 3 at Coalbrookdale · card: Wild Location
Round 6 income, Dheirav Prakash +£5, Bot 1 +£5, Bot 2 +£5, Bot 3 +£6
Bot 1 sold at Stoke-on-Trent (beer: merchant at Warrington) · card: Cannock
Bot 1 scouted for wild cards · cards: brewery, pottery, brewery
Bot 3 linked Coalbrookdale–Shrewsbury · card: brewery
Bot 3 built coal 2 at Coalbrookdale · card: Coalbrookdale
Dheirav Prakash built brewery 3 at Burton-upon-Trent · card: Burton-upon-Trent
Dheirav Prakash built brewery 2 at Uttoxeter · card: Uttoxeter
Bot 2 sold at Stoke-on-Trent (beer: Bot 2's brewery at Uttoxeter) · card: Tamworth
Bot 2 built iron 2 at Dudley · card: Wild Location
Round 5 income, Dheirav Prakash +£5, Bot 1 +£2, Bot 2 +£0, Bot 3 +£6
Bot 2 scouted for wild cards · cards: Burton-upon-Trent, Stafford, Leek
Bot 2 built brewery 1 at Uttoxeter · card: Uttoxeter
Bot 1 built cotton 1 at Stoke-on-Trent · card: Stoke-on-Trent
Bot 1 took a £30 loan (income −3 levels) · card: Stone
Dheirav Prakash built iron 2 at Birmingham · card: Birmingham
Dheirav Prakash linked Coventry–Birmingham · card: coal
Bot 3 developed brewery + brewery · card: Redditch
Bot 3 built iron 4 at Coventry · card: Coventry
Round 4 income, Dheirav Prakash +£5, Bot 1 +£5, Bot 2 +£0, Bot 3 +£6
Bot 3 developed coal + iron · card: Kidderminster
Bot 3 sold at Belper (beer: Dheirav Prakash's brewery at Derby) · card: Birmingham
Dheirav Prakash built coal 2 at Coventry · card: Wild Location
Dheirav Prakash scouted for wild cards · cards: iron, brewery, Worcester
Bot 1 developed brewery + brewery · card: Worcester
Bot 1 built coal 2 at Dudley · card: Dudley
