game over, winner: Dheirav Prakash
rail era scored: Dheirav Prakash +128 VP (144), Bot 1 +59 VP (97), Bot 2 +96 VP (123), Bot 3 +70 VP (100)
Dheirav Prakash sold at Belper (beer: Dheirav Prakash's brewery at Stafford + merchant at Nottingham), Stoke-on-Trent (beer: Dheirav Prakash's brewery at Stafford) · card: Leek
Dheirav Prakash built brewery 4 at Stafford · card: Stafford
Bot 2 sold at Worcester (beer: Bot 3's brewery at Walsall) · card: cotton / manufacturer
Bot 2 built cotton 2 at Worcester · card: cotton / manufacturer
Bot 3 linked Worcester–Gloucester · card: pottery
Bot 3 built brewery 3 at Walsall · card: brewery
Bot 1 took a £30 loan (income −3 levels) · card: iron
Bot 1 built cotton 2 at Tamworth · card: cotton / manufacturer
Round 15 income, Dheirav Prakash +£18, Bot 1 +£16, Bot 2 +£16, Bot 3 +£10
Dheirav Prakash built pottery 3 at Belper · card: Belper
Dheirav Prakash developed pottery + brewery · card: Leek
Bot 1 sold at Stoke-on-Trent (beer: Bot 2's brewery at Burton-upon-Trent) · card: Dudley
Bot 1 built manufacturer 2 at Stoke-on-Trent · card: cotton / manufacturer
Bot 2 developed brewery + brewery · card: cotton / manufacturer
Bot 2 linked Cannock–Wolverhampton and Cannock–Walsall · card: Coventry
Bot 3 took a £30 loan (income −3 levels) · card: coal
Bot 3 linked Tamworth–Walsall and Walsall–Wolverhampton · card: iron
Round 14 income, Dheirav Prakash +£16, Bot 1 +£11, Bot 2 +£14, Bot 3 +£11
Dheirav Prakash built pottery 1 at Stoke-on-Trent · card: Stoke-on-Trent
Dheirav Prakash linked Belper–Derby and Derby–Burton-upon-Trent · card: brewery
Bot 2 sold at Derby (beer: merchant at Gloucester), Wolverhampton (beer: Bot 2's brewery at Derby) · card: Wolverhampton
Bot 2 built manufacturer 2 at Wolverhampton · card: cotton / manufacturer
Bot 1 sold at Coventry (beer: Bot 1's brewery at Uttoxeter) · card: Belper
Bot 1 linked Stone–Stafford and Stoke-on-Trent–Stone · card: Derby
Bot 3 developed cotton + cotton · card: Cannock
Bot 3 built coal 2 at Tamworth · card: coal
Round 13 income, Dheirav Prakash +£15, Bot 1 +£6, Bot 2 +£11, Bot 3 +£10
Bot 2 linked Birmingham–Worcester and Tamworth–Birmingham · card: Uttoxeter
Bot 2 built brewery 3 at Burton-upon-Trent · card: Burton-upon-Trent
Bot 1 built brewery 3 at Uttoxeter · card: brewery
Bot 1 linked Stone–Burton-upon-Trent and Burton-upon-Trent–Tamworth · card: Derby
Dheirav Prakash linked Uttoxeter–Stone and Derby–Uttoxeter · card: Dudley
Dheirav Prakash built coal 4 at Stone · card: Stone
Bot 3 sold at Birmingham (beer: merchant at Shrewsbury) · card: Tamworth
Bot 3 built manufacturer 2 at Birmingham · card: cotton / manufacturer
Round 12 income, Dheirav Prakash +£11, Bot 1 +£3, Bot 2 +£11, Bot 3 +£10
Dheirav Prakash took a £30 loan (income −3 levels) · card: Stafford
Dheirav Prakash built coal 4 at Wolverhampton · card: Wolverhampton
Bot 1 took a £30 loan (income −3 levels) · card: Birmingham
Bot 1 built iron 4 at Coventry · card: iron
Bot 3 linked Tamworth–Nuneaton · card: Worcester
Bot 3 sold at Birmingham (beer: merchant at Oxford) · card: Kidderminster
Bot 2 linked Wolverhampton–Coalbrookdale and Wolverhampton–Dudley · card: brewery
Bot 2 linked Coalbrookdale–Kidderminster and Kidderminster–Worcester · card: brewery
Round 11 income, Dheirav Prakash +£12, Bot 1 +£6, Bot 2 +£8, Bot 3 +£7
Bot 3 linked Redditch–Oxford · card: Stoke-on-Trent
Bot 3 linked Nuneaton–Birmingham and Nuneaton–Coventry · card: Coventry
Dheirav Prakash built coal 3 at Kidderminster · card: Kidderminster
Dheirav Prakash linked Birmingham–Dudley and Stafford–Cannock · card: Coalbrookdale
Bot 2 took a £30 loan (income −3 levels) · card: Burton-upon-Trent
Bot 2 built coal 2 at Coalbrookdale · card: coal
Bot 1 built pottery 1 at Coventry · card: Coventry
Bot 1 built brewery 2 at Uttoxeter · card: Uttoxeter
Round 10 income, Dheirav Prakash +£6, Bot 1 +£4, Bot 2 +£8, Bot 3 +£7
Dheirav Prakash built iron 2 at Walsall · card: Walsall
Dheirav Prakash built brewery 3 at Nuneaton · card: Nuneaton
Bot 2 linked Coalbrookdale–Shrewsbury · card: Birmingham
Bot 2 built brewery 2 at Derby · card: Derby
Bot 1 took a £30 loan (income −3 levels) · card: Stoke-on-Trent
Bot 1 built coal 2 at Cannock · card: Cannock
Bot 3 linked Redditch–Gloucester · card: pottery
Bot 3 built cotton 2 at Birmingham · card: cotton / manufacturer
Round 9 income, Dheirav Prakash +£6, Bot 1 +£7, Bot 2 +£8, Bot 3 +£3
Bot 2 built brewery 2 at Coalbrookdale · card: Coalbrookdale
Bot 2 built iron 4 at Dudley · card: iron
Bot 1 built brewery 2 at Stone · card: Stone
Bot 1 built iron 3 at Redditch · card: Redditch
Bot 3 took a £30 loan (income −3 levels) · card: Coalbrookdale
Bot 3 linked Derby–Nottingham · card: Birmingham
Dheirav Prakash linked Birmingham–Walsall and Birmingham–Redditch · card: pottery
Dheirav Prakash linked Coventry–Birmingham and Birmingham–Oxford · card: Worcester
rail era begins: level-1 tiles and canal links removed, new deck dealt
canal era scored: Dheirav Prakash +13 VP (13), Bot 1 +38 VP (38), Bot 2 +27 VP (27), Bot 3 +26 VP (26)
Round 8 income, Dheirav Prakash −£4, Bot 1 +£7, Bot 2 +£4, Bot 3 +£6
Bot 3 linked Burton-upon-Trent–Walsall · card: cotton / manufacturer
Bot 3 linked Stone–Burton-upon-Trent · card: Leek
Dheirav Prakash took a £30 loan (income −3 levels) · card: brewery
Dheirav Prakash took a £30 loan (income −3 levels) · card: Wild Industry
Bot 1 developed cotton + cotton · card: Leek
Bot 1 built iron 2 at Coventry · card: Coventry
Bot 2 linked Burton-upon-Trent–Tamworth · card: brewery
Bot 2 built cotton 2 at Derby · card: cotton / manufacturer
Round 7 income, Dheirav Prakash +£2, Bot 1 +£7, Bot 2 +£2, Bot 3 +£6
Dheirav Prakash built coal 3 at Coventry · card: Wild Location
Dheirav Prakash scouted for wild cards · cards: iron, iron, Dudley
Bot 3 linked Redditch–Oxford · card: Stoke-on-Trent
Bot 3 built coal 2 at Redditch · card: Redditch
Bot 2 took a £30 loan (income −3 levels) · card: Uttoxeter
Bot 2 developed brewery + brewery · card: Coalbrookdale
Bot 1 developed brewery + manufacturer · card: Uttoxeter
Bot 1 linked Birmingham–Worcester · card: brewery
Round 6 income, Dheirav Prakash +£2, Bot 1 +£7, Bot 2 +£4, Bot 3 +£6
Dheirav Prakash built coal 2 at Nuneaton · card: Nuneaton
Dheirav Prakash built brewery 2 at Stafford · card: Stafford
Bot 3 developed brewery + brewery · card: Tamworth
Bot 3 built iron 4 at Derby · card: Derby
Bot 2 linked Derby–Burton-upon-Trent · card: Belper
Bot 2 developed cotton + cotton · card: Belper
Bot 1 linked Derby–Nottingham · card: pottery
Bot 1 sold at Worcester (beer: Bot 1's brewery at Derby) · card: Stoke-on-Trent
Round 5 income, Dheirav Prakash +£2, Bot 1 +£2, Bot 2 +£4, Bot 3 +£5
Bot 2 built iron 3 at Coalbrookdale · card: Coalbrookdale
Bot 2 sold at Birmingham (beer: merchant at Oxford) · card: coal
Bot 1 linked Coalbrookdale–Shrewsbury · card: Stoke-on-Trent
Bot 1 built coal 1 at Coalbrookdale · card: coal
Dheirav Prakash linked Stafford–Cannock · card: cotton / manufacturer
Dheirav Prakash built coal 2 at Cannock · card: Cannock
Bot 3 developed cotton + cotton · card: pottery
Bot 3 built iron 3 at Birmingham · card: Birmingham
Round 4 income, Dheirav Prakash +£2, Bot 1 +£0, Bot 2 +£0, Bot 3 +£5
Dheirav Prakash built brewery 2 at Farm Brewery (S) · card: brewery
Dheirav Prakash developed brewery + brewery · card: Worcester
Bot 3 developed coal + brewery · card: coal
Bot 3 built iron 2 at Birmingham · card: Birmingham
Bot 2 built cotton 1 at Birmingham · card: cotton / manufacturer
Bot 2 built iron 2 at Coalbrookdale · card: Coalbrookdale
Bot 1 built brewery 1 at Derby · card: Derby
Bot 1 built cotton 1 at Worcester · card: cotton / manufacturer
