game over, winner: Bot 3
rail era scored: Dheirav Prakash +96 VP (114), Bot 1 +87 VP (121), Bot 2 +80 VP (111), Bot 3 +110 VP (143)
Bot 2 took a £30 loan (income −3 levels) · card: cotton / manufacturer
Bot 2 took a £30 loan (income −3 levels) · card: Stoke-on-Trent
Bot 1 built manufacturer 5 at Birmingham · card: cotton / manufacturer
Bot 1 built coal 3 at Dudley · card: Dudley
Bot 3 linked Gloucester–Worcester · card: iron
Bot 3 linked Birmingham–Worcester and Dudley–Kidderminster · card: Worcester
Dheirav Prakash sold at Stafford (beer: merchant at Warrington), Coventry (beer: merchant at Warrington) · card: wild_industry
Dheirav Prakash built brewery 2 at Brewery (N) · card: brewery
Bot 3 sold at Stoke-on-Trent (beer: merchant at Oxford) · card: Derby
Bot 3 built manufacturer 2 at Stoke-on-Trent · card: cotton / manufacturer
Bot 2 sold at Belper (beer: merchant at Gloucester) · card: Birmingham
Bot 2 built pottery 1 at Belper · card: Belper
Dheirav Prakash took a £30 loan (income −3 levels) · card: Cannock
Dheirav Prakash built coal 3 at Leek · card: Leek
Bot 1 built manufacturer 5 at Birmingham · card: Birmingham
Bot 1 developed manufacturer + manufacturer · card: Leek
Dheirav Prakash built iron 4 at Dudley · card: wild_location
Dheirav Prakash scouted for wild cards · card: Coalbrookdale
Bot 3 built coal 4 at Kidderminster · card: Kidderminster
Bot 3 linked Leek–Stoke-on-Trent and Birmingham–Dudley · card: Redditch
Bot 2 linked Belper–Leek and Dudley–Wolverhampton · card: pottery
Bot 2 built coal 3 at Nuneaton · card: Nuneaton
Bot 1 built brewery 3 at Derby · card: Derby
Bot 1 took a £30 loan (income −3 levels) · card: Stoke-on-Trent
Bot 1 linked Birmingham–Tamworth · card: Worcester
Bot 1 built coal 2 at Tamworth · card: Tamworth
Bot 3 linked Nuneaton–Tamworth · card: Coalbrookdale
Bot 3 built iron 4 at Birmingham · card: Birmingham
Bot 2 linked Birmingham–Coventry and Birmingham–Oxford · card: iron
Bot 2 took a £30 loan (income −3 levels) · card: Stoke-on-Trent
Dheirav Prakash built pottery 3 at Coventry · card: Coventry
Dheirav Prakash took a £30 loan (income −3 levels) · card: brewery
Bot 1 linked Birmingham–Nuneaton and Coventry–Nuneaton · card: Dudley
Bot 1 built brewery 3 at Uttoxeter · card: brewery
Bot 3 built coal 3 at Tamworth · card: coal
Bot 3 linked Tamworth–Walsall · card: Stone
Bot 2 linked Redditch–Oxford · card: brewery
Bot 2 linked Gloucester–Redditch · card: Wolverhampton
Dheirav Prakash linked Burton-on-Trent–Tamworth · card: cotton / manufacturer
Dheirav Prakash linked Stoke-on-Trent–Warrington · card: Uttoxeter
Dheirav Prakash took a £30 loan (income −3 levels) · card: coal
Dheirav Prakash developed brewery + pottery · card: Walsall
Bot 3 built coal 3 at Belper · card: Belper
Bot 3 built coal 2 at Kidderminster · card: Kidderminster
Bot 2 linked Birmingham–Redditch · card: Derby
Bot 2 sold at Belper (beer: merchant at Shrewsbury) · card: Coventry
Bot 1 took a £30 loan (income −3 levels) · card: iron
Bot 1 linked Cannock–Wolverhampton and Coalbrookdale–Kidderminster · card: Cannock
Dheirav Prakash built pottery 1 at Stafford · card: pottery
Dheirav Prakash linked Cannock–Stafford and Cannock–Brewery (N) · card: cotton / manufacturer
Bot 1 linked Walsall–Wolverhampton and Birmingham–Walsall · card: Burton-on-Trent
Bot 1 took a £30 loan (income −3 levels) · card: Wolverhampton
Bot 3 built brewery 3 at Walsall · card: brewery
Bot 3 linked Stoke-on-Trent–Stone and Cannock–Walsall · card: Uttoxeter
Bot 2 built brewery 3 at Stone · card: Stone
Bot 2 linked Coalbrookdale–Wolverhampton and Burton-on-Trent–Cannock · card: cotton / manufacturer
Bot 1 linked Coalbrookdale–Shrewsbury and Belper–Derby · card: cotton / manufacturer
Bot 1 built iron 4 at Coalbrookdale · card: Coalbrookdale
Bot 2 took a £30 loan (income −3 levels) · card: cotton / manufacturer
Bot 2 built brewery 2 at Burton-on-Trent · card: Burton-on-Trent
Dheirav Prakash linked Derby–Nottingham and Burton-on-Trent–Derby · card: coal
Dheirav Prakash linked Burton-on-Trent–Stone and Stafford–Stone · card: pottery
Bot 3 built brewery 3 at Stafford · card: Stafford
Bot 3 linked Stone–Uttoxeter and Derby–Uttoxeter · card: Stafford
canal era scored: Dheirav Prakash +18 VP (18), Bot 1 +34 VP (34), Bot 2 +27 VP (27), Bot 3 +33 VP (33)
Bot 1 sold at Stoke-on-Trent (beer: merchant at Warrington), Wolverhampton (beer: merchant at Shrewsbury) · card: cotton / manufacturer
Bot 1 linked Stoke-on-Trent–Warrington · card: brewery
Dheirav Prakash took a £30 loan (income −3 levels) · card: Dudley
Dheirav Prakash took a £30 loan (income −3 levels) · card: Derby
Bot 2 sold at Wolverhampton (beer: merchant at Shrewsbury) · card: cotton / manufacturer
Bot 2 linked Coalbrookdale–Wolverhampton · card: Leek
Bot 3 sold at Walsall (beer: merchant at Gloucester) · card: cotton / manufacturer
Bot 3 took a £30 loan (income −3 levels) · card: Derby
Bot 2 linked Birmingham–Walsall · card: coal
Bot 2 built coal 2 at Cannock · card: Cannock
Bot 3 linked Coalbrookdale–Shrewsbury · card: Birmingham
Bot 3 built coal 2 at Coalbrookdale · card: Coalbrookdale
Dheirav Prakash built iron 3 at Stoke-on-Trent · card: Stoke-on-Trent
Dheirav Prakash linked Stoke-on-Trent–Stone · card: Stoke-on-Trent
Bot 1 built manufacturer 2 at Stoke-on-Trent · card: Stoke-on-Trent
Bot 1 took a £30 loan (income −3 levels) · card: Worcester
Bot 3 built brewery 2 at Uttoxeter · card: Uttoxeter
Bot 3 took a £30 loan (income −3 levels) · card: Stafford
Bot 1 built coal 2 at Stone · card: Stone
Bot 1 linked Derby–Nottingham · card: Leek
Bot 2 built manufacturer 2 at Wolverhampton · card: Wolverhampton
Bot 2 took a £30 loan (income −3 levels) · card: pottery
Dheirav Prakash built brewery 1 at Walsall · card: brewery
Dheirav Prakash linked Cannock–Walsall · card: cotton / manufacturer
Bot 1 built brewery 2 at Derby · card: Derby
Bot 1 took a £30 loan (income −3 levels) · card: brewery
Bot 3 built brewery 2 at Nuneaton · card: Nuneaton
Bot 3 developed brewery + brewery · card: coal
Bot 2 linked Gloucester–Redditch · card: Dudley
Bot 2 built coal 2 at Redditch · card: Redditch
Dheirav Prakash took a £30 loan (income −3 levels) · card: cotton / manufacturer
Dheirav Prakash built coal 2 at Cannock · card: Cannock
Bot 3 built iron 3 at Redditch · card: iron
Bot 3 linked Redditch–Oxford · card: Birmingham
Bot 1 built brewery 2 at Uttoxeter · card: Uttoxeter
Bot 1 developed brewery + brewery · card: Stone
Bot 2 built brewery 2 at Coalbrookdale · card: Coalbrookdale
Bot 2 developed brewery + brewery · card: Stafford
Dheirav Prakash built brewery 1 at Stone · card: brewery
Dheirav Prakash linked Burton-on-Trent–Stone · card: Burton-on-Trent
Bot 3 built manufacturer 2 at Walsall · card: Walsall
Bot 3 developed coal + manufacturer · card: Tamworth
Bot 1 developed coal + iron · card: Coalbrookdale
Bot 1 built manufacturer 2 at Wolverhampton · card: Wolverhampton
Bot 2 built manufacturer 2 at Belper · card: Belper
Bot 2 took a £30 loan (income −3 levels) · card: brewery
Dheirav Prakash built iron 2 at Derby · card: iron
Dheirav Prakash linked Burton-on-Trent–Derby · card: cotton / manufacturer
Dheirav Prakash took a £30 loan (income −3 levels) · card: Coventry
Dheirav Prakash built coal 2 at Burton-on-Trent · card: Burton-on-Trent
Bot 1 took a £30 loan (income −3 levels) · card: Kidderminster
Bot 1 built iron 2 at Coventry · card: iron
Bot 2 built coal 1 at Coventry · card: Coventry
Bot 2 linked Birmingham–Coventry · card: Kidderminster
Bot 3 built iron 2 at Birmingham · card: iron
Bot 3 built iron 1 at Birmingham · card: Birmingham
Bot 3 linked Birmingham–Oxford · card: coal
Dheirav Prakash developed coal + iron · card: pottery
Bot 1 developed iron + manufacturer · card: cotton / manufacturer
Bot 2 developed iron + manufacturer · card: Coventry
