game over, winner: haze eshwald
rail era scored: haze eshwald +116 VP (145), Bot 1 +94 VP (128), Bot 2 +110 VP (141), Bot 3 +76 VP (118)
haze eshwald sold at Belper (beer: 2 from haze eshwald's brewery at Farm Brewery (N)) · card: brewery
haze eshwald built brewery 3 at Farm Brewery (N) · card: brewery
Bot 2 sold at Stoke-on-Trent (beer: Bot 1's brewery at Farm Brewery (S) + merchant at Gloucester), Stoke-on-Trent (beer: Bot 1's brewery at Farm Brewery (S) + merchant at Gloucester) · card: cotton / manufacturer
Bot 2 built manufacturer 5 at Stoke-on-Trent · card: cotton / manufacturer
Bot 1 built brewery 3 at Farm Brewery (S) · card: brewery
Bot 1 linked Kidderminster–Worcester · card: pottery
Bot 3 built manufacturer 2 at Belper · card: cotton / manufacturer
Bot 3 built coal 3 at Belper · card: Wild Industry
Round 15 income, haze eshwald +£15, Bot 1 +£16, Bot 2 +£19, Bot 3 +£6
haze eshwald linked Walsall–Wolverhampton and Leek–Belper · card: Stoke-on-Trent
haze eshwald linked Cannock–Walsall and Tamworth–Walsall · card: coal
Bot 2 built manufacturer 5 at Stoke-on-Trent · card: cotton / manufacturer
Bot 2 developed manufacturer + pottery · card: iron
Bot 1 built brewery 3 at Derby · card: brewery
Bot 1 linked Birmingham–Worcester · card: Cannock
Bot 3 linked Cannock–Wolverhampton · card: Leek
Bot 3 linked Wolverhampton–Dudley · card: pottery
Round 14 income, haze eshwald +£15, Bot 1 +£14, Bot 2 +£19, Bot 3 +£6
Bot 3 built coal 2 at Belper · card: Wild Location
Bot 3 scouted for wild cards · cards: Stone, Uttoxeter, Walsall
Bot 2 sold at Stafford (beer: merchant at Shrewsbury), Derby · card: Wolverhampton
Bot 2 built manufacturer 3 at Derby · card: Derby
haze eshwald linked Redditch–Oxford · card: Stafford
haze eshwald built pottery 3 at Belper · card: Belper
Bot 1 sold at Wolverhampton (beer: merchant at Oxford), Walsall · card: Birmingham
Bot 1 built manufacturer 4 at Wolverhampton · card: cotton / manufacturer
Round 13 income, haze eshwald +£13, Bot 1 +£7, Bot 2 +£16, Bot 3 +£3
haze eshwald linked Belper–Derby and Stafford–Cannock · card: Nuneaton
haze eshwald developed pottery + manufacturer · card: cotton / manufacturer
Bot 2 linked Stoke-on-Trent–Stone and Warrington–Stoke-on-Trent · card: Coalbrookdale
Bot 2 linked Burton-upon-Trent–Cannock · card: Stoke-on-Trent
Bot 1 built brewery 2 at Derby · card: Derby
Bot 1 linked Wolverhampton–Coalbrookdale · card: Worcester
Bot 3 built iron 4 at Coventry · card: iron
Bot 3 built iron 3 at Redditch · card: Redditch
Round 12 income, haze eshwald +£13, Bot 1 +£1, Bot 2 +£13, Bot 3 +£2
Bot 3 linked Dudley–Kidderminster · card: Stafford
Bot 3 took a £30 loan (income −3 levels) · card: Leek
haze eshwald linked Tamworth–Nuneaton · card: Kidderminster
haze eshwald built pottery 1 at Coventry · card: Coventry
Bot 2 built pottery 1 at Stafford · card: pottery
Bot 2 linked Redditch–Gloucester · card: Burton-upon-Trent
Bot 1 built iron 4 at Coalbrookdale · card: iron
Bot 1 built coal 3 at Wolverhampton · card: Wolverhampton
Round 11 income, haze eshwald +£13, Bot 1 +£0, Bot 2 +£13, Bot 3 −£1
Bot 1 built coal 2 at Coalbrookdale · card: Coalbrookdale
Bot 1 took a £30 loan (income −3 levels) · card: Coventry
haze eshwald linked Cannock–Farm Brewery (N) · card: cotton / manufacturer
haze eshwald built coal 3 at Cannock · card: Cannock
Bot 2 linked Stone–Stafford · card: Worcester
Bot 2 built coal 3 at Tamworth · card: Tamworth
Bot 3 linked Coalbrookdale–Kidderminster and Coalbrookdale–Shrewsbury · card: Birmingham
Bot 3 built coal 2 at Kidderminster · card: Kidderminster
Round 10 income, haze eshwald +£12, Bot 1 +£3, Bot 2 +£11, Bot 3 −£1
haze eshwald linked Birmingham–Redditch and Nuneaton–Coventry · card: Burton-upon-Trent
haze eshwald built brewery 3 at Coalbrookdale · card: Coalbrookdale
Bot 3 took a £30 loan (income −3 levels) · card: Coventry
Bot 3 linked Coventry–Birmingham · card: Belper
Bot 2 built coal 3 at Nuneaton · card: coal
Bot 2 linked Nuneaton–Birmingham and Birmingham–Dudley · card: Dudley
Bot 1 linked Tamworth–Birmingham and Birmingham–Walsall · card: iron
Bot 1 linked Burton-upon-Trent–Tamworth and Stone–Burton-upon-Trent · card: Dudley
Round 9 income, haze eshwald +£10, Bot 1 −£1, Bot 2 +£6, Bot 3 +£2
Bot 1 took a £30 loan (income −3 levels) · card: Stone
Bot 1 built coal 2 at Burton-upon-Trent · card: coal
Bot 2 took a £30 loan (income −3 levels) · card: Derby
Bot 2 built brewery 3 at Uttoxeter · card: Uttoxeter
Bot 3 linked Birmingham–Oxford · card: Stoke-on-Trent
Bot 3 linked Derby–Burton-upon-Trent and Derby–Nottingham · card: Birmingham
haze eshwald built brewery 2 at Stone · card: brewery
haze eshwald linked Uttoxeter–Stone and Derby–Uttoxeter · card: cotton / manufacturer
rail era begins: level-1 tiles and canal links removed, new deck dealt
canal era scored: haze eshwald +29 VP (29), Bot 1 +34 VP (34), Bot 2 +27 VP (27), Bot 3 +42 VP (42)
Round 8 income, haze eshwald +£4, Bot 1 +£2, Bot 2 +£9, Bot 3 +£0
haze eshwald took a £30 loan (income −3 levels) · card: brewery
haze eshwald took a £30 loan (income −3 levels) · card: Wolverhampton
Bot 2 built coal 2 at Cannock · card: Wild Industry
Bot 2 linked Stafford–Cannock · card: cotton / manufacturer
Bot 1 built manufacturer 3 at Walsall · card: cotton / manufacturer
Bot 1 linked Burton-upon-Trent–Walsall · card: Stone
Bot 3 built iron 2 at Derby · card: iron
Bot 3 linked Derby–Burton-upon-Trent · card: iron
Round 7 income, haze eshwald +£10, Bot 1 +£2, Bot 2 +£6, Bot 3 +£0
Bot 2 built coal 2 at Tamworth · card: coal
Bot 2 linked Tamworth–Nuneaton · card: coal
haze eshwald built coal 3 at Stone · card: Stone
haze eshwald built brewery 2 at Uttoxeter · card: Uttoxeter
Bot 3 took a £30 loan (income −3 levels) · card: pottery
Bot 3 linked Burton-upon-Trent–Tamworth · card: Cannock
Bot 1 sold at Birmingham (beer: Bot 1's brewery at Burton-upon-Trent) · card: cotton / manufacturer
Bot 1 built brewery 2 at Burton-upon-Trent · card: Burton-upon-Trent
Round 6 income, haze eshwald +£10, Bot 1 −£2, Bot 2 +£6, Bot 3 +£3
Bot 1 took a £30 loan (income −3 levels) · card: Kidderminster
Bot 1 developed brewery + brewery · card: Derby
Bot 3 linked Birmingham–Worcester · card: Belper
Bot 3 linked Tamworth–Birmingham · card: coal
Bot 2 sold at Redditch (beer: merchant at Gloucester) · card: Stoke-on-Trent
Bot 2 built manufacturer 2 at Redditch · card: cotton / manufacturer
haze eshwald built coal 2 at Coventry · card: Wild Industry
haze eshwald linked Coventry–Birmingham · card: brewery
Round 5 income, haze eshwald +£6, Bot 1 −£1, Bot 2 +£5, Bot 3 +£3
haze eshwald built coal 2 at Dudley · card: Wild Location
haze eshwald scouted for wild cards · cards: Belper, Tamworth, pottery
Bot 1 built iron 3 at Dudley · card: Wild Industry
Bot 1 linked Birmingham–Dudley · card: Coventry
Bot 2 sold at Birmingham (beer: Bot 2's brewery at Stafford) · card: pottery
Bot 2 built brewery 2 at Stafford · card: Stafford
Bot 3 sold at Worcester (beer: merchant at Gloucester), Birmingham (beer: merchant at Oxford) · card: Burton-upon-Trent
Bot 3 built cotton 1 at Worcester · card: cotton / manufacturer
Round 4 income, haze eshwald +£3, Bot 1 −£1, Bot 2 +£2, Bot 3 −£3
haze eshwald built iron 3 at Walsall · card: Walsall
haze eshwald linked Birmingham–Walsall · card: brewery
Bot 2 built manufacturer 2 at Birmingham · card: Wild Location
Bot 2 took a £30 loan (income −3 levels) · card: Uttoxeter
Bot 3 built manufacturer 2 at Birmingham · card: cotton / manufacturer
Bot 3 took a £30 loan (income −3 levels) · card: Derby
Bot 1 built manufacturer 2 at Birmingham · card: Wild Location
Bot 1 developed manufacturer + manufacturer · card: Cannock
