game over, winner: Bot 3
rail era scored: Dheirav Prakash +98 VP (110), Bot 1 +85 VP (117), Bot 2 +70 VP (88), Bot 3 +103 VP (143)
Bot 1 took a £30 loan (income −3 levels) · card: manufacturer / cotton
Bot 1 linked Birmingham–Tamworth · card: Stoke-on-Trent
Dheirav Prakash sold at Derby (beer: merchant at Gloucester), Stoke-on-Trent (beer: merchant at Gloucester), Stafford (beer: merchant at Gloucester), Wolverhampton (beer: merchant at Warrington) · card: iron
Dheirav Prakash built brewery 3 at Uttoxeter · card: wild_location
Bot 3 took a £30 loan (income −3 levels) · card: manufacturer / cotton
Bot 3 linked Belper–Leek and Dudley–Wolverhampton · card: Birmingham
Bot 2 linked Birmingham–Redditch · card: Worcester
Bot 2 built coal 2 at Tamworth · card: coal
Dheirav Prakash built manufacturer 5 at Stoke-on-Trent · card: wild_industry
Dheirav Prakash scouted for wild cards · card: Coventry
Bot 3 built brewery 3 at Brewery (N) · card: brewery
Bot 3 linked Cannock–Brewery (N) · card: Cannock
Bot 1 built pottery 3 at Belper · card: Belper
Bot 1 took a £30 loan (income −3 levels) · card: Birmingham
Bot 2 linked Birmingham–Oxford · card: Kidderminster
Bot 2 built iron 3 at Coventry · card: iron
Bot 2 linked Birmingham–Nuneaton · card: Derby
Bot 2 sold at Coventry (beer: merchant at Oxford) · card: Wolverhampton
Bot 3 built coal 4 at Belper · card: Belper
Bot 3 linked Cannock–Wolverhampton · card: Derby
Dheirav Prakash built manufacturer 4 at Wolverhampton · card: Wolverhampton
Dheirav Prakash built manufacturer 3 at Derby · card: wild_industry
Bot 1 linked Belper–Derby · card: brewery
Bot 1 linked Stoke-on-Trent–Warrington · card: iron
Bot 2 built pottery 1 at Coventry · card: pottery
Bot 2 took a £30 loan (income −3 levels) · card: Derby
Bot 3 linked Redditch–Oxford · card: brewery
Bot 3 built coal 4 at Redditch · card: Redditch
Bot 1 sold at Stoke-on-Trent (beer: merchant at Gloucester) · card: Dudley
Bot 1 built manufacturer 2 at Stoke-on-Trent · card: manufacturer / cotton
Dheirav Prakash developed manufacturer + pottery · card: Burton-on-Trent
Dheirav Prakash built iron 3 at Stoke-on-Trent · card: wild_location
Bot 3 sold at Leek (beer: merchant at Gloucester) · card: pottery
Bot 3 linked Gloucester–Redditch and Gloucester–Worcester · card: Uttoxeter
Bot 1 linked Leek–Stoke-on-Trent and Stoke-on-Trent–Stone · card: Stafford
Bot 1 took a £30 loan (income −3 levels) · card: Stoke-on-Trent
Bot 2 linked Birmingham–Coventry and Kidderminster–Worcester–Brewery (S) · card: Kidderminster
Bot 2 built coal 2 at Nuneaton · card: Nuneaton
Dheirav Prakash took a £30 loan (income −3 levels) · card: Uttoxeter
Dheirav Prakash built brewery 3 at Stone · card: Stone
Bot 3 built coal 3 at Wolverhampton · card: coal
Bot 3 linked Birmingham–Walsall and Walsall–Wolverhampton · card: Birmingham
Dheirav Prakash scouted for wild cards · card: Coalbrookdale
Dheirav Prakash built pottery 1 at Stafford · card: pottery
Bot 2 linked Tamworth–Walsall and Cannock–Walsall · card: Stoke-on-Trent
Bot 2 took a £30 loan (income −3 levels) · card: Leek
Bot 1 built brewery 3 at Walsall · card: Walsall
Bot 1 linked Coalbrookdale–Kidderminster and Coalbrookdale–Wolverhampton · card: manufacturer / cotton
Dheirav Prakash built coal 3 at Stone · card: Stone
Dheirav Prakash linked Stafford–Stone and Cannock–Stafford · card: manufacturer / cotton
Bot 2 sold at Nuneaton (beer: merchant at Nottingham) · card: Coventry
Bot 2 built iron 2 at Coventry · card: iron
Bot 1 took a £30 loan (income −3 levels) · card: Coalbrookdale
Bot 1 built brewery 2 at Coalbrookdale · card: brewery
Bot 3 built coal 3 at Cannock · card: Cannock
Bot 3 linked Burton-on-Trent–Cannock and Coalbrookdale–Shrewsbury · card: Worcester
Bot 2 linked Nuneaton–Tamworth and Coventry–Nuneaton · card: Burton-on-Trent
Bot 2 took a £30 loan (income −3 levels) · card: coal
Bot 1 linked Derby–Nottingham and Burton-on-Trent–Tamworth · card: Leek
Bot 1 took a £30 loan (income −3 levels) · card: brewery
Bot 3 took a £30 loan (income −3 levels) · card: Tamworth
Bot 3 built brewery 2 at Stafford · card: Stafford
Dheirav Prakash linked Burton-on-Trent–Derby and Burton-on-Trent–Stone · card: manufacturer / cotton
Dheirav Prakash linked Stone–Uttoxeter and Derby–Uttoxeter · card: manufacturer / cotton
canal era scored: Dheirav Prakash +12 VP (12), Bot 1 +32 VP (32), Bot 2 +15 VP (15), Bot 3 +40 VP (40)
Bot 1 sold at Coventry (beer: merchant at Gloucester) · card: manufacturer / cotton
Bot 1 linked Birmingham–Coventry · card: Stoke-on-Trent
Bot 3 sold at Cannock (beer: merchant at Gloucester) · card: manufacturer / cotton
Bot 3 linked Cannock–Walsall · card: iron
Dheirav Prakash developed manufacturer + manufacturer · card: Stafford
Dheirav Prakash took a £30 loan (income −3 levels) · card: Birmingham
Bot 2 linked Gloucester–Redditch · card: manufacturer / cotton
Bot 2 linked Gloucester–Worcester · card: Coventry
Bot 3 developed brewery + brewery · card: pottery
Bot 3 built manufacturer 2 at Cannock · card: Cannock
Bot 2 developed brewery + coal · card: Derby
Bot 2 took a £30 loan (income −3 levels) · card: Birmingham
Bot 1 linked Derby–Nottingham · card: Belper
Bot 1 built iron 3 at Derby · card: Derby
Dheirav Prakash built coal 2 at Burton-on-Trent · card: wild_industry
Dheirav Prakash linked Burton-on-Trent–Derby · card: Stoke-on-Trent
Bot 1 built coal 2 at Leek · card: Leek
Bot 1 took a £30 loan (income −3 levels) · card: coal
Bot 3 built iron 4 at Redditch · card: Redditch
Bot 3 linked Redditch–Oxford · card: pottery
Bot 2 built brewery 3 at Brewery (S) · card: brewery
Bot 2 linked Kidderminster–Worcester–Brewery (S) · card: Stone
Dheirav Prakash took a £30 loan (income −3 levels) · card: brewery
Dheirav Prakash built coal 2 at Stone · card: wild_location
Bot 1 built brewery 2 at Burton-on-Trent · card: Burton-on-Trent
Bot 1 developed brewery + brewery · card: Burton-on-Trent
Bot 3 built iron 3 at Dudley · card: Dudley
Bot 3 linked Dudley–Kidderminster · card: manufacturer / cotton
Bot 2 built brewery 2 at Stone · card: Stone
Bot 2 took a £30 loan (income −3 levels) · card: Coventry
Dheirav Prakash scouted for wild cards · card: brewery
Dheirav Prakash built brewery 2 at Uttoxeter · card: Uttoxeter
Bot 2 built brewery 2 at Uttoxeter · card: Uttoxeter
Bot 2 developed brewery + brewery · card: Cannock
Bot 1 developed coal + pottery · card: brewery
Bot 1 built pottery 1 at Stoke-on-Trent · card: Stoke-on-Trent
Dheirav Prakash built brewery 2 at Derby · card: Derby
Dheirav Prakash took a £30 loan (income −3 levels) · card: manufacturer / cotton
Bot 3 built coal 2 at Coalbrookdale · card: Coalbrookdale
Bot 3 built manufacturer 2 at Leek · card: Leek
Bot 1 took a £30 loan (income −3 levels) · card: Birmingham
Bot 1 built manufacturer 2 at Coventry · card: Coventry
Dheirav Prakash built iron 2 at Walsall · card: Walsall
Dheirav Prakash linked Walsall–Wolverhampton · card: coal
Bot 3 built iron 2 at Birmingham · card: iron
Bot 3 took a £30 loan (income −3 levels) · card: Wolverhampton
Bot 2 built manufacturer 2 at Nuneaton · card: Nuneaton
Bot 2 took a £30 loan (income −3 levels) · card: Dudley
Bot 3 built coal 1 at Kidderminster · card: Kidderminster
Bot 3 linked Birmingham–Oxford · card: pottery
Bot 2 linked Coalbrookdale–Kidderminster · card: Belper
Bot 2 linked Coalbrookdale–Wolverhampton · card: manufacturer / cotton
Dheirav Prakash developed brewery + brewery · card: coal
Dheirav Prakash built iron 1 at Coalbrookdale · card: Coalbrookdale
Bot 1 built iron 2 at Coalbrookdale · card: iron
Bot 1 linked Coalbrookdale–Shrewsbury · card: iron
Dheirav Prakash built coal 1 at Wolverhampton · card: Wolverhampton
Bot 3 developed iron + manufacturer · card: Kidderminster
Bot 2 developed iron + manufacturer · card: Coalbrookdale
Bot 1 developed iron + manufacturer · card: brewery
