game over, winner: Bot 3
rail era scored: Dheirav Prakash +110 VP (118), Bot 1 +93 VP (129), Bot 2 +93 VP (129), Bot 3 +113 VP (141)
Bot 1 built coal 4 at Leek · card: Leek
Bot 1 linked Leek–Stoke-on-Trent · card: manufacturer / cotton
Bot 3 sold at Cannock (beer: merchant at Oxford) · card: iron
Bot 3 built manufacturer 2 at Cannock · card: Cannock
Bot 2 linked Belper–Leek · card: manufacturer / cotton
Bot 2 took a £30 loan (income −3 levels) · card: pottery
Dheirav Prakash sold at Derby (beer: merchant at Gloucester), Stafford (beer: merchant at Gloucester), Worcester (beer: merchant at Gloucester), Birmingham (beer: merchant at Oxford) · card: Cannock
Dheirav Prakash built pottery 1 at Stafford · card: wild_location
Dheirav Prakash built brewery 3 at Brewery (N) · card: wild_industry
Dheirav Prakash scouted for wild cards · card: Walsall
Bot 3 sold at Belper (beer: merchant at Gloucester) · card: Stoke-on-Trent
Bot 3 built pottery 1 at Belper · card: pottery
Bot 1 linked Stoke-on-Trent–Warrington · card: pottery
Bot 1 built iron 4 at Coventry · card: iron
Bot 2 linked Dudley–Kidderminster · card: Birmingham
Bot 2 built coal 2 at Belper · card: Belper
Dheirav Prakash linked Gloucester–Worcester and Kidderminster–Worcester–Brewery (S) · card: iron
Dheirav Prakash built cotton 3 at Birmingham · card: Birmingham
Bot 3 linked Gloucester–Redditch and Redditch–Oxford · card: Stafford
Bot 3 built brewery 4 at Walsall · card: brewery
Bot 1 linked Cannock–Wolverhampton · card: Worcester
Bot 1 built coal 3 at Kidderminster · card: Kidderminster
Bot 2 linked Cannock–Stafford · card: brewery
Bot 2 linked Dudley–Wolverhampton · card: Burton-on-Trent
Dheirav Prakash took a £30 loan (income −3 levels) · card: Tamworth
Dheirav Prakash built cotton 3 at Worcester · card: Worcester
Bot 3 built coal 3 at Redditch · card: Redditch
Bot 3 linked Birmingham–Redditch · card: Derby
Bot 2 linked Birmingham–Worcester · card: Uttoxeter
Bot 2 linked Birmingham–Dudley · card: Belper
Bot 1 sold at Birmingham (beer: merchant at Shrewsbury) · card: Coalbrookdale
Bot 1 built manufacturer 2 at Birmingham · card: manufacturer / cotton
Dheirav Prakash built iron 3 at Dudley · card: Dudley
Dheirav Prakash built coal 3 at Dudley · card: Dudley
Bot 1 linked Birmingham–Tamworth · card: manufacturer / cotton
Bot 1 linked Coalbrookdale–Kidderminster · card: Coalbrookdale
Bot 3 built coal 3 at Coalbrookdale · card: Coalbrookdale
Bot 3 linked Belper–Derby · card: Burton-on-Trent
Bot 2 linked Coalbrookdale–Shrewsbury · card: manufacturer / cotton
Bot 2 built iron 2 at Coalbrookdale · card: iron
Bot 1 linked Coalbrookdale–Wolverhampton · card: Coventry
Bot 1 built coal 3 at Wolverhampton · card: Wolverhampton
Bot 2 took a £30 loan (income −3 levels) · card: Coventry
Bot 2 linked Tamworth–Walsall · card: Stone
Dheirav Prakash built cotton 2 at Derby · card: Derby
Dheirav Prakash developed cotton + cotton · card: Leek
Bot 3 built coal 2 at Tamworth · card: coal
Bot 3 linked Nuneaton–Tamworth · card: Derby
Bot 3 linked Coventry–Nuneaton · card: Kidderminster
Bot 3 built coal 2 at Nuneaton · card: Nuneaton
Dheirav Prakash linked Cannock–Brewery (N) · card: Birmingham
Dheirav Prakash built coal 3 at Coventry · card: Coventry
Bot 1 built coal 2 at Tamworth · card: coal
Bot 1 linked Birmingham–Coventry and Burton-on-Trent–Tamworth · card: manufacturer / cotton
Bot 2 linked Walsall–Wolverhampton · card: brewery
Bot 2 linked Cannock–Walsall and Burton-on-Trent–Cannock · card: manufacturer / cotton
Bot 3 built brewery 3 at Burton-on-Trent · card: brewery
Bot 3 linked Birmingham–Nuneaton and Burton-on-Trent–Derby · card: Stafford
Bot 2 took a £30 loan (income −3 levels) · card: brewery
Bot 2 linked Birmingham–Oxford and Birmingham–Walsall · card: manufacturer / cotton
Bot 1 built iron 3 at Stoke-on-Trent · card: Stoke-on-Trent
Bot 1 linked Burton-on-Trent–Stone and Stoke-on-Trent–Stone · card: Uttoxeter
Dheirav Prakash linked Stone–Uttoxeter and Stafford–Stone · card: Stone
Dheirav Prakash linked Derby–Nottingham and Derby–Uttoxeter · card: coal
canal era scored: Dheirav Prakash +8 VP (8), Bot 1 +32 VP (32), Bot 2 +36 VP (36), Bot 3 +28 VP (28)
Bot 3 took a £30 loan (income −3 levels) · card: manufacturer / cotton
Bot 3 linked Walsall–Wolverhampton · card: Coalbrookdale
Dheirav Prakash took a £30 loan (income −3 levels) · card: Burton-on-Trent
Dheirav Prakash took a £30 loan (income −3 levels) · card: Stoke-on-Trent
Bot 2 sold at Wolverhampton (beer: merchant at Shrewsbury) · card: coal
Bot 2 linked Coalbrookdale–Wolverhampton · card: Cannock
Bot 1 sold at Leek (beer: merchant at Warrington) · card: manufacturer / cotton
Bot 1 linked Leek–Stoke-on-Trent · card: brewery
Bot 2 linked Stafford–Stone · card: pottery
Bot 2 linked Coalbrookdale–Shrewsbury · card: Leek
Dheirav Prakash developed cotton + cotton · card: Dudley
Dheirav Prakash built coal 2 at Cannock · card: Cannock
Bot 3 linked Birmingham–Walsall · card: Birmingham
Bot 3 built brewery 3 at Uttoxeter · card: Uttoxeter
Bot 1 sold at Stoke-on-Trent (beer: merchant at Warrington) · card: Derby
Bot 1 linked Stoke-on-Trent–Warrington · card: Worcester
Bot 1 built coal 2 at Stone · card: Stone
Bot 1 took a £30 loan (income −3 levels) · card: Coalbrookdale
Bot 3 took a £30 loan (income −3 levels) · card: Stafford
Bot 3 built brewery 2 at Nuneaton · card: Nuneaton
Bot 2 built manufacturer 2 at Wolverhampton · card: Wolverhampton
Bot 2 took a £30 loan (income −3 levels) · card: Dudley
Dheirav Prakash built iron 2 at Walsall · card: iron
Dheirav Prakash linked Burton-on-Trent–Walsall · card: manufacturer / cotton
Bot 3 linked Derby–Nottingham · card: iron
Bot 3 built brewery 2 at Walsall · card: Walsall
Bot 1 developed coal + pottery · card: brewery
Bot 1 built pottery 1 at Stoke-on-Trent · card: Stoke-on-Trent
Dheirav Prakash took a £30 loan (income −3 levels) · card: manufacturer / cotton
Dheirav Prakash built brewery 2 at Derby · card: Derby
Bot 2 sold at Birmingham (beer: merchant at Oxford) · card: Redditch
Bot 2 built manufacturer 2 at Birmingham · card: manufacturer / cotton
Bot 3 developed brewery + brewery · card: coal
Bot 3 built iron 4 at Derby · card: Derby
Bot 1 took a £30 loan (income −3 levels) · card: Stone
Bot 1 built manufacturer 2 at Leek · card: Leek
Bot 2 built brewery 2 at Coalbrookdale · card: Coalbrookdale
Bot 2 took a £30 loan (income −3 levels) · card: brewery
Dheirav Prakash built brewery 2 at Stone · card: brewery
Dheirav Prakash linked Burton-on-Trent–Derby · card: Stoke-on-Trent
Bot 3 built iron 3 at Birmingham · card: Birmingham
Bot 3 developed coal + manufacturer · card: Tamworth
Bot 1 built brewery 2 at Uttoxeter · card: Uttoxeter
Bot 1 developed brewery + brewery · card: Wolverhampton
Bot 2 built brewery 2 at Stafford · card: Stafford
Bot 2 developed brewery + brewery · card: Belper
Dheirav Prakash linked Burton-on-Trent–Stone · card: Coventry
Dheirav Prakash took a £30 loan (income −3 levels) · card: manufacturer / cotton
Dheirav Prakash built coal 2 at Burton-on-Trent · card: Burton-on-Trent
Dheirav Prakash developed brewery + brewery · card: pottery
Bot 1 took a £30 loan (income −3 levels) · card: Kidderminster
Bot 1 built iron 2 at Coventry · card: iron
Bot 2 built coal 1 at Coventry · card: Coventry
Bot 2 linked Birmingham–Coventry · card: Kidderminster
Bot 3 built iron 2 at Birmingham · card: iron
Bot 3 built iron 1 at Birmingham · card: Birmingham
Bot 3 linked Birmingham–Oxford · card: coal
Dheirav Prakash developed coal + iron · card: brewery
Bot 1 developed iron + manufacturer · card: manufacturer / cotton
Bot 2 developed iron + manufacturer · card: Coventry
