game over, winner: Bot 1
rail era scored: haze eshwald +117 VP (129), Bot 1 +92 VP (135), Bot 2 +64 VP (84), Bot 3 +102 VP (124)
Bot 2 sold at Stoke-on-Trent (beer: 2 from Bot 1's brewery at Nuneaton) · card: brewery
Bot 2 linked Stoke-on-Trent–Leek · card: Worcester
Bot 1 built brewery 4 at Nuneaton · card: brewery
Bot 1 linked Cannock–Wolverhampton · card: cotton / manufacturer
Bot 3 linked Cannock–Walsall · card: cotton / manufacturer
Bot 3 built manufacturer 2 at Derby · card: cotton / manufacturer
haze eshwald linked Wolverhampton–Dudley · card: Coalbrookdale
haze eshwald linked Birmingham–Worcester and Redditch–Gloucester · card: Wild Industry
Round 15 income, haze eshwald +£16, Bot 1 +£19, Bot 2 +£11, Bot 3 +£13
Bot 3 sold at Coventry (beer: Bot 3's brewery at Uttoxeter) · card: Belper
Bot 3 built brewery 3 at Uttoxeter · card: brewery
Bot 2 built manufacturer 5 at Wolverhampton · card: Wolverhampton
Bot 2 developed manufacturer + pottery · card: Stafford
haze eshwald linked Walsall–Wolverhampton · card: Stone
haze eshwald linked Cannock–Farm Brewery (N) · card: Burton-upon-Trent
Bot 1 developed brewery + pottery · card: Stoke-on-Trent
Bot 1 built iron 4 at Walsall · card: Wild Location
Round 14 income, haze eshwald +£11, Bot 1 +£18, Bot 2 +£11, Bot 3 +£11
Bot 1 built coal 3 at Cannock · card: Wild Industry
Bot 1 scouted for wild cards · cards: Coventry, Tamworth, Derby
Bot 3 linked Birmingham–Dudley · card: Uttoxeter
Bot 3 built pottery 1 at Coventry · card: pottery
haze eshwald built coal 4 at Cannock · card: Wild Location
haze eshwald scouted for wild cards · cards: Coalbrookdale, iron, Birmingham
Bot 2 built coal 3 at Tamworth · card: Wild Industry
Bot 2 linked Tamworth–Birmingham · card: Dudley
Round 13 income, haze eshwald +£11, Bot 1 +£18, Bot 2 +£8, Bot 3 +£11
haze eshwald built iron 3 at Dudley · card: Wild Industry
haze eshwald built coal 3 at Dudley · card: Wild Location
Bot 2 sold at Stoke-on-Trent, Birmingham (beer: merchant at Nottingham), Birmingham (beer: merchant at Oxford) · card: Stafford
Bot 2 built manufacturer 3 at Stoke-on-Trent · card: cotton / manufacturer
Bot 3 linked Tamworth–Walsall and Tamworth–Nuneaton · card: Stoke-on-Trent
Bot 3 built coal 3 at Tamworth · card: Wild Location
Bot 1 linked Burton-upon-Trent–Cannock and Burton-upon-Trent–Tamworth · card: Burton-upon-Trent
Bot 1 built brewery 3 at Walsall · card: brewery
Round 12 income, haze eshwald +£8, Bot 1 +£17, Bot 2 +£4, Bot 3 +£9
Bot 1 linked Stafford–Cannock · card: Coventry
Bot 1 linked Birmingham–Walsall · card: Worcester
Bot 3 built iron 4 at Derby · card: Wild Industry
Bot 3 scouted for wild cards · cards: Cannock, cotton / manufacturer, cotton / manufacturer
Bot 2 built manufacturer 2 at Birmingham · card: cotton / manufacturer
Bot 2 took a £30 loan (income −3 levels) · card: Stoke-on-Trent
haze eshwald linked Birmingham–Redditch and Redditch–Oxford · card: iron
haze eshwald built coal 3 at Redditch · card: Redditch
Round 11 income, haze eshwald +£5, Bot 1 +£17, Bot 2 +£7, Bot 3 +£8
haze eshwald took a £30 loan (income −3 levels) · card: Uttoxeter
haze eshwald scouted for wild cards · cards: Kidderminster, Leek, Wolverhampton
Bot 1 sold at Stafford (beer: merchant at Warrington) · card: Walsall
Bot 1 built pottery 1 at Stafford · card: pottery
Bot 2 built coal 2 at Wolverhampton · card: Wild Location
Bot 2 scouted for wild cards · cards: Derby, Birmingham, iron
Bot 3 built coal 2 at Burton-upon-Trent · card: coal
Bot 3 linked Derby–Nottingham · card: Dudley
Round 10 income, haze eshwald +£8, Bot 1 +£15, Bot 2 +£3, Bot 3 +£5
Bot 3 linked Derby–Burton-upon-Trent and Stone–Burton-upon-Trent · card: coal
Bot 3 took a £30 loan (income −3 levels) · card: Cannock
haze eshwald linked Derby–Uttoxeter and Wolverhampton–Coalbrookdale · card: Kidderminster
haze eshwald built brewery 4 at Farm Brewery (S) · card: brewery
Bot 1 built coal 2 at Stone · card: Stone
Bot 1 linked Stone–Stafford and Uttoxeter–Stone · card: Coventry
Bot 2 linked Leek–Belper · card: pottery
Bot 2 linked Warrington–Stoke-on-Trent and Stoke-on-Trent–Stone · card: Nuneaton
Round 9 income, haze eshwald +£3, Bot 1 +£13, Bot 2 −£1, Bot 3 +£5
Bot 2 built manufacturer 2 at Birmingham · card: Birmingham
Bot 2 took a £30 loan (income −3 levels) · card: Leek
Bot 1 built iron 3 at Coalbrookdale · card: iron
Bot 1 built coal 2 at Nuneaton · card: coal
Bot 3 linked Nuneaton–Coventry and Coventry–Birmingham · card: Belper
Bot 3 built brewery 3 at Derby · card: Derby
haze eshwald linked Birmingham–Oxford and Nuneaton–Birmingham · card: Coalbrookdale
haze eshwald linked Coalbrookdale–Shrewsbury and Coalbrookdale–Kidderminster · card: cotton / manufacturer
rail era begins: level-1 tiles and canal links removed, new deck dealt
canal era scored: haze eshwald +12 VP (12), Bot 1 +43 VP (43), Bot 2 +17 VP (17), Bot 3 +22 VP (22)
Round 8 income, haze eshwald −£4, Bot 1 +£9, Bot 2 +£2, Bot 3 +£1
haze eshwald took a £30 loan (income −3 levels) · card: Birmingham
haze eshwald took a £30 loan (income −3 levels) · card: Birmingham
Bot 1 sold at Birmingham (beer: Bot 1's brewery at Nuneaton) · card: coal
Bot 1 built brewery 2 at Nuneaton · card: Nuneaton
Bot 3 took a £30 loan (income −3 levels) · card: cotton / manufacturer
Bot 3 linked Derby–Nottingham · card: Wolverhampton
Bot 2 built pottery 3 at Stoke-on-Trent · card: pottery
Bot 2 developed pottery · card: cotton / manufacturer
Round 7 income, haze eshwald +£2, Bot 1 +£6, Bot 2 +£2, Bot 3 +£4
Bot 1 built manufacturer 2 at Birmingham · card: cotton / manufacturer
Bot 1 linked Birmingham–Oxford · card: Birmingham
haze eshwald built brewery 3 at Uttoxeter · card: Uttoxeter
haze eshwald built brewery 3 at Stone · card: Stone
Bot 3 sold at Leek (beer: Bot 3's brewery at Uttoxeter) · card: Tamworth
Bot 3 built manufacturer 2 at Leek · card: Wild Location
Bot 2 linked Stoke-on-Trent–Leek · card: Stoke-on-Trent
Bot 2 took a £30 loan (income −3 levels) · card: coal
Round 6 income, haze eshwald +£2, Bot 1 +£6, Bot 2 +£5, Bot 3 +£1
Bot 2 sold at Stoke-on-Trent (beer: Bot 2's brewery at Burton-upon-Trent) · card: Leek
Bot 2 linked Warrington–Stoke-on-Trent · card: Cannock
Bot 3 built iron 3 at Coventry · card: Wild Industry
Bot 3 scouted for wild cards · cards: Walsall, brewery, brewery
Bot 1 sold at Worcester (beer: Bot 1's brewery at Stafford) · card: Derby
Bot 1 built brewery 2 at Stafford · card: Stafford
haze eshwald built brewery 2 at Farm Brewery (S) · card: brewery
haze eshwald took a £30 loan (income −3 levels) · card: Burton-upon-Trent
Round 5 income, haze eshwald +£0, Bot 1 +£1, Bot 2 −£1, Bot 3 −£1
haze eshwald linked Kidderminster–Worcester · card: coal
haze eshwald built coal 2 at Kidderminster · card: Kidderminster
Bot 2 built brewery 2 at Burton-upon-Trent · card: Burton-upon-Trent
Bot 2 built pottery 1 at Stoke-on-Trent · card: Stoke-on-Trent
Bot 1 built cotton 1 at Worcester · card: cotton / manufacturer
Bot 1 took a £30 loan (income −3 levels) · card: Belper
Bot 3 built brewery 2 at Uttoxeter · card: Uttoxeter
Bot 3 built cotton 1 at Derby · card: Derby
Round 4 income, haze eshwald +£0, Bot 1 +£4, Bot 2 −£1, Bot 3 −£1
Bot 2 took a £30 loan (income −3 levels) · card: Stafford
Bot 2 built coal 2 at Leek · card: Leek
haze eshwald built brewery 2 at Coalbrookdale · card: Coalbrookdale
haze eshwald developed brewery + brewery · card: cotton / manufacturer
Bot 3 took a £30 loan (income −3 levels) · card: Belper
Bot 3 developed brewery + brewery · card: Dudley
Bot 1 linked Worcester–Gloucester · card: Derby
Bot 1 developed brewery + brewery · card: Wolverhampton
