Log & chat
game over, winner: Dheirav Prakash
rail era scored: Dheirav Prakash +117 VP (147), Bot 1 +70 VP (99), Bot 2 +105 VP (146), Bot 3 +90 VP (110)
Bot 3 sold at Wolverhampton, Leek (beer: merchant at Gloucester) · card: coal
Bot 3 built manufacturer 4 at Leek · card: cotton / manufacturer
Bot 2 sold at Cannock (beer: merchant at Nottingham) · card: cotton / manufacturer
Bot 2 built manufacturer 2 at Cannock · card: cotton / manufacturer
Dheirav Prakash sold at Stoke-on-Trent (beer: Dheirav Prakash's brewery at Farm Brewery (S)) · card: Wild Industry
Dheirav Prakash built manufacturer 2 at Stoke-on-Trent · card: Wild Location
Bot 1 built cotton 3 at Worcester · card: Wild Industry
Bot 1 linked Worcester–Gloucester · card: cotton / manufacturer
Round 15 income, Dheirav Prakash +£12, Bot 1 +£2, Bot 2 +£10, Bot 3 +£14
Bot 2 took a £30 loan (income −3 levels) · card: Stoke-on-Trent
Bot 2 built coal 3 at Leek · card: Leek
Dheirav Prakash scouted for wild cards · cards: Coalbrookdale, coal, Burton-upon-Trent
Dheirav Prakash built coal 3 at Cannock · card: Cannock
Bot 3 linked Leek–Belper and Stoke-on-Trent–Leek · card: Coventry
Bot 3 built manufacturer 3 at Wolverhampton · card: Wolverhampton
Bot 1 took a £30 loan (income −3 levels) · card: cotton / manufacturer
Bot 1 linked Redditch–Oxford · card: cotton / manufacturer
Round 14 income, Dheirav Prakash +£9, Bot 1 +£5, Bot 2 +£13, Bot 3 +£14
Dheirav Prakash built brewery 3 at Farm Brewery (S) · card: brewery
Dheirav Prakash linked Kidderminster–Worcester · card: Cannock
Bot 2 linked Wolverhampton–Dudley and Dudley–Kidderminster · card: Uttoxeter
Bot 2 linked Cannock–Walsall and Stafford–Cannock · card: Kidderminster
Bot 3 took a £30 loan (income −3 levels) · card: Birmingham
Bot 3 built coal 4 at Dudley · card: Dudley
Bot 1 built manufacturer 2 at Burton-upon-Trent · card: Wild Location
Bot 1 scouted for wild cards · cards: Nuneaton, iron, iron
Round 13 income, Dheirav Prakash +£9, Bot 1 +£5, Bot 2 +£13, Bot 3 +£13
Bot 3 built brewery 3 at Derby · card: brewery
Bot 3 built coal 4 at Kidderminster · card: Kidderminster
Bot 1 sold at Birmingham (beer: Bot 2's brewery at Stafford), Coventry (beer: Bot 2's brewery at Stafford) · card: Redditch
Bot 1 built manufacturer 2 at Birmingham · card: cotton / manufacturer
Dheirav Prakash built iron 4 at Stoke-on-Trent · card: Stoke-on-Trent
Dheirav Prakash linked Stoke-on-Trent–Stone and Coalbrookdale–Kidderminster · card: Belper
Bot 2 built brewery 3 at Stafford · card: brewery
Bot 2 built iron 4 at Coventry · card: Coventry
Round 12 income, Dheirav Prakash +£6, Bot 1 +£2, Bot 2 +£11, Bot 3 +£11
Dheirav Prakash built coal 3 at Stone · card: Stone
Dheirav Prakash took a £30 loan (income −3 levels) · card: Burton-upon-Trent
Bot 2 sold at Belper (beer: merchant at Shrewsbury), Stafford (beer: merchant at Gloucester) · card: Leek
Bot 2 built pottery 2 at Stafford · card: Stafford
Bot 1 built pottery 1 at Coventry · card: Coventry
Bot 1 took a £30 loan (income −3 levels) · card: Birmingham
Bot 3 linked Birmingham–Worcester and Nuneaton–Birmingham · card: pottery
Bot 3 linked Tamworth–Nuneaton and Nuneaton–Coventry · card: iron
Round 11 income, Dheirav Prakash +£6, Bot 1 +£5, Bot 2 +£8, Bot 3 +£6
Bot 3 built brewery 2 at Nuneaton · card: brewery
Bot 3 took a £30 loan (income −3 levels) · card: Dudley
Dheirav Prakash linked Coalbrookdale–Shrewsbury and Stone–Stafford · card: cotton / manufacturer
Dheirav Prakash built brewery 3 at Stone · card: Stone
Bot 2 built pottery 1 at Belper · card: pottery
Bot 2 built coal 2 at Belper · card: Belper
Bot 1 linked Belper–Derby · card: Stafford
Bot 1 linked Birmingham–Redditch and Redditch–Gloucester · card: Derby
Round 10 income, Dheirav Prakash +£2, Bot 1 +£5, Bot 2 +£4, Bot 3 +£7
Dheirav Prakash took a £30 loan (income −3 levels) · card: brewery
Dheirav Prakash linked Uttoxeter–Stone and Stone–Burton-upon-Trent · card: Derby
Bot 2 linked Burton-upon-Trent–Tamworth and Derby–Burton-upon-Trent · card: Worcester
Bot 2 took a £30 loan (income −3 levels) · card: Wolverhampton
Bot 3 built brewery 2 at Derby · card: Derby
Bot 3 built coal 3 at Tamworth · card: Tamworth
Bot 1 linked Tamworth–Birmingham and Birmingham–Dudley · card: iron
Bot 1 took a £30 loan (income −3 levels) · card: Worcester
Round 9 income, Dheirav Prakash +£5, Bot 1 +£5, Bot 2 +£7, Bot 3 +£0
Bot 1 built brewery 2 at Uttoxeter · card: Uttoxeter
Bot 1 sold at Birmingham (beer: merchant at Oxford) · card: Coalbrookdale
Dheirav Prakash linked Birmingham–Oxford and Tamworth–Walsall · card: coal
Dheirav Prakash linked Walsall–Wolverhampton and Wolverhampton–Coalbrookdale · card: pottery
Bot 2 built brewery 3 at Coalbrookdale · card: Coalbrookdale
Bot 2 linked Derby–Nottingham and Derby–Uttoxeter · card: Walsall
Bot 3 linked Birmingham–Walsall · card: Stoke-on-Trent
Bot 3 linked Coventry–Birmingham · card: Birmingham
rail era begins: level-1 tiles and canal links removed, new deck dealt
canal era scored: Dheirav Prakash +30 VP (30), Bot 1 +29 VP (29), Bot 2 +34 VP (34), Bot 3 +17 VP (20)
Round 8 income, Dheirav Prakash +£3, Bot 1 +£3, Bot 2 +£1, Bot 3 −£7
Bot 3 took a £30 loan (income −3 levels) · card: brewery
Bot 3 sold at Birmingham (beer: Dheirav Prakash's brewery at Walsall) · card: brewery
Bot 2 linked Burton-upon-Trent–Tamworth · card: cotton / manufacturer
Bot 2 took a £30 loan (income −3 levels) · card: brewery
Dheirav Prakash took a £30 loan (income −3 levels) · card: Stafford
Dheirav Prakash built coal 2 at Redditch · card: Redditch
Bot 1 built cotton 3 at Birmingham · card: Wild Industry
Bot 1 developed cotton · card: cotton / manufacturer
Round 7 income, Dheirav Prakash −£2, Bot 1 +£3, Bot 2 +£4, Bot 3 −£5
Bot 1 developed cotton + cotton · card: Stone
Bot 1 linked Coventry–Birmingham · card: pottery
Bot 2 built coal 2 at Wolverhampton · card: Wolverhampton
Bot 2 developed cotton + cotton · card: Stone
Dheirav Prakash built brewery 2 at Uttoxeter · card: Uttoxeter
Dheirav Prakash took a £30 loan (income −3 levels) · card: Kidderminster
Bot 3 linked Birmingham–Oxford · card: Stoke-on-Trent
Bot 3 built manufacturer 2 at Birmingham · card: Birmingham
Round 6 income, Dheirav Prakash +£1, Bot 1 +£2, Bot 2 +£3, Bot 3 −£5
Dheirav Prakash built brewery 2 at Walsall · card: brewery
Dheirav Prakash linked Birmingham–Walsall · card: Kidderminster
Bot 3 developed brewery + brewery · card: pottery
Bot 3 sold at Belper (beer: merchant at Nottingham) · card: Stoke-on-Trent
Bot 1 developed cotton + cotton · card: iron
Bot 1 built iron 4 at Derby · card: Derby
Bot 2 built iron 3 at Walsall · card: Walsall
Bot 2 linked Burton-upon-Trent–Walsall · card: Stoke-on-Trent
Round 5 income, Dheirav Prakash +£1, Bot 1 +£2, Bot 2 +£3, Bot 3 −£6
Bot 2 linked Derby–Burton-upon-Trent · card: Dudley
Bot 2 sold at Derby (beer: Bot 2's brewery at Burton-upon-Trent) · card: brewery
Bot 3 built manufacturer 2 at Belper · card: Belper
Bot 3 took a £30 loan (income −3 levels) · card: Coalbrookdale
Dheirav Prakash built iron 3 at Dudley · card: iron
Dheirav Prakash linked Birmingham–Dudley · card: cotton / manufacturer
Bot 1 took a £30 loan (income −3 levels) · card: Stafford
Bot 1 developed brewery + brewery · card: Coventry
Round 4 income, Dheirav Prakash +£0, Bot 1 +£5, Bot 2 −£1, Bot 3 −£3
Bot 1 built coal 1 at Belper · card: Belper
Bot 1 linked Belper–Derby · card: Worcester
Bot 3 developed iron + manufacturer · card: Coventry
Bot 3 built coal 3 at Nuneaton · card: Nuneaton
Bot 2 built brewery 2 at Burton-upon-Trent · card: Burton-upon-Trent
Bot 2 built manufacturer 2 at Derby · card: Derby
Dheirav Prakash built iron 2 at Birmingham · card: iron
Dheirav Prakash linked Tamworth–Birmingham · card: pottery
