game over, winner: Dheirav
rail era scored: Dheirav +117 VP (130), Bot 1 +68 VP (96), Bot 2 +89 VP (109), Bot 3 +66 VP (104)
Dheirav sold at Derby (beer: merchant at Gloucester), Worcester (beer: merchant at Oxford) · card: Cannock
Dheirav built cotton 2 at Derby · card: Derby
Bot 2 took a £30 loan (income −3 levels) · card: Worcester
Bot 2 took a £30 loan (income −3 levels) · card: coal
Bot 1 took a £30 loan (income −3 levels) · card: iron
Bot 1 took a £30 loan (income −3 levels) · card: Birmingham
Bot 3 linked Dudley–Kidderminster · card: Wolverhampton
Bot 3 linked Kidderminster–Worcester–Brewery (S) · card: Birmingham
Dheirav linked Gloucester–Worcester · card: brewery
Dheirav built cotton 2 at Worcester · card: Worcester
Bot 3 linked Leek–Stoke-on-Trent · card: Dudley
Bot 3 took a £30 loan (income −3 levels) · card: Burton-on-Trent
Bot 1 linked Dudley–Wolverhampton · card: cotton / manufacturer
Bot 1 linked Redditch–Oxford · card: Wolverhampton
Bot 2 sold at Birmingham (beer: merchant at Oxford) · card: Leek
Bot 2 built manufacturer 2 at Birmingham · card: cotton / manufacturer
Bot 2 linked Birmingham–Worcester · card: Belper
Bot 2 sold at Coventry (beer: merchant at Warrington) · card: brewery
Dheirav developed cotton + cotton · card: coal
Dheirav built coal 4 at Tamworth · card: Tamworth
Bot 3 built coal 4 at Kidderminster · card: Kidderminster
Bot 3 sold at Stoke-on-Trent (beer: merchant at Gloucester), Stafford (beer: merchant at Warrington) · card: Coventry
Bot 1 linked Gloucester–Redditch · card: Derby
Bot 1 linked Birmingham–Redditch · card: brewery
Dheirav built coal 3 at Redditch · card: Redditch
Dheirav built iron 2 at Derby · card: iron
Bot 3 linked Stoke-on-Trent–Warrington · card: Kidderminster
Bot 3 built pottery 2 at Stoke-on-Trent · card: Stoke-on-Trent
Bot 1 took a £30 loan (income −3 levels) · card: Coventry
Bot 1 linked Belper–Leek · card: iron
Bot 2 built pottery 1 at Coventry · card: pottery
Bot 2 took a £30 loan (income −3 levels) · card: Coventry
Bot 1 linked Cannock–Wolverhampton · card: Dudley
Bot 1 linked Birmingham–Tamworth · card: Stafford
Bot 3 built coal 3 at Nuneaton · card: Nuneaton
Bot 3 linked Nuneaton–Tamworth · card: iron
Bot 2 linked Cannock–Stafford · card: Stone
Bot 2 linked Birmingham–Dudley · card: Coalbrookdale
Dheirav built coal 3 at Belper · card: Belper
Dheirav linked Derby–Nottingham and Belper–Derby · card: Uttoxeter
Bot 2 linked Stafford–Stone and Coventry–Nuneaton · card: Uttoxeter
Bot 2 took a £30 loan (income −3 levels) · card: Leek
Dheirav built brewery 4 at Brewery (N) · card: brewery
Dheirav linked Cannock–Brewery (N) · card: Coalbrookdale
Bot 3 built pottery 1 at Stafford · card: Stafford
Bot 3 took a £30 loan (income −3 levels) · card: Birmingham
Bot 1 built coal 3 at Cannock · card: Cannock
Bot 1 linked Birmingham–Oxford and Stoke-on-Trent–Stone · card: Stone
Dheirav linked Burton-on-Trent–Derby and Derby–Uttoxeter · card: coal
Dheirav built brewery 3 at Derby · card: Derby
Bot 1 took a £30 loan (income −3 levels) · card: cotton / manufacturer
Bot 1 sold at Uttoxeter (beer: merchant at Shrewsbury) · card: cotton / manufacturer
Bot 3 built coal 2 at Burton-on-Trent · card: Burton-on-Trent
Bot 3 linked Birmingham–Coventry · card: Stoke-on-Trent
Bot 2 linked Birmingham–Walsall and Birmingham–Nuneaton · card: pottery
Bot 2 linked Coalbrookdale–Kidderminster and Walsall–Wolverhampton · card: cotton / manufacturer
Bot 3 took a £30 loan (income −3 levels) · card: Walsall
Bot 3 linked Cannock–Walsall and Tamworth–Walsall · card: Stoke-on-Trent
Bot 1 built brewery 2 at Uttoxeter · card: brewery
Bot 1 built iron 4 at Coalbrookdale · card: Coalbrookdale
Bot 2 took a £30 loan (income −3 levels) · card: cotton / manufacturer
Bot 2 linked Coalbrookdale–Shrewsbury and Coalbrookdale–Wolverhampton · card: cotton / manufacturer
Dheirav linked Stone–Uttoxeter and Burton-on-Trent–Cannock · card: pottery
Dheirav linked Burton-on-Trent–Tamworth and Burton-on-Trent–Stone · card: cotton / manufacturer
canal era scored: Dheirav +13 VP (13), Bot 1 +24 VP (24), Bot 2 +20 VP (20), Bot 3 +38 VP (38)
Dheirav took a £30 loan (income −3 levels) · card: Stafford
Dheirav took a £30 loan (income −3 levels) · card: wild_industry
Bot 1 sold at Stone (beer: merchant at Oxford) · card: cotton / manufacturer
Bot 1 linked Stafford–Stone · card: Uttoxeter
Bot 3 linked Birmingham–Tamworth · card: cotton / manufacturer
Bot 3 linked Burton-on-Trent–Walsall · card: Cannock
Bot 2 sold at Stafford (beer: merchant at Oxford) · card: cotton / manufacturer
Bot 2 linked Cannock–Stafford · card: Derby
Bot 3 linked Cannock–Walsall · card: Leek
Bot 3 developed brewery + brewery · card: Dudley
Bot 1 linked Coalbrookdale–Shrewsbury · card: Worcester
Bot 1 built coal 2 at Coalbrookdale · card: Coalbrookdale
Bot 2 built coal 2 at Dudley · card: Dudley
Bot 2 took a £30 loan (income −3 levels) · card: coal
Dheirav took a £30 loan (income −3 levels) · card: Stoke-on-Trent
Dheirav built brewery 3 at Nuneaton · card: Nuneaton
Dheirav built coal 2 at Tamworth · card: wild_location
Dheirav scouted for wild cards · card: Stoke-on-Trent
Bot 1 built manufacturer 2 at Stone · card: Stone
Bot 1 took a £30 loan (income −3 levels) · card: brewery
Bot 2 built brewery 2 at Walsall · card: brewery
Bot 2 linked Walsall–Wolverhampton · card: pottery
Bot 3 built iron 4 at Walsall · card: Walsall
Bot 3 linked Birmingham–Walsall · card: Stoke-on-Trent
Bot 1 built coal 2 at Leek · card: Leek
Bot 1 developed brewery + coal · card: Coalbrookdale
Bot 2 built coal 2 at Wolverhampton · card: Wolverhampton
Bot 2 took a £30 loan (income −3 levels) · card: Redditch
Bot 3 took a £30 loan (income −3 levels) · card: coal
Bot 3 built coal 2 at Cannock · card: Cannock
Dheirav built brewery 2 at Stone · card: Stone
Dheirav built coal 2 at Coventry · card: Coventry
Bot 1 built brewery 1 at Derby · card: Derby
Bot 1 built iron 3 at Birmingham · card: Birmingham
Bot 2 built brewery 2 at Coalbrookdale · card: Coalbrookdale
Bot 2 developed brewery + brewery · card: Coventry
Bot 3 sold at Birmingham (beer: merchant at Oxford) · card: Tamworth
Bot 3 built manufacturer 2 at Birmingham · card: Birmingham
Dheirav built brewery 2 at Burton-on-Trent · card: Burton-on-Trent
Dheirav linked Burton-on-Trent–Derby · card: brewery
Bot 1 built manufacturer 2 at Uttoxeter · card: Uttoxeter
Bot 1 took a £30 loan (income −3 levels) · card: Wolverhampton
Dheirav developed brewery + cotton · card: cotton / manufacturer
Dheirav developed brewery + coal · card: Burton-on-Trent
Bot 2 built manufacturer 2 at Stafford · card: Stafford
Bot 2 took a £30 loan (income −3 levels) · card: brewery
Bot 3 built iron 3 at Coventry · card: iron
Bot 3 took a £30 loan (income −3 levels) · card: iron
Bot 3 linked Birmingham–Coventry · card: iron
Bot 3 developed coal + iron · card: Birmingham
Bot 1 built iron 2 at Birmingham · card: iron
Bot 1 linked Birmingham–Oxford · card: Kidderminster
Bot 2 built coal 1 at Belper · card: Belper
Bot 2 linked Belper–Derby · card: Kidderminster
Dheirav built iron 1 at Derby · card: Derby
Dheirav linked Derby–Nottingham · card: brewery
Bot 3 developed iron + manufacturer · card: coal
Dheirav took a £30 loan (income −3 levels) · card: pottery
Bot 1 developed iron + manufacturer · card: cotton / manufacturer
Bot 2 developed iron + manufacturer · card: Coventry
